found external potential parameters 1 
found external potential parameters 4 
setting constrained list file constrains
Building protein from sequence: ABCDEFGHIGKLMNGPQRSTGVWGYZ.
Building protein from sequence: ABCDEFGHIGKLMNGPQRSTGVWGYZ (26 amino acids, 1 chains).
ABCDEFGHIGKLMNGPQRSTGVWGYZ 26
Building protein from sequence: pldkpal.
Building protein from sequence: pldkpal (7 amino acids, 1 chains).
pldkpal 7
AD Grid maps initialisation finished 
1marking constrained amino acids from file constrains
Constraining amino acids: 1
WARNING! Contact map file 'NULL' given, so no bias interactions will be calculated.
0 0 0 0 0 0 0  aaa 1 99999 
 aaa 2 99999 
 aaa 3 99999 
 aaa 4 99999 
 aaa 5 99999 
 aaa 6 99999 
 aaa 7 99999 
SS Energy diag offdiag 699993 99999 99999 99999 99999 99999 99999 99999 
699993 
0 124.165 
0 -0.163793 1.76105 
0 -0.0417095 -0.201826 1.83491 
0 0 0.156598 -0.192534 1.7598 
0 0 -0.000521245 -0.0840894 95.7339 1.77843 
0 0 0 0 -0.0363147 -0.165288 2.81203 
0 0 0 0 0 -0.037581 -0.169295 0.733051 
initial transmutate APLDKPAL 
transmutate!!! 13.855 98.244 17.426
transmutate!!! 13.855 98.244 17.426
begin run with pace 1 stretch 800 
699993 99999 99999 99999 99999 99999 99999 99999 
699993 
0 124.165 
0 -0.163793 1.76105 
0 -0.0417095 -0.201826 1.83491 
0 0 0.156598 -0.192534 1.7598 
0 0 -0.000521245 -0.0840894 95.7339 1.77843 
0 0 0 0 -0.0363147 -0.165288 2.81203 
0 0 0 0 0 -0.037581 -0.169295 0.733051 
creating MC move lookup table.
Sequence:    PLDKPAL
Fixed:              
Constrained: x      
Chain:       1111111
len 1 bonds, Nchains 1:*0 x1 x2 x3 x4 x5 x6 x7 8+0 != (8-1+(1-0)*1

len 2 bonds, Nchains 1:*0 x1 x2 x3 x4 x5 x6 7+0 != (8-1+(1-1)*1
-1 
len 3 bonds, Nchains 1:*0 x1 x2 x3 x4 x5 6+0 != (8-1+(1-2)*1
-1 -1 
len 4 bonds, Nchains 1:*0 x1 x2 x3 x4 5+0 != (8-1+(1-3)*1
-1 -1 -1 
swap in best curr 159.029 swap 9999 best 99999
swap in best curr 143.439 swap 9999 best 159.029
swap between best curr 142.405 swap 159.029 best 142.405
swap between best curr 136.916 swap 142.405 best 136.916
swap between best curr 126.212 swap 136.916 best 126.212
swap between best curr 111.549 swap 126.212 best 111.549
swap between best curr 102.831 swap 111.549 best 102.831
swap between best curr 96.1922 swap 102.831 best 96.1922
swap between best curr 83.2516 swap 96.1922 best 83.2516
swap between best curr 76.0894 swap 83.2516 best 76.0894
swap between best curr 71.2397 swap 76.0894 best 71.2397
swap between best curr 69.6285 swap 71.2397 best 69.6285
swap between best curr 68.5607 swap 69.6285 best 68.5607
swap between best curr 67.3432 swap 68.5607 best 67.3432
swap between best curr 65.9746 swap 67.3432 best 65.9746
swap between best curr 65.5642 swap 65.9746 best 65.5642
swap between best curr 63.3 swap 65.5642 best 63.3
swap between best curr 63.1309 swap 63.3 best 63.1309
swap between best curr 62.7366 swap 63.1309 best 62.7366
swap between best curr 61.1592 swap 62.7366 best 61.1592
swap between best curr 60.9991 swap 61.1592 best 60.9991
swap between best curr 55.7601 swap 60.9991 best 55.7601
swap between best curr 47.9472 swap 55.7601 best 47.9472
swap between best curr 47.7358 swap 47.9472 best 47.7358
swap between best curr 46.6997 swap 47.7358 best 46.6997
swap between best curr 46.4384 swap 46.6997 best 46.4384
swap between best curr 46.3377 swap 46.4384 best 46.3377
swap between best curr 45.9743 swap 46.3377 best 45.9743
swap between best curr 45.6991 swap 45.9743 best 45.6991
swap between best curr 45.3479 swap 45.6991 best 45.3479
swap between best curr 44.8136 swap 45.3479 best 44.8136
swap between best curr 43.0708 swap 44.8136 best 43.0708
swap between best curr 42.8307 swap 43.0708 best 42.8307
swap between best curr 42.8131 swap 42.8307 best 42.8131
swap between best curr 42.7529 swap 42.8131 best 42.7529
swap between best curr 41.2348 swap 42.7529 best 41.2348
swap between best curr 40.7246 swap 41.2348 best 40.7246
swap between best curr 40.6551 swap 40.7246 best 40.6551
swap between best curr 40.1877 swap 40.6551 best 40.1877
swap between best curr 39.8067 swap 40.1877 best 39.8067
swap between best curr 38.8054 swap 39.8067 best 38.8054
swap between best curr 37.3422 swap 38.8054 best 37.3422
swap between best curr 36.4681 swap 37.3422 best 36.4681
swap between best curr 28.5566 swap 36.4681 best 28.5566
swap between best curr 28.106 swap 28.5566 best 28.106
swap between best curr 27.8698 swap 28.106 best 27.8698
swap between best curr 27.3572 swap 27.8698 best 27.3572
swap between best curr 26.2277 swap 27.3572 best 26.2277
swap between best curr 25.9402 swap 26.2277 best 25.9402
swap between best curr 25.4727 swap 25.9402 best 25.4727
swap between best curr 25.0921 swap 25.4727 best 25.0921
swap between best curr 24.5887 swap 25.0921 best 24.5887
swap between best curr 24.3153 swap 24.5887 best 24.3153
swap between best curr 24.0857 swap 24.3153 best 24.0857
swap between best curr 24.0431 swap 24.0857 best 24.0431
swap between best curr 23.875 swap 24.0431 best 23.875
swap between best curr 23.3838 swap 23.875 best 23.3838
swap between best curr 22.3806 swap 23.3838 best 22.3806
swap between best curr 22.2236 swap 22.3806 best 22.2236
swap between best curr 21.8093 swap 22.2236 best 21.8093
swap between best curr 21.6276 swap 21.8093 best 21.6276
swap between best curr 21.2988 swap 21.6276 best 21.2988
swap between best curr 21.1694 swap 21.2988 best 21.1694
swap between best curr 19.588 swap 21.1694 best 19.588
swap between best curr 19.2731 swap 19.588 best 19.2731
swap between best curr 19.2086 swap 19.2731 best 19.2086
swap between best curr 18.4686 swap 19.2086 best 18.4686
swap between best curr 18.2449 swap 18.4686 best 18.2449
swap between best curr 14.5899 swap 18.2449 best 14.5899
swap between best curr 11.7613 swap 14.5899 best 11.7613
swap between best curr 9.19307 swap 11.7613 best 9.19307
swap between best curr 8.82286 swap 9.19307 best 8.82286
swap between best curr 8.54498 swap 8.82286 best 8.54498
swap between best curr 8.44345 swap 8.54498 best 8.44345
swap between best curr 7.93713 swap 8.44345 best 7.93713
swap between best curr 7.78064 swap 7.93713 best 7.78064
swap between best curr 7.62282 swap 7.78064 best 7.62282
swap between best curr 7.56445 swap 7.62282 best 7.56445
swap between best curr 7.41575 swap 7.56445 best 7.41575
swap between best curr 7.31144 swap 7.41575 best 7.31144
swap between best curr 7.23032 swap 7.31144 best 7.23032
swap between best curr 7.21336 swap 7.23032 best 7.21336
swap between best curr 6.97254 swap 7.21336 best 6.97254
swap between best curr 6.22071 swap 6.97254 best 6.22071
swap between best curr 6.10697 swap 6.22071 best 6.10697
swap between best curr 5.59944 swap 6.10697 best 5.59944
swap between best curr 5.57126 swap 5.59944 best 5.57126
swap between best curr 5.37744 swap 5.57126 best 5.37744
swap between best curr 5.15253 swap 5.37744 best 5.15253
swap between best curr 5.0494 swap 5.15253 best 5.0494
swap between best curr 4.98477 swap 5.0494 best 4.98477
swap between best curr 3.69817 swap 4.98477 best 3.69817
swap between best curr 3.69174 swap 3.69817 best 3.69174
swap between best curr 3.67669 swap 3.69174 best 3.67669
swap between best curr 3.405 swap 3.67669 best 3.405
swap between best curr 2.00551 swap 3.405 best 2.00551
swap between best curr 1.87726 swap 2.00551 best 1.87726
swap between best curr 1.68558 swap 1.87726 best 1.68558
swap between best curr 0.991669 swap 1.68558 best 0.991669
swap between best curr 0.972159 swap 0.991669 best 0.972159
swap between best curr 0.927018 swap 0.972159 best 0.927018
swap between best curr 0.87203 swap 0.927018 best 0.87203
swap between best curr 0.761216 swap 0.87203 best 0.761216
swap between best curr 0.68855 swap 0.761216 best 0.68855
swap between best curr 0.679385 swap 0.68855 best 0.679385
swap between best curr 0.562393 swap 0.679385 best 0.562393
swap between best curr 0.234341 swap 0.562393 best 0.234341
swap between best curr -0.512636 swap 0.234341 best -0.512636
totalE 20.274788 extE -7.441777 
swap between best curr -0.675511 swap -0.512636 best -0.675511
totalE 20.381490 extE -7.694511 
swap between best curr -0.863969 swap -0.675511 best -0.863969
totalE 18.940689 extE -7.465522 
swap between best curr -0.896193 swap -0.863969 best -0.896193
totalE 18.908466 extE -7.497745 
swap between best curr -1.12533 swap -0.896193 best -1.12533
totalE 17.991059 extE -7.497455 
swap between best curr -1.83927 swap -1.12533 best -1.83927
totalE 16.381939 extE -7.913008 
swap between best curr -2.14227 swap -1.83927 best -2.14227
totalE 17.271842 extE -8.613640 
swap between best curr -2.41333 swap -2.14227 best -2.41333
totalE 17.000786 extE -8.884696 
swap between best curr -2.61299 swap -2.41333 best -2.61299
totalE 16.637240 extE -9.029728 
swap between best curr -2.84345 swap -2.61299 best -2.84345
totalE 16.406779 extE -9.260189 
swap between best curr -2.90397 swap -2.84345 best -2.90397
totalE 16.187963 extE -9.267952 
swap between best curr -3.01458 swap -2.90397 best -3.01458
totalE 16.057953 extE -9.372088 
swap between best curr -3.20676 swap -3.01458 best -3.20676
totalE 16.036374 extE -9.621143 
swap between best curr -3.39047 swap -3.20676 best -3.39047
totalE 14.286688 extE -9.282851 
swap between best curr -3.58073 swap -3.39047 best -3.58073
totalE 13.702823 extE -9.341911 
swap between best curr -4.04247 swap -3.58073 best -4.04247
totalE 13.119995 extE -9.763288 
swap between best curr -4.16062 swap -4.04247 best -4.16062
totalE 11.327545 extE -9.323340 
swap between best curr -4.25157 swap -4.16062 best -4.25157
totalE 11.335442 extE -9.447245 
swap between best curr -4.27635 swap -4.25157 best -4.27635
totalE 12.646152 extE -9.917185 
swap between best curr -4.4538 swap -4.27635 best -4.4538
totalE 10.623194 extE -9.479469 
swap between best curr -4.50129 swap -4.4538 best -4.50129
totalE 11.066919 extE -9.690687 
swap between best curr -4.59838 swap -4.50129 best -4.59838
totalE 10.858535 extE -9.750689 
swap between best curr -4.75887 swap -4.59838 best -4.75887
totalE 10.754998 extE -9.930159 
swap between best curr -4.82047 swap -4.75887 best -4.82047
totalE 10.762881 extE -10.014919 
totalE 700222.641931 extE 699993.000000 
totalE 700222.641931 extE 699993.000000 
totalE 700222.641931 extE 699993.000000 
totalE 700222.641931 extE 699993.000000 
totalE 700222.641931 extE 699993.000000 
totalE 700222.641931 extE 699993.000000 
totalE 700222.641931 extE 699993.000000 
totalE 700222.641931 extE 699993.000000 
totalE 700222.641931 extE 699993.000000 
totalE 10.762881 extE -10.014919 
totalE 10.762881 extE -10.014919 
best target energy -4.82047
The program has successfully finished in 1 seconds. :)  Bye-bye!
ramaprob initialise success 
transpoints initialise success with 89 transpoints 
grid box initialise succuss 67 57 73 
