found external potential parameters 1 
found external potential parameters 4 
setting constrained list file constrains
Building protein from sequence: ABCDEFGHIGKLMNGPQRSTGVWGYZ.
Building protein from sequence: ABCDEFGHIGKLMNGPQRSTGVWGYZ (26 amino acids, 1 chains).
ABCDEFGHIGKLMNGPQRSTGVWGYZ 26
Building protein from sequence: pldepal.
Building protein from sequence: pldepal (7 amino acids, 1 chains).
pldepal 7
AD Grid maps initialisation finished 
1marking constrained amino acids from file constrains
Constraining amino acids: 1
WARNING! Contact map file 'NULL' given, so no bias interactions will be calculated.
0 0 0 0 0 0 0  aaa 1 99999 
 aaa 2 99999 
 aaa 3 99999 
 aaa 4 99999 
 aaa 5 99999 
 aaa 6 99999 
 aaa 7 99999 
SS Energy diag offdiag 699993 99999 99999 99999 99999 99999 99999 99999 
699993 
0 124.165 
0 -0.163793 1.76105 
0 -0.0417095 -0.201826 1.83491 
0 0 -0.038606 -0.193161 1.75563 
0 0 -0.000521245 -0.0840894 95.699 1.77843 
0 0 0 0 -0.0399073 -0.165288 2.81203 
0 0 0 0 0 -0.037581 -0.169295 0.733051 
initial transmutate APLDEPAL 
transmutate!!! 6.855 94.244 26.426
transmutate!!! 6.855 94.244 26.426
begin run with pace 1 stretch 800 
699993 99999 99999 99999 99999 99999 99999 99999 
699993 
0 124.165 
0 -0.163793 1.76105 
0 -0.0417095 -0.201826 1.83491 
0 0 -0.038606 -0.193161 1.75563 
0 0 -0.000521245 -0.0840894 95.699 1.77843 
0 0 0 0 -0.0399073 -0.165288 2.81203 
0 0 0 0 0 -0.037581 -0.169295 0.733051 
creating MC move lookup table.
Sequence:    PLDEPAL
Fixed:              
Constrained: x      
Chain:       1111111
len 1 bonds, Nchains 1:*0 x1 x2 x3 x4 x5 x6 x7 8+0 != (8-1+(1-0)*1

len 2 bonds, Nchains 1:*0 x1 x2 x3 x4 x5 x6 7+0 != (8-1+(1-1)*1
-1 
len 3 bonds, Nchains 1:*0 x1 x2 x3 x4 x5 6+0 != (8-1+(1-2)*1
-1 -1 
len 4 bonds, Nchains 1:*0 x1 x2 x3 x4 5+0 != (8-1+(1-3)*1
-1 -1 -1 
swap in best curr 110.198 swap 9999 best 99999
swap in best curr 99.0541 swap 9999 best 110.198
swap between best curr 76.2062 swap 110.198 best 76.2062
swap between best curr 63.6141 swap 76.2062 best 63.6141
swap between best curr 57.0291 swap 63.6141 best 57.0291
swap between best curr 52.7601 swap 57.0291 best 52.7601
swap between best curr 52.0108 swap 52.7601 best 52.0108
swap between best curr 51.9848 swap 52.0108 best 51.9848
swap between best curr 51.9456 swap 51.9848 best 51.9456
swap between best curr 50.9844 swap 51.9456 best 50.9844
swap between best curr 47.438 swap 50.9844 best 47.438
swap between best curr 47.1411 swap 47.438 best 47.1411
swap between best curr 47.1185 swap 47.1411 best 47.1185
swap between best curr 45.0481 swap 47.1185 best 45.0481
swap between best curr 43.8794 swap 45.0481 best 43.8794
swap between best curr 42.9941 swap 43.8794 best 42.9941
swap between best curr 41.8463 swap 42.9941 best 41.8463
swap between best curr 41.8131 swap 41.8463 best 41.8131
swap between best curr 41.7741 swap 41.8131 best 41.7741
swap between best curr 41.6612 swap 41.7741 best 41.6612
swap between best curr 41.5947 swap 41.6612 best 41.5947
swap between best curr 37.4809 swap 41.5947 best 37.4809
swap between best curr 36.1488 swap 37.4809 best 36.1488
swap between best curr 35.8964 swap 36.1488 best 35.8964
swap between best curr 35.8427 swap 35.8964 best 35.8427
swap between best curr 35.6814 swap 35.8427 best 35.6814
swap between best curr 35.4107 swap 35.6814 best 35.4107
swap between best curr 35.4008 swap 35.4107 best 35.4008
swap between best curr 35.3817 swap 35.4008 best 35.3817
swap between best curr 35.2241 swap 35.3817 best 35.2241
swap between best curr 35.0886 swap 35.2241 best 35.0886
swap between best curr 35.0383 swap 35.0886 best 35.0383
swap between best curr 34.3176 swap 35.0383 best 34.3176
swap between best curr 34.2391 swap 34.3176 best 34.2391
swap between best curr 33.9933 swap 34.2391 best 33.9933
swap between best curr 33.9624 swap 33.9933 best 33.9624
swap between best curr 32.9015 swap 33.9624 best 32.9015
swap between best curr 32.7163 swap 32.9015 best 32.7163
swap between best curr 32.7141 swap 32.7163 best 32.7141
swap between best curr 32.6156 swap 32.7141 best 32.6156
swap between best curr 32.3809 swap 32.6156 best 32.3809
swap between best curr 29.467 swap 32.3809 best 29.467
swap between best curr 27.7409 swap 29.467 best 27.7409
swap between best curr 27.0969 swap 27.7409 best 27.0969
swap between best curr 26.9944 swap 27.0969 best 26.9944
swap between best curr 26.9479 swap 26.9944 best 26.9479
swap between best curr 19.5223 swap 26.9479 best 19.5223
swap between best curr 19.209 swap 19.5223 best 19.209
swap between best curr 19.1477 swap 19.209 best 19.1477
swap between best curr 19.1336 swap 19.1477 best 19.1336
swap between best curr 19.113 swap 19.1336 best 19.113
swap between best curr 19.1011 swap 19.113 best 19.1011
swap between best curr 19.0946 swap 19.1011 best 19.0946
swap between best curr 18.8321 swap 19.0946 best 18.8321
swap between best curr 18.6773 swap 18.8321 best 18.6773
swap between best curr 18.4773 swap 18.6773 best 18.4773
swap between best curr 11.7341 swap 18.4773 best 11.7341
swap between best curr 11.419 swap 11.7341 best 11.419
swap between best curr 11.3949 swap 11.419 best 11.3949
swap between best curr 10.8295 swap 11.3949 best 10.8295
swap between best curr 10.7461 swap 10.8295 best 10.7461
swap between best curr 10.7251 swap 10.7461 best 10.7251
swap between best curr 10.5896 swap 10.7251 best 10.5896
swap between best curr 10.4169 swap 10.5896 best 10.4169
swap between best curr 10.1977 swap 10.4169 best 10.1977
swap between best curr 10.101 swap 10.1977 best 10.101
swap between best curr 9.61244 swap 10.101 best 9.61244
swap between best curr 9.41729 swap 9.61244 best 9.41729
swap between best curr 9.16962 swap 9.41729 best 9.16962
swap between best curr 9.14868 swap 9.16962 best 9.14868
swap between best curr 9.09346 swap 9.14868 best 9.09346
swap between best curr 8.66291 swap 9.09346 best 8.66291
swap between best curr 8.34188 swap 8.66291 best 8.34188
swap between best curr 8.24239 swap 8.34188 best 8.24239
swap between best curr 8.03801 swap 8.24239 best 8.03801
swap between best curr 7.79591 swap 8.03801 best 7.79591
swap between best curr 7.74168 swap 7.79591 best 7.74168
swap between best curr 7.40339 swap 7.74168 best 7.40339
swap between best curr 7.31449 swap 7.40339 best 7.31449
swap between best curr 6.69246 swap 7.31449 best 6.69246
swap between best curr 6.46329 swap 6.69246 best 6.46329
swap between best curr 6.09926 swap 6.46329 best 6.09926
swap between best curr 5.88829 swap 6.09926 best 5.88829
swap between best curr 5.54419 swap 5.88829 best 5.54419
swap between best curr 5.30613 swap 5.54419 best 5.30613
swap between best curr 5.29728 swap 5.30613 best 5.29728
swap between best curr 5.25083 swap 5.29728 best 5.25083
swap between best curr 5.13774 swap 5.25083 best 5.13774
swap between best curr 5.02478 swap 5.13774 best 5.02478
swap between best curr 4.35917 swap 5.02478 best 4.35917
swap between best curr 4.29898 swap 4.35917 best 4.29898
swap between best curr 4.12115 swap 4.29898 best 4.12115
swap between best curr 3.78112 swap 4.12115 best 3.78112
swap between best curr 3.70439 swap 3.78112 best 3.70439
swap between best curr 3.69137 swap 3.70439 best 3.69137
swap between best curr 3.3471 swap 3.69137 best 3.3471
swap between best curr 2.98377 swap 3.3471 best 2.98377
swap between best curr 2.81551 swap 2.98377 best 2.81551
swap between best curr 2.66438 swap 2.81551 best 2.66438
swap between best curr 2.46579 swap 2.66438 best 2.46579
swap between best curr 2.28779 swap 2.46579 best 2.28779
swap between best curr 1.93238 swap 2.28779 best 1.93238
swap between best curr 1.54126 swap 1.93238 best 1.54126
swap between best curr 1.46699 swap 1.54126 best 1.46699
swap between best curr 1.39831 swap 1.46699 best 1.39831
swap between best curr 1.17636 swap 1.39831 best 1.17636
swap between best curr 1.03001 swap 1.17636 best 1.03001
swap between best curr 0.91074 swap 1.03001 best 0.91074
swap between best curr 0.901117 swap 0.91074 best 0.901117
swap between best curr 0.831856 swap 0.901117 best 0.831856
swap between best curr 0.476239 swap 0.831856 best 0.476239
swap between best curr 0.406922 swap 0.476239 best 0.406922
swap between best curr 0.396672 swap 0.406922 best 0.396672
swap between best curr 0.254027 swap 0.396672 best 0.254027
swap between best curr 0.244913 swap 0.254027 best 0.244913
swap between best curr 0.0827878 swap 0.244913 best 0.0827878
swap between best curr 0.031667 swap 0.0827878 best 0.031667
swap between best curr -0.0414292 swap 0.031667 best -0.0414292
totalE 22.305291 extE -7.490336 
swap between best curr -0.689181 swap -0.0414292 best -0.689181
totalE 19.672341 extE -7.476355 
swap between best curr -0.74579 swap -0.689181 best -0.74579
totalE 19.751463 extE -7.578208 
swap between best curr -0.767753 swap -0.74579 best -0.767753
totalE 20.379202 extE -7.816738 
swap between best curr -0.981993 swap -0.767753 best -0.981993
totalE 19.793392 extE -7.907121 
swap between best curr -1.04239 swap -0.981993 best -1.04239
totalE 20.084302 extE -8.084618 
swap between best curr -1.11781 swap -1.04239 best -1.11781
totalE 19.999454 extE -8.156892 
swap between best curr -1.12158 swap -1.11781 best -1.12158
totalE 19.984539 extE -8.156947 
totalE 700222.403502 extE 699993.000000 
totalE 700222.403502 extE 699993.000000 
totalE 700222.403502 extE 699993.000000 
totalE 700222.403502 extE 699993.000000 
totalE 700222.403502 extE 699993.000000 
totalE 700222.403502 extE 699993.000000 
totalE 700222.403502 extE 699993.000000 
totalE 700222.403502 extE 699993.000000 
totalE 700222.403502 extE 699993.000000 
totalE 19.984539 extE -8.156947 
totalE 19.984539 extE -8.156947 
best target energy -1.12158
The program has successfully finished in 1 seconds. :)  Bye-bye!
ramaprob initialise success 
transpoints initialise success with 89 transpoints 
grid box initialise succuss 67 57 73 
