found external potential parameters 1 
found external potential parameters 4 
setting constrained list file constrains
Building protein from sequence: ABCDEFGHIGKLMNGPQRSTGVWGYZ.
Building protein from sequence: ABCDEFGHIGKLMNGPQRSTGVWGYZ (26 amino acids, 1 chains).
ABCDEFGHIGKLMNGPQRSTGVWGYZ 26
Building protein from sequence: pldrpal.
Building protein from sequence: pldrpal (7 amino acids, 1 chains).
pldrpal 7
AD Grid maps initialisation finished 
1marking constrained amino acids from file constrains
Constraining amino acids: 1
WARNING! Contact map file 'NULL' given, so no bias interactions will be calculated.
0 0 0 0 0 0 0  aaa 1 99999 
 aaa 2 99999 
 aaa 3 99999 
 aaa 4 99999 
 aaa 5 99999 
 aaa 6 99999 
 aaa 7 99999 
SS Energy diag offdiag 699993 99999 99999 99999 99999 99999 99999 99999 
699993 
0 124.165 
0 -0.163793 1.76105 
0 -0.0417095 -0.201826 1.83491 
0 0 -0.0381167 -0.171245 1.76339 
0 0 -0.000521244 -0.0840894 95.7567 1.77843 
0 0 0 0 -0.0427261 -0.165288 2.81203 
0 0 0 0 0 -0.037581 -0.169295 0.733051 
initial transmutate APLDRPAL 
transmutate!!! 10.855 93.244 25.426
transmutate!!! 10.855 93.244 25.426
begin run with pace 1 stretch 800 
699993 99999 99999 99999 99999 99999 99999 99999 
699993 
0 124.165 
0 -0.163793 1.76105 
0 -0.0417095 -0.201826 1.83491 
0 0 -0.0381167 -0.171245 1.76339 
0 0 -0.000521244 -0.0840894 95.7567 1.77843 
0 0 0 0 -0.0427261 -0.165288 2.81203 
0 0 0 0 0 -0.037581 -0.169295 0.733051 
creating MC move lookup table.
Sequence:    PLDRPAL
Fixed:              
Constrained: x      
Chain:       1111111
len 1 bonds, Nchains 1:*0 x1 x2 x3 x4 x5 x6 x7 8+0 != (8-1+(1-0)*1

len 2 bonds, Nchains 1:*0 x1 x2 x3 x4 x5 x6 7+0 != (8-1+(1-1)*1
-1 
len 3 bonds, Nchains 1:*0 x1 x2 x3 x4 x5 6+0 != (8-1+(1-2)*1
-1 -1 
len 4 bonds, Nchains 1:*0 x1 x2 x3 x4 5+0 != (8-1+(1-3)*1
-1 -1 -1 
swap in best curr 121.595 swap 9999 best 99999
swap in good curr 121.768 swap 9999 best 121.595
swap between good curr 121.594 swap 121.768 best 121.595
swap between best curr 115.615 swap 121.594 best 115.615
swap between best curr 110.693 swap 115.615 best 110.693
swap between best curr 105.749 swap 110.693 best 105.749
swap between best curr 99.3747 swap 105.749 best 99.3747
swap between best curr 94.6771 swap 99.3747 best 94.6771
swap between best curr 92.0536 swap 94.6771 best 92.0536
swap between best curr 88.7161 swap 92.0536 best 88.7161
swap between best curr 86.6733 swap 88.7161 best 86.6733
swap between best curr 85.0153 swap 86.6733 best 85.0153
swap between best curr 84.8394 swap 85.0153 best 84.8394
swap between best curr 83.5931 swap 84.8394 best 83.5931
swap between best curr 83.4247 swap 83.5931 best 83.4247
swap between best curr 83.0536 swap 83.4247 best 83.0536
swap between best curr 82.1599 swap 83.0536 best 82.1599
swap between best curr 76.2115 swap 82.1599 best 76.2115
swap between best curr 69.0833 swap 76.2115 best 69.0833
swap between best curr 64.9943 swap 69.0833 best 64.9943
swap between best curr 60.4471 swap 64.9943 best 60.4471
swap between best curr 58.9945 swap 60.4471 best 58.9945
swap between best curr 57.5613 swap 58.9945 best 57.5613
swap between best curr 57.5579 swap 57.5613 best 57.5579
swap between best curr 57.1965 swap 57.5579 best 57.1965
swap between best curr 55.576 swap 57.1965 best 55.576
swap between best curr 54.4959 swap 55.576 best 54.4959
swap between best curr 54.2589 swap 54.4959 best 54.2589
swap between best curr 53.8027 swap 54.2589 best 53.8027
swap between best curr 49.9623 swap 53.8027 best 49.9623
swap between best curr 49.737 swap 49.9623 best 49.737
swap between best curr 46.1538 swap 49.737 best 46.1538
swap between best curr 40.3825 swap 46.1538 best 40.3825
swap between best curr 39.7767 swap 40.3825 best 39.7767
swap between best curr 38.3423 swap 39.7767 best 38.3423
swap between best curr 37.7677 swap 38.3423 best 37.7677
swap between best curr 37.6461 swap 37.7677 best 37.6461
swap between best curr 37.6273 swap 37.6461 best 37.6273
swap between best curr 36.301 swap 37.6273 best 36.301
swap between best curr 36.0092 swap 36.301 best 36.0092
swap between best curr 35.9844 swap 36.0092 best 35.9844
swap between best curr 35.2979 swap 35.9844 best 35.2979
swap between best curr 34.6212 swap 35.2979 best 34.6212
swap between best curr 33.3974 swap 34.6212 best 33.3974
swap between best curr 32.9014 swap 33.3974 best 32.9014
swap between best curr 32.1422 swap 32.9014 best 32.1422
swap between best curr 31.2637 swap 32.1422 best 31.2637
swap between best curr 29.2626 swap 31.2637 best 29.2626
swap between best curr 28.7885 swap 29.2626 best 28.7885
swap between best curr 28.458 swap 28.7885 best 28.458
swap between best curr 28.0864 swap 28.458 best 28.0864
swap between best curr 27.9869 swap 28.0864 best 27.9869
swap between best curr 27.8316 swap 27.9869 best 27.8316
swap between best curr 27.6451 swap 27.8316 best 27.6451
swap between best curr 27.1438 swap 27.6451 best 27.1438
swap between best curr 27.13 swap 27.1438 best 27.13
swap between best curr 26.6818 swap 27.13 best 26.6818
swap between best curr 26.6054 swap 26.6818 best 26.6054
swap between best curr 26.4457 swap 26.6054 best 26.4457
swap between best curr 26.0937 swap 26.4457 best 26.0937
swap between best curr 26.026 swap 26.0937 best 26.026
swap between best curr 25.6388 swap 26.026 best 25.6388
swap between best curr 24.168 swap 25.6388 best 24.168
swap between best curr 23.9674 swap 24.168 best 23.9674
swap between best curr 23.8456 swap 23.9674 best 23.8456
swap between best curr 23.6108 swap 23.8456 best 23.6108
swap between best curr 23.6037 swap 23.6108 best 23.6037
swap between best curr 23.2356 swap 23.6037 best 23.2356
swap between best curr 23.1783 swap 23.2356 best 23.1783
swap between best curr 23.1457 swap 23.1783 best 23.1457
swap between best curr 21.4177 swap 23.1457 best 21.4177
swap between best curr 21.2948 swap 21.4177 best 21.2948
swap between best curr 20.5283 swap 21.2948 best 20.5283
swap between best curr 20.5014 swap 20.5283 best 20.5014
swap between best curr 13.8985 swap 20.5014 best 13.8985
swap between best curr 13.4324 swap 13.8985 best 13.4324
swap between best curr 13.4079 swap 13.4324 best 13.4079
swap between best curr 13.2669 swap 13.4079 best 13.2669
swap between best curr 12.9478 swap 13.2669 best 12.9478
swap between best curr 12.712 swap 12.9478 best 12.712
swap between best curr 12.425 swap 12.712 best 12.425
swap between best curr 12.3332 swap 12.425 best 12.3332
swap between best curr 7.68144 swap 12.3332 best 7.68144
swap between best curr 6.95584 swap 7.68144 best 6.95584
swap between best curr 6.74315 swap 6.95584 best 6.74315
swap between best curr 6.45791 swap 6.74315 best 6.45791
swap between best curr 5.97872 swap 6.45791 best 5.97872
swap between best curr 3.55099 swap 5.97872 best 3.55099
swap between best curr 2.68519 swap 3.55099 best 2.68519
swap between best curr 2.53095 swap 2.68519 best 2.53095
swap between best curr 2.34443 swap 2.53095 best 2.34443
swap between best curr 1.85615 swap 2.34443 best 1.85615
swap between best curr 1.71525 swap 1.85615 best 1.71525
swap between best curr 1.55978 swap 1.71525 best 1.55978
swap between best curr 1.36124 swap 1.55978 best 1.36124
swap between best curr 1.22126 swap 1.36124 best 1.22126
swap between best curr 0.870701 swap 1.22126 best 0.870701
swap between best curr 0.64229 swap 0.870701 best 0.64229
swap between best curr 0.505526 swap 0.64229 best 0.505526
swap between best curr 0.282869 swap 0.505526 best 0.282869
swap between best curr -0.214775 swap 0.282869 best -0.214775
totalE 13.631209 extE -4.830102 
swap between best curr -0.263352 swap -0.214775 best -0.263352
totalE 13.381102 extE -4.811503 
swap between best curr -0.681014 swap -0.263352 best -0.681014
totalE 13.229107 extE -5.317721 
swap between best curr -1.05305 swap -0.681014 best -1.05305
totalE 12.979873 extE -5.730691 
swap between best curr -1.17148 swap -1.05305 best -1.17148
totalE 11.897506 extE -5.527814 
swap between best curr -1.19427 swap -1.17148 best -1.19427
totalE 11.874715 extE -5.550605 
swap between best curr -1.75188 swap -1.19427 best -1.75188
totalE 9.815486 extE -5.607673 
swap between best curr -1.77199 swap -1.75188 best -1.77199
totalE 9.795376 extE -5.627784 
swap between best curr -1.97563 swap -1.77199 best -1.97563
totalE 9.655617 extE -5.852711 
swap between best curr -2.00853 swap -1.97563 best -2.00853
totalE 9.862651 extE -5.965591 
swap between best curr -2.21143 swap -2.00853 best -2.21143
totalE 9.132028 extE -5.992583 
totalE 700222.488505 extE 699993.000000 
totalE 700222.488505 extE 699993.000000 
totalE 700222.488505 extE 699993.000000 
totalE 700222.488505 extE 699993.000000 
totalE 700222.488505 extE 699993.000000 
totalE 700222.488505 extE 699993.000000 
totalE 700222.488505 extE 699993.000000 
totalE 700222.488505 extE 699993.000000 
totalE 700222.488505 extE 699993.000000 
totalE 9.132028 extE -5.992583 
totalE 9.132028 extE -5.992583 
best target energy -2.21143
The program has successfully finished in 0 seconds. :)  Bye-bye!
ramaprob initialise success 
transpoints initialise success with 89 transpoints 
grid box initialise succuss 67 57 73 
