found external potential parameters 1 
found external potential parameters 4 
setting constrained list file constrains
Building protein from sequence: ABCDEFGHIGKLMNGPQRSTGVWGYZ.
Building protein from sequence: ABCDEFGHIGKLMNGPQRSTGVWGYZ (26 amino acids, 1 chains).
ABCDEFGHIGKLMNGPQRSTGVWGYZ 26
Building protein from sequence: tlrdyl.
Building protein from sequence: tlrdyl (6 amino acids, 1 chains).
tlrdyl 6
AD Grid maps initialisation finished 
1marking constrained amino acids from file constrains
Constraining amino acids: 1
WARNING! Contact map file 'NULL' given, so no bias interactions will be calculated.
0 0 0 0 0 0  aaa 1 99999 
 aaa 2 99999 
 aaa 3 99999 
 aaa 4 99999 
 aaa 5 99999 
 aaa 6 99999 
SS Energy diag offdiag 599994 99999 99999 99999 99999 99999 99999 
599994 
0 124.241 
0 0.0968463 1.76105 
0 -0.0614681 -0.170083 1.76339 
0 0 0.0960069 -0.189165 1.83491 
0 0 0 -0.0445047 -0.180324 1.74684 
0 0 0 0 0.146666 -0.177494 0.733051 
initial transmutate ATLRDYL 
transmutate!!! 11.855 92.244 24.426
transmutate!!! 11.855 92.244 24.426
begin run with pace 1 stretch 800 
599994 99999 99999 99999 99999 99999 99999 
599994 
0 124.241 
0 0.0968463 1.76105 
0 -0.0614681 -0.170083 1.76339 
0 0 0.0960069 -0.189165 1.83491 
0 0 0 -0.0445047 -0.180324 1.74684 
0 0 0 0 0.146666 -0.177494 0.733051 
creating MC move lookup table.
Sequence:    TLRDYL
Fixed:             
Constrained: x     
Chain:       111111
len 1 bonds, Nchains 1:*0 x1 x2 x3 x4 x5 x6 7+0 != (7-1+(1-0)*1

len 2 bonds, Nchains 1:*0 x1 x2 x3 x4 x5 6+0 != (7-1+(1-1)*1
-1 
len 3 bonds, Nchains 1:*0 x1 x2 x3 x4 5+0 != (7-1+(1-2)*1
-1 -1 
len 4 bonds, Nchains 1:*0 x1 x2 x3 4+0 != (7-1+(1-3)*1
-1 -1 -1 
swap in best curr 87.3163 swap 9999 best 99999
swap in best curr 67.1744 swap 9999 best 87.3163
swap between best curr 66.5157 swap 87.3163 best 66.5157
swap between best curr 62.7637 swap 66.5157 best 62.7637
swap between best curr 61.0808 swap 62.7637 best 61.0808
swap between best curr 59.2455 swap 61.0808 best 59.2455
swap between best curr 57.7411 swap 59.2455 best 57.7411
swap between best curr 55.3876 swap 57.7411 best 55.3876
swap between best curr 55.1419 swap 55.3876 best 55.1419
swap between best curr 55.0884 swap 55.1419 best 55.0884
swap between best curr 54.005 swap 55.0884 best 54.005
swap between best curr 51.9997 swap 54.005 best 51.9997
swap between best curr 45.4706 swap 51.9997 best 45.4706
swap between best curr 42.5227 swap 45.4706 best 42.5227
swap between best curr 40.9099 swap 42.5227 best 40.9099
swap between best curr 40.0491 swap 40.9099 best 40.0491
swap between best curr 39.7676 swap 40.0491 best 39.7676
swap between best curr 39.048 swap 39.7676 best 39.048
swap between best curr 38.9361 swap 39.048 best 38.9361
swap between best curr 36.412 swap 38.9361 best 36.412
swap between best curr 35.9987 swap 36.412 best 35.9987
swap between best curr 34.986 swap 35.9987 best 34.986
swap between best curr 31.3942 swap 34.986 best 31.3942
swap between best curr 30.4392 swap 31.3942 best 30.4392
swap between best curr 30.2993 swap 30.4392 best 30.2993
swap between best curr 29.8432 swap 30.2993 best 29.8432
swap between best curr 29.3313 swap 29.8432 best 29.3313
swap between best curr 29.2782 swap 29.3313 best 29.2782
swap between best curr 28.2741 swap 29.2782 best 28.2741
swap between best curr 25.853 swap 28.2741 best 25.853
swap between best curr 25.7607 swap 25.853 best 25.7607
swap between best curr 25.3603 swap 25.7607 best 25.3603
swap between best curr 25.2608 swap 25.3603 best 25.2608
swap between best curr 25.0653 swap 25.2608 best 25.0653
swap between best curr 21.894 swap 25.0653 best 21.894
swap between best curr 21.7161 swap 21.894 best 21.7161
swap between best curr 21.2754 swap 21.7161 best 21.2754
swap between best curr 20.5889 swap 21.2754 best 20.5889
swap between best curr 19.576 swap 20.5889 best 19.576
swap between best curr 17.8763 swap 19.576 best 17.8763
swap between best curr 14.082 swap 17.8763 best 14.082
swap between best curr 12.1354 swap 14.082 best 12.1354
swap between best curr 12.0231 swap 12.1354 best 12.0231
swap between best curr 11.1308 swap 12.0231 best 11.1308
swap between best curr 10.3473 swap 11.1308 best 10.3473
swap between best curr 10.1833 swap 10.3473 best 10.1833
swap between best curr 9.10778 swap 10.1833 best 9.10778
swap between best curr 4.51273 swap 9.10778 best 4.51273
swap between best curr 4.08458 swap 4.51273 best 4.08458
swap between best curr 3.09937 swap 4.08458 best 3.09937
swap between best curr 1.73612 swap 3.09937 best 1.73612
swap between best curr 1.55873 swap 1.73612 best 1.55873
swap between best curr 1.42929 swap 1.55873 best 1.42929
swap between best curr 1.05175 swap 1.42929 best 1.05175
swap between best curr 0.884975 swap 1.05175 best 0.884975
swap between best curr 0.75525 swap 0.884975 best 0.75525
swap between best curr 0.70521 swap 0.75525 best 0.70521
swap between best curr 0.149051 swap 0.70521 best 0.149051
swap between best curr -0.747083 swap 0.149051 best -0.747083
totalE 20.105297 extE -7.697876 
swap between best curr -1.08013 swap -0.747083 best -1.08013
totalE 15.601626 extE -6.640717 
swap between best curr -1.28623 swap -1.08013 best -1.28623
totalE 15.594020 extE -6.912986 
swap between best curr -1.45982 swap -1.28623 best -1.45982
totalE 13.197059 extE -6.345440 
swap between best curr -1.64371 swap -1.45982 best -1.64371
totalE 12.462788 extE -6.345872 
swap between best curr -1.645 swap -1.64371 best -1.645
totalE 12.461492 extE -6.347168 
swap between best curr -1.88295 swap -1.645 best -1.88295
totalE 10.945928 extE -6.159247 
swap between best curr -2.05781 swap -1.88295 best -2.05781
totalE 10.771069 extE -6.334105 
swap between best curr -2.13998 swap -2.05781 best -2.13998
totalE 10.575674 extE -6.378534 
swap between best curr -2.28028 swap -2.13998 best -2.28028
totalE 10.435380 extE -6.518828 
swap between best curr -2.40998 swap -2.28028 best -2.40998
totalE 10.455743 extE -6.698548 
swap between best curr -2.46383 swap -2.40998 best -2.46383
totalE 10.470439 extE -6.775248 
swap between best curr -2.46921 swap -2.46383 best -2.46921
totalE 9.607770 extE -6.494876 
swap between best curr -2.66257 swap -2.46921 best -2.66257
totalE 9.422889 extE -6.691053 
swap between best curr -3.45746 swap -2.66257 best -3.45746
totalE 6.192211 extE -6.674011 
swap between best curr -4.03562 swap -3.45746 best -4.03562
totalE 4.990906 extE -7.044465 
swap between best curr -4.05217 swap -4.03562 best -4.05217
totalE 4.757863 extE -6.988853 
swap between best curr -4.1356 swap -4.05217 best -4.1356
totalE 4.935347 extE -7.159253 
swap between best curr -4.45109 swap -4.1356 best -4.45109
totalE 3.330700 extE -7.045017 
swap between best curr -4.87283 swap -4.45109 best -4.87283
totalE -0.882202 extE -6.203036 
swap between best curr -5.38667 swap -4.87283 best -5.38667
totalE -1.655817 extE -6.630292 
swap between best curr -5.48926 swap -5.38667 best -5.48926
totalE -1.888747 extE -6.689435 
swap between best curr -5.7603 swap -5.48926 best -5.7603
totalE -2.084022 extE -6.985722 
swap between best curr -5.90004 swap -5.7603 best -5.90004
totalE -2.306799 extE -7.097789 
swap between best curr -6.29217 swap -5.90004 best -6.29217
totalE -3.048353 extE -7.373437 
totalE 600125.596576 extE 599994.000000 
totalE 600125.596576 extE 599994.000000 
totalE 600125.596576 extE 599994.000000 
totalE 600125.596576 extE 599994.000000 
totalE 600125.596576 extE 599994.000000 
totalE 600125.596576 extE 599994.000000 
totalE 600125.596576 extE 599994.000000 
totalE 600125.596576 extE 599994.000000 
totalE 600125.596576 extE 599994.000000 
totalE -3.048353 extE -7.373437 
totalE -3.048353 extE -7.373437 
best target energy -6.29217
The program has successfully finished in 1 seconds. :)  Bye-bye!
ramaprob initialise success 
transpoints initialise success with 89 transpoints 
grid box initialise succuss 67 57 73 
