found external potential parameters 1 
found external potential parameters 4 
setting constrained list file constrains
Building protein from sequence: ABCDEFGHIGKLMNGPQRSTGVWGYZ.
Building protein from sequence: ABCDEFGHIGKLMNGPQRSTGVWGYZ (26 amino acids, 1 chains).
ABCDEFGHIGKLMNGPQRSTGVWGYZ 26
Building protein from sequence: hlsdyc.
Building protein from sequence: hlsdyc (6 amino acids, 1 chains).
hlsdyc 6
AD Grid maps initialisation finished 
1marking constrained amino acids from file constrains
Constraining amino acids: 1
WARNING! Contact map file 'NULL' given, so no bias interactions will be calculated.
0 0 0 0 0 0  aaa 1 99999 
 aaa 2 99999 
 aaa 3 99999 
 aaa 4 99999 
 aaa 5 99999 
 aaa 6 99999 
SS Energy diag offdiag 599994 99999 99999 99999 99999 99999 99999 
599994 
0 124.16 
0 -0.169477 1.76105 
0 -0.050881 -0.209267 2.05 
0 0 0.096007 -0.215882 1.83491 
0 0 0 -0.0407379 -0.180324 1.74684 
0 0 0 -0.000120035 -0.0662753 -0.210273 30.736 
initial transmutate AHLSDYC 
transmutate!!! 13.855 93.244 23.426
transmutate!!! 13.855 93.244 23.426
begin run with pace 1 stretch 800 
599994 99999 99999 99999 99999 99999 99999 
599994 
0 124.16 
0 -0.169477 1.76105 
0 -0.050881 -0.209267 2.05 
0 0 0.096007 -0.215882 1.83491 
0 0 0 -0.0407379 -0.180324 1.74684 
0 0 0 -0.000120035 -0.0662753 -0.210273 30.736 
creating MC move lookup table.
Sequence:    HLSDYC
Fixed:             
Constrained: x     
Chain:       111111
len 1 bonds, Nchains 1:*0 x1 x2 x3 x4 x5 x6 7+0 != (7-1+(1-0)*1

len 2 bonds, Nchains 1:*0 x1 x2 x3 x4 x5 6+0 != (7-1+(1-1)*1
-1 
len 3 bonds, Nchains 1:*0 x1 x2 x3 x4 5+0 != (7-1+(1-2)*1
-1 -1 
len 4 bonds, Nchains 1:*0 x1 x2 x3 4+0 != (7-1+(1-3)*1
-1 -1 -1 
swap in best curr 202.802 swap 9999 best 99999
swap in best curr 176.769 swap 9999 best 202.802
swap between best curr 165.869 swap 202.802 best 165.869
swap between best curr 165.102 swap 165.869 best 165.102
swap between best curr 155.019 swap 165.102 best 155.019
swap between best curr 139.817 swap 155.019 best 139.817
swap between best curr 132.057 swap 139.817 best 132.057
swap between best curr 128.656 swap 132.057 best 128.656
swap between best curr 115.418 swap 128.656 best 115.418
swap between best curr 111.889 swap 115.418 best 111.889
swap between best curr 91.7721 swap 111.889 best 91.7721
swap between best curr 78.5592 swap 91.7721 best 78.5592
swap between best curr 56.7568 swap 78.5592 best 56.7568
swap between best curr 54.747 swap 56.7568 best 54.747
swap between best curr 53.3654 swap 54.747 best 53.3654
swap between best curr 49.885 swap 53.3654 best 49.885
swap between best curr 49.6991 swap 49.885 best 49.6991
swap between best curr 48.8153 swap 49.6991 best 48.8153
swap between best curr 46.8591 swap 48.8153 best 46.8591
swap between best curr 46.1243 swap 46.8591 best 46.1243
swap between best curr 43.3909 swap 46.1243 best 43.3909
swap between best curr 43.1828 swap 43.3909 best 43.1828
swap between best curr 42.7304 swap 43.1828 best 42.7304
swap between best curr 42.1855 swap 42.7304 best 42.1855
swap between best curr 41.5123 swap 42.1855 best 41.5123
swap between best curr 40.6864 swap 41.5123 best 40.6864
swap between best curr 35.8117 swap 40.6864 best 35.8117
swap between best curr 33.1981 swap 35.8117 best 33.1981
swap between best curr 32.4274 swap 33.1981 best 32.4274
swap between best curr 32.4075 swap 32.4274 best 32.4075
swap between best curr 32.3556 swap 32.4075 best 32.3556
swap between best curr 32.2318 swap 32.3556 best 32.2318
swap between best curr 31.7675 swap 32.2318 best 31.7675
swap between best curr 31.7361 swap 31.7675 best 31.7361
swap between best curr 29.1017 swap 31.7361 best 29.1017
swap between best curr 27.4865 swap 29.1017 best 27.4865
swap between best curr 27.0413 swap 27.4865 best 27.0413
swap between best curr 27.0351 swap 27.0413 best 27.0351
swap between best curr 25.5119 swap 27.0351 best 25.5119
swap between best curr 25.4932 swap 25.5119 best 25.4932
swap between best curr 24.2567 swap 25.4932 best 24.2567
swap between best curr 22.6429 swap 24.2567 best 22.6429
swap between best curr 21.9636 swap 22.6429 best 21.9636
swap between best curr 21.4525 swap 21.9636 best 21.4525
swap between best curr 18.8402 swap 21.4525 best 18.8402
swap between best curr 18.0118 swap 18.8402 best 18.0118
swap between best curr 17.5683 swap 18.0118 best 17.5683
swap between best curr 16.3786 swap 17.5683 best 16.3786
swap between best curr 16.1977 swap 16.3786 best 16.1977
swap between best curr 13.6528 swap 16.1977 best 13.6528
swap between best curr 13.1776 swap 13.6528 best 13.1776
swap between best curr 11.1181 swap 13.1776 best 11.1181
swap between best curr 10.6283 swap 11.1181 best 10.6283
swap between best curr 10.142 swap 10.6283 best 10.142
swap between best curr 10.0793 swap 10.142 best 10.0793
swap between best curr 10.0723 swap 10.0793 best 10.0723
swap between best curr 9.91562 swap 10.0723 best 9.91562
swap between best curr 9.56164 swap 9.91562 best 9.56164
swap between best curr 8.78535 swap 9.56164 best 8.78535
swap between best curr 8.12647 swap 8.78535 best 8.12647
swap between best curr 7.76023 swap 8.12647 best 7.76023
swap between best curr 6.84607 swap 7.76023 best 6.84607
swap between best curr 6.75319 swap 6.84607 best 6.75319
swap between best curr 6.55126 swap 6.75319 best 6.55126
swap between good curr 6.5503 swap 6.55126 best 6.55126
swap between best curr 6.41242 swap 6.5503 best 6.41242
swap between best curr 6.38755 swap 6.41242 best 6.38755
swap between best curr 6.14151 swap 6.38755 best 6.14151
swap between best curr 6.11754 swap 6.14151 best 6.11754
swap between best curr 5.10629 swap 6.11754 best 5.10629
swap between best curr 5.00977 swap 5.10629 best 5.00977
swap between best curr 4.6021 swap 5.00977 best 4.6021
swap between best curr 4.50298 swap 4.6021 best 4.50298
swap between best curr 4.47922 swap 4.50298 best 4.47922
swap in good curr 5.81317 swap 9999 best 4.47922
swap between good curr 5.42112 swap 5.81317 best 4.47922
swap between good curr 5.2898 swap 5.42112 best 4.47922
swap between good curr 5.23453 swap 5.2898 best 4.47922
swap between good curr 5.07218 swap 5.23453 best 4.47922
swap between best curr 4.31294 swap 5.07218 best 4.31294
swap between best curr 4.0615 swap 4.31294 best 4.0615
swap between best curr 3.57506 swap 4.0615 best 3.57506
swap between best curr 3.21017 swap 3.57506 best 3.21017
swap between best curr 3.1006 swap 3.21017 best 3.1006
swap between best curr 2.99284 swap 3.1006 best 2.99284
swap between best curr 2.13724 swap 2.99284 best 2.13724
swap between best curr 1.97052 swap 2.13724 best 1.97052
swap between best curr 1.96451 swap 1.97052 best 1.96451
swap between best curr 0.570703 swap 1.96451 best 0.570703
swap between best curr 0.510994 swap 0.570703 best 0.510994
swap between best curr 0.456325 swap 0.510994 best 0.456325
swap between best curr -0.228087 swap 0.456325 best -0.228087
totalE 5.106048 extE -2.006131 
swap between best curr -0.261586 swap -0.228087 best -0.261586
totalE 5.531969 extE -2.192771 
swap in good curr 0.120142 swap 9999 best -0.261586
swap between good curr 0.0800184 swap 0.120142 best -0.261586
swap between good curr -0.12216 swap 0.0800184 best -0.261586
swap between good curr -0.161925 swap -0.12216 best -0.261586
swap between good curr -0.228513 swap -0.161925 best -0.261586
swap between best curr -0.475659 swap -0.228513 best -0.475659
totalE 8.447218 extE -3.449952 
swap between best curr -0.655709 swap -0.475659 best -0.655709
totalE 7.027097 extE -3.216644 
swap between best curr -0.730191 swap -0.655709 best -0.730191
totalE 7.295834 extE -3.405533 
swap between best curr -0.736789 swap -0.730191 best -0.736789
totalE 7.134532 extE -3.360563 
swap between best curr -0.871247 swap -0.736789 best -0.871247
totalE 6.555378 extE -3.346789 
swap between best curr -1.02732 swap -0.871247 best -1.02732
totalE 6.176949 extE -3.428737 
swap between best curr -1.24609 swap -1.02732 best -1.24609
totalE 6.221512 extE -3.735295 
swap between best curr -1.6539 swap -1.24609 best -1.6539
totalE 5.608557 extE -4.074712 
swap between best curr -1.74103 swap -1.6539 best -1.74103
totalE 4.465538 extE -3.809880 
swap between best curr -1.74274 swap -1.74103 best -1.74274
totalE 4.335642 extE -3.768864 
swap between best curr -1.82621 swap -1.74274 best -1.82621
totalE 4.144669 extE -3.816502 
totalE 600155.241376 extE 599994.000000 
totalE 600155.241376 extE 599994.000000 
totalE 600155.241376 extE 599994.000000 
totalE 600155.241376 extE 599994.000000 
totalE 600155.241376 extE 599994.000000 
totalE 600155.241376 extE 599994.000000 
totalE 600155.241376 extE 599994.000000 
totalE 4.144669 extE -3.816502 
totalE 5.531969 extE -2.192771 
totalE 9.998483 extE 2.639469 
totalE 4.144669 extE -3.816502 
best target energy -1.82621
The program has successfully finished in 0 seconds. :)  Bye-bye!
ramaprob initialise success 
transpoints initialise success with 89 transpoints 
grid box initialise succuss 67 57 73 
