found external potential parameters 1 
found external potential parameters 4 
setting constrained list file constrains
Building protein from sequence: ABCDEFGHIGKLMNGPQRSTGVWGYZ.
Building protein from sequence: ABCDEFGHIGKLMNGPQRSTGVWGYZ (26 amino acids, 1 chains).
ABCDEFGHIGKLMNGPQRSTGVWGYZ 26
Building protein from sequence: tlddyl.
Building protein from sequence: tlddyl (6 amino acids, 1 chains).
tlddyl 6
AD Grid maps initialisation finished 
1marking constrained amino acids from file constrains
Constraining amino acids: 1
WARNING! Contact map file 'NULL' given, so no bias interactions will be calculated.
0 0 0 0 0 0  aaa 1 99999 
 aaa 2 99999 
 aaa 3 99999 
 aaa 4 99999 
 aaa 5 99999 
 aaa 6 99999 
SS Energy diag offdiag 599994 99999 99999 99999 99999 99999 99999 
599994 
0 124.241 
0 0.0968463 1.76105 
0 -0.0694322 -0.201826 1.83491 
0 0 0.0960069 -0.203037 1.83491 
0 0 0 -0.0392324 -0.180324 1.74684 
0 0 0 0 0.146666 -0.177494 0.733051 
initial transmutate ATLDDYL 
transmutate!!! 3.855 89.244 21.426
transmutate!!! 3.855 89.244 21.426
begin run with pace 1 stretch 800 
599994 99999 99999 99999 99999 99999 99999 
599994 
0 124.241 
0 0.0968463 1.76105 
0 -0.0694322 -0.201826 1.83491 
0 0 0.0960069 -0.203037 1.83491 
0 0 0 -0.0392324 -0.180324 1.74684 
0 0 0 0 0.146666 -0.177494 0.733051 
creating MC move lookup table.
Sequence:    TLDDYL
Fixed:             
Constrained: x     
Chain:       111111
len 1 bonds, Nchains 1:*0 x1 x2 x3 x4 x5 x6 7+0 != (7-1+(1-0)*1

len 2 bonds, Nchains 1:*0 x1 x2 x3 x4 x5 6+0 != (7-1+(1-1)*1
-1 
len 3 bonds, Nchains 1:*0 x1 x2 x3 x4 5+0 != (7-1+(1-2)*1
-1 -1 
len 4 bonds, Nchains 1:*0 x1 x2 x3 4+0 != (7-1+(1-3)*1
-1 -1 -1 
swap in best curr 434.057 swap 9999 best 99999
swap in good curr 437.068 swap 9999 best 434.057
swap between good curr 435.228 swap 437.068 best 434.057
swap between best curr 426.79 swap 435.228 best 426.79
swap between best curr 412.816 swap 426.79 best 412.816
swap between best curr 406.462 swap 412.816 best 406.462
swap between best curr 405.537 swap 406.462 best 405.537
swap between best curr 390.754 swap 405.537 best 390.754
swap between best curr 379.62 swap 390.754 best 379.62
swap between best curr 358.516 swap 379.62 best 358.516
swap between best curr 357.252 swap 358.516 best 357.252
swap between best curr 349.363 swap 357.252 best 349.363
swap between best curr 319.566 swap 349.363 best 319.566
swap between best curr 315.861 swap 319.566 best 315.861
swap between best curr 301.922 swap 315.861 best 301.922
swap between best curr 259.142 swap 301.922 best 259.142
swap between best curr 249.239 swap 259.142 best 249.239
swap between best curr 207.731 swap 249.239 best 207.731
swap between best curr 181.542 swap 207.731 best 181.542
swap between best curr 153.211 swap 181.542 best 153.211
swap between best curr 141.758 swap 153.211 best 141.758
swap between best curr 127.273 swap 141.758 best 127.273
swap between best curr 113.254 swap 127.273 best 113.254
swap between best curr 100.646 swap 113.254 best 100.646
swap between best curr 91.5315 swap 100.646 best 91.5315
swap between best curr 85.8996 swap 91.5315 best 85.8996
swap between best curr 80.3392 swap 85.8996 best 80.3392
swap between best curr 79.9469 swap 80.3392 best 79.9469
swap between best curr 77.0773 swap 79.9469 best 77.0773
swap between best curr 76.701 swap 77.0773 best 76.701
swap between best curr 42.1406 swap 76.701 best 42.1406
swap between best curr 40.3404 swap 42.1406 best 40.3404
swap between best curr 39.6053 swap 40.3404 best 39.6053
swap between best curr 38.0851 swap 39.6053 best 38.0851
swap between best curr 29.8622 swap 38.0851 best 29.8622
swap between best curr 27.5181 swap 29.8622 best 27.5181
swap between best curr 25.118 swap 27.5181 best 25.118
swap between best curr 22.96 swap 25.118 best 22.96
swap between best curr 22.5293 swap 22.96 best 22.5293
swap between best curr 22.3129 swap 22.5293 best 22.3129
swap between best curr 22.2336 swap 22.3129 best 22.2336
swap between best curr 21.1517 swap 22.2336 best 21.1517
swap between best curr 20.8839 swap 21.1517 best 20.8839
swap between best curr 20.4401 swap 20.8839 best 20.4401
swap between best curr 20.2356 swap 20.4401 best 20.2356
swap between best curr 20.0553 swap 20.2356 best 20.0553
swap between best curr 19.6718 swap 20.0553 best 19.6718
swap between best curr 19.2986 swap 19.6718 best 19.2986
swap between best curr 18.9857 swap 19.2986 best 18.9857
swap between best curr 18.6654 swap 18.9857 best 18.6654
swap between best curr 18.5983 swap 18.6654 best 18.5983
swap between best curr 18.4832 swap 18.5983 best 18.4832
swap between best curr 16.9976 swap 18.4832 best 16.9976
swap between best curr 14.1555 swap 16.9976 best 14.1555
swap between best curr 13.2048 swap 14.1555 best 13.2048
swap between best curr 13.1325 swap 13.2048 best 13.1325
swap between best curr 12.3784 swap 13.1325 best 12.3784
swap between best curr 12.2231 swap 12.3784 best 12.2231
swap between best curr 11.6854 swap 12.2231 best 11.6854
swap between best curr 10.3015 swap 11.6854 best 10.3015
swap between best curr 9.82378 swap 10.3015 best 9.82378
swap in best curr 0.705694 swap 9999 best 9.82378
swap in best curr 0.457247 swap 9999 best 0.705694
swap between best curr 0.294631 swap 0.705694 best 0.294631
swap between best curr 0.0622559 swap 0.294631 best 0.0622559
swap between best curr -0.689274 swap 0.0622559 best -0.689274
totalE 13.036503 extE -5.264533 
swap between best curr -0.753526 swap -0.689274 best -0.753526
totalE 12.657189 extE -5.223765 
swap between best curr -0.87338 swap -0.753526 best -0.87338
totalE 12.339655 extE -5.277724 
swap between best curr -1.24064 swap -0.87338 best -1.24064
totalE 11.978457 extE -5.646999 
swap between best curr -1.35722 swap -1.24064 best -1.35722
totalE 11.400248 extE -5.609705 
swap between best curr -3.74325 swap -1.35722 best -3.74325
totalE 4.408806 extE -6.460602 
swap between best curr -4.86281 swap -3.74325 best -4.86281
totalE 3.289248 extE -7.580160 
swap between best curr -4.86719 swap -4.86281 best -4.86719
totalE 3.406662 extE -7.625138 
swap between best curr -4.91602 swap -4.86719 best -4.91602
totalE 3.206951 extE -7.623678 
swap between best curr -5.11862 swap -4.91602 best -5.11862
totalE 3.004349 extE -7.826279 
swap between best curr -6.46514 swap -5.11862 best -6.46514
totalE 1.886124 extE -9.248892 
swap between best curr -6.73307 swap -6.46514 best -6.73307
totalE 1.578196 extE -9.503490 
swap between best curr -6.7564 swap -6.73307 best -6.7564
totalE 1.554864 extE -9.526822 
swap between best curr -6.83419 swap -6.7564 best -6.83419
totalE 1.477072 extE -9.604615 
swap between best curr -6.99604 swap -6.83419 best -6.99604
totalE 1.271821 extE -9.751992 
swap between best curr -7.14455 swap -6.99604 best -7.14455
totalE 1.123313 extE -9.900501 
totalE 600125.619787 extE 599994.000000 
totalE 600125.619787 extE 599994.000000 
totalE 600125.619787 extE 599994.000000 
totalE 600125.619787 extE 599994.000000 
totalE 600125.619787 extE 599994.000000 
totalE 600125.619787 extE 599994.000000 
totalE 600125.619787 extE 599994.000000 
totalE 1.123313 extE -9.900501 
totalE 48.095228 extE -2.933368 
totalE 48.095228 extE -2.933368 
totalE 1.123313 extE -9.900501 
best target energy -7.14455
The program has successfully finished in 0 seconds. :)  Bye-bye!
ramaprob initialise success 
transpoints initialise success with 89 transpoints 
grid box initialise succuss 67 57 73 
