found external potential parameters 1 
found external potential parameters 4 
setting constrained list file constrains
Building protein from sequence: ABCDEFGHIGKLMNGPQRSTGVWGYZ.
Building protein from sequence: ABCDEFGHIGKLMNGPQRSTGVWGYZ (26 amino acids, 1 chains).
ABCDEFGHIGKLMNGPQRSTGVWGYZ 26
Building protein from sequence: clsdyc.
Building protein from sequence: clsdyc (6 amino acids, 1 chains).
clsdyc 6
AD Grid maps initialisation finished 
1marking constrained amino acids from file constrains
Constraining amino acids: 1
WARNING! Contact map file 'NULL' given, so no bias interactions will be calculated.
0 0 0 0 0 0  aaa 1 99999 
 aaa 2 99999 
 aaa 3 99999 
 aaa 4 99999 
 aaa 5 99999 
 aaa 6 99999 
SS Energy diag offdiag 599994 99999 99999 99999 99999 99999 99999 
599994 
0 125.518 
0 0.0110218 1.76105 
0 0.0769024 -0.209267 2.05 
0 -0.00134536 0.0960069 -0.215882 1.83491 
0 0 0 -0.0407379 -0.180324 1.74684 
0 0 0 -0.000120036 -0.0662753 -0.210273 30.736 
initial transmutate ACLSDYC 
transmutate!!! 6.855 93.244 28.426
transmutate!!! 6.855 93.244 28.426
begin run with pace 1 stretch 800 
599994 99999 99999 99999 99999 99999 99999 
599994 
0 125.518 
0 0.0110218 1.76105 
0 0.0769024 -0.209267 2.05 
0 -0.00134536 0.0960069 -0.215882 1.83491 
0 0 0 -0.0407379 -0.180324 1.74684 
0 0 0 -0.000120036 -0.0662753 -0.210273 30.736 
creating MC move lookup table.
Sequence:    CLSDYC
Fixed:             
Constrained: x     
Chain:       111111
len 1 bonds, Nchains 1:*0 x1 x2 x3 x4 x5 x6 7+0 != (7-1+(1-0)*1

len 2 bonds, Nchains 1:*0 x1 x2 x3 x4 x5 6+0 != (7-1+(1-1)*1
-1 
len 3 bonds, Nchains 1:*0 x1 x2 x3 x4 5+0 != (7-1+(1-2)*1
-1 -1 
len 4 bonds, Nchains 1:*0 x1 x2 x3 4+0 != (7-1+(1-3)*1
-1 -1 -1 
swap in best curr 110.591 swap 9999 best 99999
swap in best curr 95.2242 swap 9999 best 110.591
swap between best curr 76.5695 swap 110.591 best 76.5695
swap between best curr 75.5752 swap 76.5695 best 75.5752
swap between best curr 74.8029 swap 75.5752 best 74.8029
swap between best curr 72.9804 swap 74.8029 best 72.9804
swap between best curr 64.1387 swap 72.9804 best 64.1387
swap between best curr 60.8512 swap 64.1387 best 60.8512
swap between best curr 57.6378 swap 60.8512 best 57.6378
swap between best curr 53.8665 swap 57.6378 best 53.8665
swap between best curr 42.5432 swap 53.8665 best 42.5432
swap between best curr 40.5965 swap 42.5432 best 40.5965
swap between best curr 39.6779 swap 40.5965 best 39.6779
swap between best curr 32.778 swap 39.6779 best 32.778
swap between best curr 26.4879 swap 32.778 best 26.4879
swap between best curr 26.4657 swap 26.4879 best 26.4657
swap between best curr 26.2918 swap 26.4657 best 26.2918
swap between best curr 25.2438 swap 26.2918 best 25.2438
swap between best curr 24.6192 swap 25.2438 best 24.6192
swap between best curr 24.6176 swap 24.6192 best 24.6176
swap between best curr 23.9031 swap 24.6176 best 23.9031
swap between best curr 23.7344 swap 23.9031 best 23.7344
swap between best curr 23.7104 swap 23.7344 best 23.7104
swap between best curr 23.2505 swap 23.7104 best 23.2505
swap between best curr 23.1586 swap 23.2505 best 23.1586
swap between best curr 22.5029 swap 23.1586 best 22.5029
swap between best curr 18.1345 swap 22.5029 best 18.1345
swap between best curr 17.7005 swap 18.1345 best 17.7005
swap between best curr 17.1189 swap 17.7005 best 17.1189
swap between best curr 17.047 swap 17.1189 best 17.047
swap between best curr 16.9175 swap 17.047 best 16.9175
swap between best curr 16.1691 swap 16.9175 best 16.1691
swap between best curr 16.1493 swap 16.1691 best 16.1493
swap between best curr 15.8043 swap 16.1493 best 15.8043
swap between best curr 15.4796 swap 15.8043 best 15.4796
swap between best curr 15.3367 swap 15.4796 best 15.3367
swap between best curr 15.2134 swap 15.3367 best 15.2134
swap between best curr 15.1104 swap 15.2134 best 15.1104
swap between best curr 15.0448 swap 15.1104 best 15.0448
swap between best curr 14.2546 swap 15.0448 best 14.2546
swap between best curr 13.5272 swap 14.2546 best 13.5272
swap between best curr 13.3269 swap 13.5272 best 13.3269
swap between best curr 13.044 swap 13.3269 best 13.044
swap between best curr 12.8866 swap 13.044 best 12.8866
swap between best curr 12.8205 swap 12.8866 best 12.8205
swap between best curr 12.3135 swap 12.8205 best 12.3135
swap between best curr 11.603 swap 12.3135 best 11.603
swap between best curr 11.4305 swap 11.603 best 11.4305
swap between best curr 11.3114 swap 11.4305 best 11.3114
swap between best curr 11.2735 swap 11.3114 best 11.2735
swap between best curr 11.2364 swap 11.2735 best 11.2364
swap between best curr 11.2181 swap 11.2364 best 11.2181
swap between best curr 11.0551 swap 11.2181 best 11.0551
swap between best curr 11.0229 swap 11.0551 best 11.0229
swap between best curr 9.85552 swap 11.0229 best 9.85552
swap between best curr 9.7316 swap 9.85552 best 9.7316
swap between best curr 9.23275 swap 9.7316 best 9.23275
swap between best curr 8.94293 swap 9.23275 best 8.94293
swap between best curr 8.90472 swap 8.94293 best 8.90472
swap between best curr 8.45398 swap 8.90472 best 8.45398
swap between best curr 8.44492 swap 8.45398 best 8.44492
swap between best curr 7.13924 swap 8.44492 best 7.13924
swap between best curr 7.07013 swap 7.13924 best 7.07013
swap between best curr 6.68614 swap 7.07013 best 6.68614
swap between best curr 6.65918 swap 6.68614 best 6.65918
swap between best curr 6.52217 swap 6.65918 best 6.52217
swap between best curr 6.45673 swap 6.52217 best 6.45673
swap between best curr 6.16976 swap 6.45673 best 6.16976
swap between best curr 5.99366 swap 6.16976 best 5.99366
swap between best curr 5.91527 swap 5.99366 best 5.91527
swap between best curr 5.77573 swap 5.91527 best 5.77573
swap between best curr 5.73341 swap 5.77573 best 5.73341
swap between best curr 5.71989 swap 5.73341 best 5.71989
swap between best curr 5.62602 swap 5.71989 best 5.62602
swap between best curr 5.55875 swap 5.62602 best 5.55875
swap between best curr 5.54431 swap 5.55875 best 5.54431
swap between best curr 5.52103 swap 5.54431 best 5.52103
swap between best curr 4.94531 swap 5.52103 best 4.94531
swap between best curr 4.78536 swap 4.94531 best 4.78536
swap between best curr 4.68409 swap 4.78536 best 4.68409
swap between best curr 4.43996 swap 4.68409 best 4.43996
swap between best curr 4.26001 swap 4.43996 best 4.26001
swap between best curr 3.50642 swap 4.26001 best 3.50642
swap between best curr 3.50521 swap 3.50642 best 3.50521
swap between best curr 3.29687 swap 3.50521 best 3.29687
swap between best curr 2.99407 swap 3.29687 best 2.99407
swap between best curr 2.87659 swap 2.99407 best 2.87659
swap between best curr 2.76236 swap 2.87659 best 2.76236
swap between best curr 2.74026 swap 2.76236 best 2.74026
swap between best curr 2.5829 swap 2.74026 best 2.5829
swap between best curr 2.57856 swap 2.5829 best 2.57856
swap between best curr 2.07656 swap 2.57856 best 2.07656
swap between best curr 2.07211 swap 2.07656 best 2.07211
swap between best curr 1.56426 swap 2.07211 best 1.56426
swap between best curr 1.46148 swap 1.56426 best 1.46148
swap between best curr 1.40733 swap 1.46148 best 1.40733
swap between best curr 1.0875 swap 1.40733 best 1.0875
swap between best curr 0.984677 swap 1.0875 best 0.984677
swap between best curr 0.824449 swap 0.984677 best 0.824449
swap between best curr 0.802814 swap 0.824449 best 0.802814
swap between best curr 0.707739 swap 0.802814 best 0.707739
swap between best curr 0.677955 swap 0.707739 best 0.677955
swap between best curr 0.623352 swap 0.677955 best 0.623352
swap between best curr 0.430939 swap 0.623352 best 0.430939
swap between best curr 0.363382 swap 0.430939 best 0.363382
swap between best curr 0.201098 swap 0.363382 best 0.201098
swap between best curr 0.086287 swap 0.201098 best 0.086287
swap between best curr 0.0269571 swap 0.086287 best 0.0269571
swap between best curr -0.0321992 swap 0.0269571 best -0.0321992
totalE 13.186130 extE -4.438309 
swap between best curr -0.284458 swap -0.0321992 best -0.284458
totalE 12.153602 extE -4.430477 
swap between best curr -0.511611 swap -0.284458 best -0.511611
totalE 11.766393 extE -4.604279 
swap between best curr -0.65229 swap -0.511611 best -0.65229
totalE 11.031643 extE -4.546934 
swap between best curr -0.727662 swap -0.65229 best -0.727662
totalE 10.525872 extE -4.478839 
swap between best curr -1.05774 swap -0.727662 best -1.05774
totalE 9.403836 extE -4.544926 
swap between best curr -1.21599 swap -1.05774 best -1.21599
totalE 9.245578 extE -4.703184 
swap between best curr -1.27469 swap -1.21599 best -1.27469
totalE 9.042019 extE -4.713588 
swap in good curr -0.741906 swap 9999 best -1.27469
totalE 600156.907004 extE 599994.000000 
totalE 600156.907004 extE 599994.000000 
totalE 600156.907004 extE 599994.000000 
totalE 600156.907004 extE 599994.000000 
totalE 600156.907004 extE 599994.000000 
totalE 600156.907004 extE 599994.000000 
totalE 600156.907004 extE 599994.000000 
totalE 600156.907004 extE 599994.000000 
totalE 10.555319 extE -4.507648 
totalE 9.042019 extE -4.713588 
totalE 9.042019 extE -4.713588 
best target energy -1.27469
The program has successfully finished in 0 seconds. :)  Bye-bye!
ramaprob initialise success 
transpoints initialise success with 89 transpoints 
grid box initialise succuss 67 57 73 
