found external potential parameters 1 
found external potential parameters 4 
setting constrained list file constrains
Building protein from sequence: ABCDEFGHIGKLMNGPQRSTGVWGYZ.
Building protein from sequence: ABCDEFGHIGKLMNGPQRSTGVWGYZ (26 amino acids, 1 chains).
ABCDEFGHIGKLMNGPQRSTGVWGYZ 26
Building protein from sequence: qlsdyc.
Building protein from sequence: qlsdyc (6 amino acids, 1 chains).
qlsdyc 6
AD Grid maps initialisation finished 
1marking constrained amino acids from file constrains
Constraining amino acids: 1
WARNING! Contact map file 'NULL' given, so no bias interactions will be calculated.
0 0 0 0 0 0  aaa 1 99999 
 aaa 2 99999 
 aaa 3 99999 
 aaa 4 99999 
 aaa 5 99999 
 aaa 6 99999 
SS Energy diag offdiag 599994 99999 99999 99999 99999 99999 99999 
599994 
0 124.171 
0 -0.189386 1.76105 
0 -0.0451836 -0.209267 2.05 
0 0 0.0960069 -0.215882 1.83491 
0 0 0 -0.0407379 -0.180324 1.74684 
0 0 0 -0.000120036 -0.0662753 -0.210273 30.736 
initial transmutate AQLSDYC 
transmutate!!! 9.855 93.244 23.426
transmutate!!! 9.855 93.244 23.426
begin run with pace 1 stretch 800 
599994 99999 99999 99999 99999 99999 99999 
599994 
0 124.171 
0 -0.189386 1.76105 
0 -0.0451836 -0.209267 2.05 
0 0 0.0960069 -0.215882 1.83491 
0 0 0 -0.0407379 -0.180324 1.74684 
0 0 0 -0.000120036 -0.0662753 -0.210273 30.736 
creating MC move lookup table.
Sequence:    QLSDYC
Fixed:             
Constrained: x     
Chain:       111111
len 1 bonds, Nchains 1:*0 x1 x2 x3 x4 x5 x6 7+0 != (7-1+(1-0)*1

len 2 bonds, Nchains 1:*0 x1 x2 x3 x4 x5 6+0 != (7-1+(1-1)*1
-1 
len 3 bonds, Nchains 1:*0 x1 x2 x3 x4 5+0 != (7-1+(1-2)*1
-1 -1 
len 4 bonds, Nchains 1:*0 x1 x2 x3 4+0 != (7-1+(1-3)*1
-1 -1 -1 
swap in best curr 116.362 swap 9999 best 99999
swap in good curr 116.542 swap 9999 best 116.362
swap between best curr 115.302 swap 116.542 best 115.302
swap between best curr 106.928 swap 115.302 best 106.928
swap between best curr 101.022 swap 106.928 best 101.022
swap between best curr 98.5984 swap 101.022 best 98.5984
swap between best curr 97.505 swap 98.5984 best 97.505
swap between best curr 96.3844 swap 97.505 best 96.3844
swap between best curr 95.9737 swap 96.3844 best 95.9737
swap between best curr 94.6913 swap 95.9737 best 94.6913
swap between best curr 88.7608 swap 94.6913 best 88.7608
swap between best curr 88.5294 swap 88.7608 best 88.5294
swap between best curr 86.6838 swap 88.5294 best 86.6838
swap between best curr 76.8781 swap 86.6838 best 76.8781
swap between best curr 67.6925 swap 76.8781 best 67.6925
swap between best curr 63.8818 swap 67.6925 best 63.8818
swap between best curr 58.7714 swap 63.8818 best 58.7714
swap between best curr 46.5325 swap 58.7714 best 46.5325
swap between best curr 42.0233 swap 46.5325 best 42.0233
swap between best curr 40.865 swap 42.0233 best 40.865
swap between best curr 39.2355 swap 40.865 best 39.2355
swap between best curr 39.1743 swap 39.2355 best 39.1743
swap between best curr 36.5526 swap 39.1743 best 36.5526
swap between best curr 33.4593 swap 36.5526 best 33.4593
swap between best curr 28.4124 swap 33.4593 best 28.4124
swap between best curr 24.6656 swap 28.4124 best 24.6656
swap between best curr 23.5427 swap 24.6656 best 23.5427
swap between best curr 22.8558 swap 23.5427 best 22.8558
swap between best curr 22.12 swap 22.8558 best 22.12
swap between best curr 21.9952 swap 22.12 best 21.9952
swap between best curr 18.6509 swap 21.9952 best 18.6509
swap between best curr 17.3402 swap 18.6509 best 17.3402
swap between best curr 16.9927 swap 17.3402 best 16.9927
swap between best curr 16.7789 swap 16.9927 best 16.7789
swap between best curr 16.0688 swap 16.7789 best 16.0688
swap between best curr 15.7377 swap 16.0688 best 15.7377
swap between best curr 15.424 swap 15.7377 best 15.424
swap between best curr 14.9823 swap 15.424 best 14.9823
swap between best curr 14.6398 swap 14.9823 best 14.6398
swap between best curr 14.4501 swap 14.6398 best 14.4501
swap between best curr 13.9621 swap 14.4501 best 13.9621
swap between best curr 13.6438 swap 13.9621 best 13.6438
swap between best curr 13.0795 swap 13.6438 best 13.0795
swap between best curr 12.9008 swap 13.0795 best 12.9008
swap between best curr 12.6558 swap 12.9008 best 12.6558
swap between best curr 12.3305 swap 12.6558 best 12.3305
swap between best curr 12.2066 swap 12.3305 best 12.2066
swap between best curr 10.8433 swap 12.2066 best 10.8433
swap between best curr 10.6806 swap 10.8433 best 10.6806
swap between best curr 9.49577 swap 10.6806 best 9.49577
swap between best curr 9.33115 swap 9.49577 best 9.33115
swap between best curr 9.22587 swap 9.33115 best 9.22587
swap between best curr 9.21552 swap 9.22587 best 9.21552
swap between best curr 8.93743 swap 9.21552 best 8.93743
swap between best curr 8.73518 swap 8.93743 best 8.73518
swap between best curr 7.73831 swap 8.73518 best 7.73831
swap between best curr 7.49796 swap 7.73831 best 7.49796
swap between best curr 7.19366 swap 7.49796 best 7.19366
swap between best curr 6.19207 swap 7.19366 best 6.19207
swap between best curr 6.12779 swap 6.19207 best 6.12779
swap between best curr 6.0947 swap 6.12779 best 6.0947
swap between best curr 5.98262 swap 6.0947 best 5.98262
swap between best curr 5.85454 swap 5.98262 best 5.85454
swap between best curr 5.67104 swap 5.85454 best 5.67104
swap between best curr 5.29764 swap 5.67104 best 5.29764
swap between best curr 4.8314 swap 5.29764 best 4.8314
swap in best curr 0.604557 swap 9999 best 4.8314
swap in good curr 3.56011 swap 9999 best 0.604557
swap between best curr -0.28845 swap 3.56011 best -0.28845
totalE 16.894769 extE -6.016189 
swap between best curr -0.346782 swap -0.28845 best -0.346782
totalE 16.942947 extE -6.110025 
swap between best curr -0.56852 swap -0.346782 best -0.56852
totalE 16.721209 extE -6.331763 
swap between best curr -0.871886 swap -0.56852 best -0.871886
totalE 16.378844 extE -6.622129 
swap between best curr -2.1141 swap -0.871886 best -2.1141
totalE 10.132116 extE -6.196173 
swap between best curr -2.1619 swap -2.1141 best -2.1619
totalE 10.628211 extE -6.425276 
swap between best curr -2.27839 swap -2.1619 best -2.27839
totalE 10.453458 extE -6.522336 
swap between best curr -2.74557 swap -2.27839 best -2.74557
totalE 7.653490 extE -6.211929 
swap between best curr -3.16081 swap -2.74557 best -3.16081
totalE 5.881097 extE -6.174784 
swap between best curr -3.31052 swap -3.16081 best -3.31052
totalE 5.731391 extE -6.324490 
swap between best curr -3.34466 swap -3.31052 best -3.34466
totalE 5.580724 extE -6.319792 
swap between best curr -3.47187 swap -3.34466 best -3.47187
totalE 5.464710 extE -6.450731 
swap between best curr -3.79615 swap -3.47187 best -3.79615
totalE 3.582752 extE -6.255778 
swap between best curr -3.99568 swap -3.79615 best -3.99568
totalE 3.383214 extE -6.455316 
swap between best curr -4.03023 swap -3.99568 best -4.03023
totalE 6.490077 extE -7.536999 
swap between best curr -4.11773 swap -4.03023 best -4.11773
totalE 6.503077 extE -7.657998 
swap between best curr -4.18267 swap -4.11773 best -4.18267
totalE 6.390119 extE -7.706931 
swap between best curr -4.63924 swap -4.18267 best -4.63924
totalE 4.843530 extE -7.800167 
swap between best curr -4.65534 swap -4.63924 best -4.65534
totalE 5.991143 extE -8.204161 
swap between best curr -4.67218 swap -4.65534 best -4.67218
totalE 3.773706 extE -7.487478 
swap between best curr -5.03559 swap -4.67218 best -5.03559
totalE 3.280036 extE -7.807466 
swap between best curr -5.17098 swap -5.03559 best -5.17098
totalE 3.262192 extE -7.982042 
swap between best curr -5.4696 swap -5.17098 best -5.4696
totalE 2.603634 extE -8.160673 
swap between best curr -5.63939 swap -5.4696 best -5.63939
totalE 2.370724 extE -8.309424 
swap between best curr -5.71187 swap -5.63939 best -5.71187
totalE 2.030787 extE -8.292761 
swap between best curr -5.76772 swap -5.71187 best -5.76772
totalE 2.846812 extE -8.639230 
swap between best curr -6.09997 swap -5.76772 best -6.09997
totalE 0.257871 extE -8.219251 
swap between best curr -6.28876 swap -6.09997 best -6.28876
totalE 0.569635 extE -8.574889 
swap in good curr -3.95253 swap 9999 best -6.28876
swap between good curr -4.03883 swap -3.95253 best -6.28876
swap between good curr -4.0738 swap -4.03883 best -6.28876
swap between good curr -4.26574 swap -4.0738 best -6.28876
totalE 600155.238068 extE 599994.000000 
totalE 600155.238068 extE 599994.000000 
totalE 600155.238068 extE 599994.000000 
totalE 600155.238068 extE 599994.000000 
totalE 600155.238068 extE 599994.000000 
totalE 600155.238068 extE 599994.000000 
totalE 0.199429 extE -5.754130 
totalE 0.569635 extE -8.574889 
totalE 29.070265 extE -3.248228 
totalE 29.070265 extE -3.248228 
totalE 0.569635 extE -8.574889 
best target energy -6.28876
The program has successfully finished in 0 seconds. :)  Bye-bye!
ramaprob initialise success 
transpoints initialise success with 89 transpoints 
grid box initialise succuss 67 57 73 
