found external potential parameters 1 
found external potential parameters 4 
setting constrained list file constrains
Building protein from sequence: ABCDEFGHIGKLMNGPQRSTGVWGYZ.
Building protein from sequence: ABCDEFGHIGKLMNGPQRSTGVWGYZ (26 amino acids, 1 chains).
ABCDEFGHIGKLMNGPQRSTGVWGYZ 26
Building protein from sequence: pldcpal.
Building protein from sequence: pldcpal (7 amino acids, 1 chains).
pldcpal 7
AD Grid maps initialisation finished 
1marking constrained amino acids from file constrains
Constraining amino acids: 1
WARNING! Contact map file 'NULL' given, so no bias interactions will be calculated.
0 0 0 0 0 0 0  aaa 1 99999 
 aaa 2 99999 
 aaa 3 99999 
 aaa 4 99999 
 aaa 5 99999 
 aaa 6 99999 
 aaa 7 99999 
SS Energy diag offdiag 699993 99999 99999 99999 99999 99999 99999 99999 
699993 
0 124.165 
0 -0.163793 1.76105 
0 -0.0417095 -0.201826 1.83491 
0 -0.000120036 -0.60606 -0.224812 31.764 
0 0 -0.000521244 -0.0840894 95.7023 1.77843 
0 0 0 0 -0.295048 -0.165288 2.81203 
0 0 0 0 -0.000142548 -0.037581 -0.169295 0.733051 
initial transmutate APLDCPAL 
transmutate!!! 6.855 91.244 27.426
transmutate!!! 6.855 91.244 27.426
begin run with pace 1 stretch 800 
699993 99999 99999 99999 99999 99999 99999 99999 
699993 
0 124.165 
0 -0.163793 1.76105 
0 -0.0417095 -0.201826 1.83491 
0 -0.000120036 -0.60606 -0.224812 31.764 
0 0 -0.000521244 -0.0840894 95.7023 1.77843 
0 0 0 0 -0.295048 -0.165288 2.81203 
0 0 0 0 -0.000142548 -0.037581 -0.169295 0.733051 
creating MC move lookup table.
Sequence:    PLDCPAL
Fixed:              
Constrained: x      
Chain:       1111111
len 1 bonds, Nchains 1:*0 x1 x2 x3 x4 x5 x6 x7 8+0 != (8-1+(1-0)*1

len 2 bonds, Nchains 1:*0 x1 x2 x3 x4 x5 x6 7+0 != (8-1+(1-1)*1
-1 
len 3 bonds, Nchains 1:*0 x1 x2 x3 x4 x5 6+0 != (8-1+(1-2)*1
-1 -1 
len 4 bonds, Nchains 1:*0 x1 x2 x3 x4 5+0 != (8-1+(1-3)*1
-1 -1 -1 
swap in best curr 216.328 swap 9999 best 99999
swap in best curr 195.684 swap 9999 best 216.328
swap between best curr 180.891 swap 216.328 best 180.891
swap between best curr 172.894 swap 180.891 best 172.894
swap between best curr 165.958 swap 172.894 best 165.958
swap between best curr 143.904 swap 165.958 best 143.904
swap between best curr 130.775 swap 143.904 best 130.775
swap between best curr 117.879 swap 130.775 best 117.879
swap between best curr 106.083 swap 117.879 best 106.083
swap between best curr 92.8873 swap 106.083 best 92.8873
swap between best curr 90.8638 swap 92.8873 best 90.8638
swap between best curr 90.8284 swap 90.8638 best 90.8284
swap between best curr 87.7983 swap 90.8284 best 87.7983
swap between best curr 84.9833 swap 87.7983 best 84.9833
swap between best curr 83.0552 swap 84.9833 best 83.0552
swap between best curr 79.7151 swap 83.0552 best 79.7151
swap between best curr 79.6391 swap 79.7151 best 79.6391
swap between best curr 76.5181 swap 79.6391 best 76.5181
swap between best curr 76.4036 swap 76.5181 best 76.4036
swap between best curr 72.275 swap 76.4036 best 72.275
swap between best curr 65.5124 swap 72.275 best 65.5124
swap between best curr 61.5268 swap 65.5124 best 61.5268
swap between best curr 58.6759 swap 61.5268 best 58.6759
swap between best curr 56.4 swap 58.6759 best 56.4
swap between best curr 55.2134 swap 56.4 best 55.2134
swap between best curr 53.9105 swap 55.2134 best 53.9105
swap between best curr 53.6547 swap 53.9105 best 53.6547
swap between best curr 52.2426 swap 53.6547 best 52.2426
swap between best curr 51.6326 swap 52.2426 best 51.6326
swap between best curr 51.3848 swap 51.6326 best 51.3848
swap between best curr 51.3499 swap 51.3848 best 51.3499
swap between best curr 49.7661 swap 51.3499 best 49.7661
swap between best curr 49.0345 swap 49.7661 best 49.0345
swap between best curr 48.4403 swap 49.0345 best 48.4403
swap between best curr 47.6003 swap 48.4403 best 47.6003
swap between best curr 46.7957 swap 47.6003 best 46.7957
swap between best curr 46.6177 swap 46.7957 best 46.6177
swap between best curr 46.5731 swap 46.6177 best 46.5731
swap between best curr 45.7649 swap 46.5731 best 45.7649
swap between best curr 42.9805 swap 45.7649 best 42.9805
swap between best curr 42.6214 swap 42.9805 best 42.6214
swap between best curr 42.1442 swap 42.6214 best 42.1442
swap between best curr 41.6471 swap 42.1442 best 41.6471
swap between best curr 41.1964 swap 41.6471 best 41.1964
swap between best curr 40.921 swap 41.1964 best 40.921
swap between best curr 40.4155 swap 40.921 best 40.4155
swap between best curr 40.0941 swap 40.4155 best 40.0941
swap between best curr 38.5289 swap 40.0941 best 38.5289
swap between best curr 38.315 swap 38.5289 best 38.315
swap between best curr 36.1339 swap 38.315 best 36.1339
swap between best curr 35.0798 swap 36.1339 best 35.0798
swap between best curr 34.9833 swap 35.0798 best 34.9833
swap between best curr 34.687 swap 34.9833 best 34.687
swap between best curr 34.4017 swap 34.687 best 34.4017
swap between best curr 33.6931 swap 34.4017 best 33.6931
swap between best curr 33.4873 swap 33.6931 best 33.4873
swap between best curr 33.4427 swap 33.4873 best 33.4427
swap between best curr 32.7972 swap 33.4427 best 32.7972
swap between best curr 32.786 swap 32.7972 best 32.786
swap between best curr 32.5678 swap 32.786 best 32.5678
swap between best curr 32.5612 swap 32.5678 best 32.5612
swap between best curr 32.3958 swap 32.5612 best 32.3958
swap between best curr 31.5518 swap 32.3958 best 31.5518
swap between best curr 31.095 swap 31.5518 best 31.095
swap between best curr 30.0078 swap 31.095 best 30.0078
swap between best curr 29.8068 swap 30.0078 best 29.8068
swap between best curr 25.8838 swap 29.8068 best 25.8838
swap between best curr 25.8713 swap 25.8838 best 25.8713
swap between best curr 24.9888 swap 25.8713 best 24.9888
swap between best curr 23.6383 swap 24.9888 best 23.6383
swap between best curr 22.9618 swap 23.6383 best 22.9618
swap between best curr 22.8525 swap 22.9618 best 22.8525
swap between best curr 20.1191 swap 22.8525 best 20.1191
swap between best curr 19.9923 swap 20.1191 best 19.9923
swap between best curr 19.5944 swap 19.9923 best 19.5944
swap between best curr 19.0119 swap 19.5944 best 19.0119
swap between best curr 17.4873 swap 19.0119 best 17.4873
swap between best curr 17.1694 swap 17.4873 best 17.1694
swap between best curr 12.0172 swap 17.1694 best 12.0172
swap between best curr 11.582 swap 12.0172 best 11.582
swap between best curr 11.3605 swap 11.582 best 11.3605
swap between best curr 10.7315 swap 11.3605 best 10.7315
swap between best curr 10.5416 swap 10.7315 best 10.5416
swap between best curr 10.5225 swap 10.5416 best 10.5225
swap between best curr 10.2396 swap 10.5225 best 10.2396
swap between best curr 10.1015 swap 10.2396 best 10.1015
swap between best curr 9.84587 swap 10.1015 best 9.84587
swap between best curr 9.78546 swap 9.84587 best 9.78546
swap between best curr 9.74089 swap 9.78546 best 9.74089
swap between best curr 7.65138 swap 9.74089 best 7.65138
swap between best curr 7.16644 swap 7.65138 best 7.16644
swap between best curr 6.61428 swap 7.16644 best 6.61428
swap between best curr 5.65421 swap 6.61428 best 5.65421
swap between best curr 5.43509 swap 5.65421 best 5.43509
swap between best curr 5.37905 swap 5.43509 best 5.37905
swap between best curr 5.26125 swap 5.37905 best 5.26125
swap between best curr 5.16167 swap 5.26125 best 5.16167
swap between best curr 3.45341 swap 5.16167 best 3.45341
swap between best curr 3.35561 swap 3.45341 best 3.35561
swap between best curr 3.07145 swap 3.35561 best 3.07145
swap between best curr 2.87815 swap 3.07145 best 2.87815
swap between best curr 2.87529 swap 2.87815 best 2.87529
swap between best curr 2.82869 swap 2.87529 best 2.82869
swap in good curr 3.43729 swap 9999 best 2.82869
swap between good curr 3.22299 swap 3.43729 best 2.82869
swap between good curr 2.91967 swap 3.22299 best 2.82869
swap between best curr 2.7145 swap 2.91967 best 2.7145
swap between best curr 2.18798 swap 2.7145 best 2.18798
swap between best curr 2.11153 swap 2.18798 best 2.11153
swap between best curr 2.04402 swap 2.11153 best 2.04402
swap between best curr 1.99815 swap 2.04402 best 1.99815
swap between best curr 1.68541 swap 1.99815 best 1.68541
swap between best curr 1.37802 swap 1.68541 best 1.37802
swap between best curr 1.22245 swap 1.37802 best 1.22245
swap between best curr 1.10608 swap 1.22245 best 1.10608
swap between best curr 1.07818 swap 1.10608 best 1.07818
swap between best curr 0.992576 swap 1.07818 best 0.992576
swap between best curr 0.121322 swap 0.992576 best 0.121322
swap between best curr 0.0232426 swap 0.121322 best 0.0232426
swap between best curr -0.210995 swap 0.0232426 best -0.210995
totalE 17.228136 extE -6.024039 
swap between best curr -0.302837 swap -0.210995 best -0.302837
totalE 17.136294 extE -6.115881 
swap between best curr -0.323746 swap -0.302837 best -0.323746
totalE 16.356044 extE -5.883676 
swap between best curr -0.453549 swap -0.323746 best -0.453549
totalE 16.731801 extE -6.181998 
swap between best curr -0.554715 swap -0.453549 best -0.554715
totalE 16.846436 extE -6.355098 
swap between best curr -0.626633 swap -0.554715 best -0.626633
totalE 17.130871 extE -6.545801 
swap between good curr -0.626982 swap -0.626633 best -0.626633
swap between best curr -1.00235 swap -0.626982 best -1.00235
totalE 16.649055 extE -6.886147 
swap between best curr -1.07936 swap -1.00235 best -1.07936
totalE 15.560223 extE -6.625884 
swap between best curr -1.25951 swap -1.07936 best -1.25951
totalE 15.710871 extE -6.916310 
swap between best curr -1.37876 swap -1.25951 best -1.37876
totalE 15.639905 extE -7.051643 
totalE 700251.560673 extE 699993.000000 
totalE 700251.560673 extE 699993.000000 
totalE 700251.560673 extE 699993.000000 
totalE 700251.560673 extE 699993.000000 
totalE 700251.560673 extE 699993.000000 
totalE 700251.560673 extE 699993.000000 
totalE 700251.560673 extE 699993.000000 
totalE 700251.560673 extE 699993.000000 
totalE 15.639905 extE -7.051643 
totalE 29.462961 extE -6.049398 
totalE 15.639905 extE -7.051643 
best target energy -1.37876
The program has successfully finished in 0 seconds. :)  Bye-bye!
ramaprob initialise success 
transpoints initialise success with 89 transpoints 
grid box initialise succuss 67 57 73 
