found external potential parameters 1 
found external potential parameters 4 
setting constrained list file constrains
Building protein from sequence: ABCDEFGHIGKLMNGPQRSTGVWGYZ.
Building protein from sequence: ABCDEFGHIGKLMNGPQRSTGVWGYZ (26 amino acids, 1 chains).
ABCDEFGHIGKLMNGPQRSTGVWGYZ 26
Building protein from sequence: tlydyl.
Building protein from sequence: tlydyl (6 amino acids, 1 chains).
tlydyl 6
AD Grid maps initialisation finished 
1marking constrained amino acids from file constrains
Constraining amino acids: 1
WARNING! Contact map file 'NULL' given, so no bias interactions will be calculated.
0 0 0 0 0 0  aaa 1 99999 
 aaa 2 99999 
 aaa 3 99999 
 aaa 4 99999 
 aaa 5 99999 
 aaa 6 99999 
SS Energy diag offdiag 599994 99999 99999 99999 99999 99999 99999 
599994 
0 124.241 
0 0.0968463 1.76105 
0 -0.0637991 -0.179162 1.74684 
0 0 0.096007 -0.189775 1.83491 
0 0 0 -0.0387996 -0.180324 1.74684 
0 0 0 0 0.146666 -0.177494 0.733051 
initial transmutate ATLYDYL 
transmutate!!! 11.855 96.244 16.426
transmutate!!! 11.855 96.244 16.426
begin run with pace 1 stretch 800 
599994 99999 99999 99999 99999 99999 99999 
599994 
0 124.241 
0 0.0968463 1.76105 
0 -0.0637991 -0.179162 1.74684 
0 0 0.096007 -0.189775 1.83491 
0 0 0 -0.0387996 -0.180324 1.74684 
0 0 0 0 0.146666 -0.177494 0.733051 
creating MC move lookup table.
Sequence:    TLYDYL
Fixed:             
Constrained: x     
Chain:       111111
len 1 bonds, Nchains 1:*0 x1 x2 x3 x4 x5 x6 7+0 != (7-1+(1-0)*1

len 2 bonds, Nchains 1:*0 x1 x2 x3 x4 x5 6+0 != (7-1+(1-1)*1
-1 
len 3 bonds, Nchains 1:*0 x1 x2 x3 x4 5+0 != (7-1+(1-2)*1
-1 -1 
len 4 bonds, Nchains 1:*0 x1 x2 x3 4+0 != (7-1+(1-3)*1
-1 -1 -1 
swap in best curr 122.823 swap 9999 best 99999
swap in best curr 117.743 swap 9999 best 122.823
swap between best curr 117.121 swap 122.823 best 117.121
swap between best curr 107.618 swap 117.121 best 107.618
swap between best curr 87.9159 swap 107.618 best 87.9159
swap between best curr 82.0245 swap 87.9159 best 82.0245
swap between best curr 71.7102 swap 82.0245 best 71.7102
swap between best curr 60.8077 swap 71.7102 best 60.8077
swap between best curr 50.2772 swap 60.8077 best 50.2772
swap between best curr 47.372 swap 50.2772 best 47.372
swap between best curr 35.9032 swap 47.372 best 35.9032
swap between best curr 34.4936 swap 35.9032 best 34.4936
swap between best curr 27.4484 swap 34.4936 best 27.4484
swap between best curr 22.8506 swap 27.4484 best 22.8506
swap between best curr 13.7655 swap 22.8506 best 13.7655
swap between best curr 11.6385 swap 13.7655 best 11.6385
swap between best curr 11.0471 swap 11.6385 best 11.0471
swap between best curr 10.187 swap 11.0471 best 10.187
swap between best curr 10.1194 swap 10.187 best 10.1194
swap between best curr 9.65912 swap 10.1194 best 9.65912
swap between best curr 9.15013 swap 9.65912 best 9.15013
swap between best curr 9.0391 swap 9.15013 best 9.0391
swap between best curr 8.98507 swap 9.0391 best 8.98507
swap between best curr 8.39762 swap 8.98507 best 8.39762
swap between best curr 7.48518 swap 8.39762 best 7.48518
swap between best curr 6.7616 swap 7.48518 best 6.7616
swap between best curr 6.73332 swap 6.7616 best 6.73332
swap between best curr 6.08526 swap 6.73332 best 6.08526
swap between best curr 5.96281 swap 6.08526 best 5.96281
swap between best curr 5.73635 swap 5.96281 best 5.73635
swap between best curr 5.70172 swap 5.73635 best 5.70172
swap between best curr 5.63103 swap 5.70172 best 5.63103
swap between best curr 5.37978 swap 5.63103 best 5.37978
swap between best curr 4.8381 swap 5.37978 best 4.8381
swap between best curr 3.99824 swap 4.8381 best 3.99824
swap between best curr 3.99545 swap 3.99824 best 3.99545
swap between best curr 3.92151 swap 3.99545 best 3.92151
swap between best curr 3.8921 swap 3.92151 best 3.8921
swap between best curr 3.35339 swap 3.8921 best 3.35339
swap between best curr 2.54923 swap 3.35339 best 2.54923
swap between best curr 2.52373 swap 2.54923 best 2.52373
swap between best curr 2.35204 swap 2.52373 best 2.35204
swap between best curr 1.88771 swap 2.35204 best 1.88771
swap between best curr 1.71739 swap 1.88771 best 1.71739
swap in good curr 2.14901 swap 9999 best 1.71739
swap between good curr 2.11209 swap 2.14901 best 1.71739
swap between good curr 1.73666 swap 2.11209 best 1.71739
swap between best curr 1.00955 swap 1.73666 best 1.00955
swap between best curr 0.841429 swap 1.00955 best 0.841429
swap between best curr 0.602645 swap 0.841429 best 0.602645
swap between best curr 0.391826 swap 0.602645 best 0.391826
swap between best curr -0.476142 swap 0.391826 best -0.476142
totalE 22.058763 extE -7.987778 
swap between best curr -0.633072 swap -0.476142 best -0.633072
totalE 21.901833 extE -8.144707 
swap between best curr -0.695062 swap -0.633072 best -0.695062
totalE 21.795496 extE -8.191914 
swap between best curr -1.24033 swap -0.695062 best -1.24033
totalE 20.442122 extE -8.467815 
swap between best curr -1.32736 swap -1.24033 best -1.32736
totalE 20.605137 extE -8.638191 
swap between best curr -1.39098 swap -1.32736 best -1.39098
totalE 20.865857 extE -8.809922 
swap between best curr -1.39988 swap -1.39098 best -1.39988
totalE 20.856959 extE -8.818821 
swap between best curr -1.72153 swap -1.39988 best -1.72153
totalE 19.012359 extE -8.632822 
swap between best curr -2.27731 swap -1.72153 best -2.27731
totalE 17.414897 extE -8.841375 
swap between best curr -2.32114 swap -2.27731 best -2.32114
totalE 15.440031 extE -8.241526 
swap between best curr -2.45506 swap -2.32114 best -2.45506
totalE 15.156380 extE -8.325541 
swap between best curr -2.51459 swap -2.45506 best -2.51459
totalE 15.194502 extE -8.417623 
swap between best curr -2.62469 swap -2.51459 best -2.62469
totalE 15.292648 extE -8.597138 
swap between best curr -2.76678 swap -2.62469 best -2.76678
totalE 15.257667 extE -8.774926 
swap between best curr -2.79251 swap -2.76678 best -2.79251
totalE 15.471172 extE -8.880402 
swap between best curr -3.06726 swap -2.79251 best -3.06726
totalE 15.363927 extE -9.210986 
swap between best curr -3.24832 swap -3.06726 best -3.24832
totalE 11.392739 extE -8.128672 
swap between best curr -3.26865 swap -3.24832 best -3.26865
totalE 12.010478 extE -8.361689 
swap between best curr -3.59816 swap -3.26865 best -3.59816
totalE 11.129128 extE -8.507262 
swap between best curr -3.90483 swap -3.59816 best -3.90483
totalE 10.280449 extE -8.633260 
swap between best curr -4.11087 swap -3.90483 best -4.11087
totalE 9.999256 extE -8.814243 
totalE 600125.573715 extE 599994.000000 
totalE 600125.573715 extE 599994.000000 
totalE 600125.573715 extE 599994.000000 
totalE 600125.573715 extE 599994.000000 
totalE 600125.573715 extE 599994.000000 
totalE 600125.573715 extE 599994.000000 
totalE 600125.573715 extE 599994.000000 
totalE 600125.573715 extE 599994.000000 
totalE 9.999256 extE -8.814243 
totalE 29.690105 extE -7.606845 
totalE 9.999256 extE -8.814243 
best target energy -4.11087
The program has successfully finished in 1 seconds. :)  Bye-bye!
ramaprob initialise success 
transpoints initialise success with 89 transpoints 
grid box initialise succuss 67 57 73 
