found external potential parameters 1 
found external potential parameters 4 
setting constrained list file constrains
Building protein from sequence: ABCDEFGHIGKLMNGPQRSTGVWGYZ.
Building protein from sequence: ABCDEFGHIGKLMNGPQRSTGVWGYZ (26 amino acids, 1 chains).
ABCDEFGHIGKLMNGPQRSTGVWGYZ 26
Building protein from sequence: tlgdyl.
Building protein from sequence: tlgdyl (6 amino acids, 1 chains).
tlgdyl 6
AD Grid maps initialisation finished 
1marking constrained amino acids from file constrains
Constraining amino acids: 1
WARNING! Contact map file 'NULL' given, so no bias interactions will be calculated.
0 0 0 0 0 0  aaa 1 99999 
 aaa 2 99999 
 aaa 3 99999 
 aaa 4 99999 
 aaa 5 99999 
 aaa 6 99999 
SS Energy diag offdiag 599994 99999 99999 99999 99999 99999 99999 
599994 
0 124.241 
0 0.0968463 1.76105 
0 -0.0497119 -0.132547 5.16603 
0 0 0.0960069 -0.150984 1.83491 
0 0 0 -0.0320563 -0.180324 1.74684 
0 0 0 0 0.146666 -0.177494 0.733051 
initial transmutate ATLGDYL 
transmutate!!! 7.855 91.244 26.426
transmutate!!! 7.855 91.244 26.426
begin run with pace 1 stretch 800 
599994 99999 99999 99999 99999 99999 99999 
599994 
0 124.241 
0 0.0968463 1.76105 
0 -0.0497119 -0.132547 5.16603 
0 0 0.0960069 -0.150984 1.83491 
0 0 0 -0.0320563 -0.180324 1.74684 
0 0 0 0 0.146666 -0.177494 0.733051 
creating MC move lookup table.
Sequence:    TLGDYL
Fixed:             
Constrained: x     
Chain:       111111
len 1 bonds, Nchains 1:*0 x1 x2 x3 x4 x5 x6 7+0 != (7-1+(1-0)*1

len 2 bonds, Nchains 1:*0 x1 x2 x3 x4 x5 6+0 != (7-1+(1-1)*1
-1 
len 3 bonds, Nchains 1:*0 x1 x2 x3 x4 5+0 != (7-1+(1-2)*1
-1 -1 
len 4 bonds, Nchains 1:*0 x1 x2 x3 4+0 != (7-1+(1-3)*1
-1 -1 -1 
swap in best curr 163.372 swap 9999 best 99999
swap in best curr 151.213 swap 9999 best 163.372
swap between good curr 151.77 swap 163.372 best 151.213
swap between best curr 135.657 swap 151.77 best 135.657
swap between best curr 89.3725 swap 135.657 best 89.3725
swap between best curr 83.05 swap 89.3725 best 83.05
swap between best curr 80.1682 swap 83.05 best 80.1682
swap between best curr 67.6455 swap 80.1682 best 67.6455
swap between best curr 60.9134 swap 67.6455 best 60.9134
swap between best curr 54.6082 swap 60.9134 best 54.6082
swap between best curr 46.7687 swap 54.6082 best 46.7687
swap between best curr 46.1529 swap 46.7687 best 46.1529
swap between best curr 45.5638 swap 46.1529 best 45.5638
swap between best curr 42.1738 swap 45.5638 best 42.1738
swap between best curr 41.5794 swap 42.1738 best 41.5794
swap between best curr 36.5326 swap 41.5794 best 36.5326
swap between best curr 35.4938 swap 36.5326 best 35.4938
swap between best curr 33.371 swap 35.4938 best 33.371
swap between best curr 31.6031 swap 33.371 best 31.6031
swap between best curr 30.7176 swap 31.6031 best 30.7176
swap between best curr 30.1427 swap 30.7176 best 30.1427
swap between best curr 30.1386 swap 30.1427 best 30.1386
swap between best curr 29.5605 swap 30.1386 best 29.5605
swap between best curr 28.8573 swap 29.5605 best 28.8573
swap between best curr 28.7828 swap 28.8573 best 28.7828
swap between best curr 28.6132 swap 28.7828 best 28.6132
swap between best curr 28.3826 swap 28.6132 best 28.3826
swap between best curr 28.3706 swap 28.3826 best 28.3706
swap between best curr 27.6558 swap 28.3706 best 27.6558
swap between best curr 27.5946 swap 27.6558 best 27.5946
swap between best curr 27.3604 swap 27.5946 best 27.3604
swap between best curr 27.3106 swap 27.3604 best 27.3106
swap between best curr 20.6629 swap 27.3106 best 20.6629
swap between best curr 18.7628 swap 20.6629 best 18.7628
swap between best curr 18.588 swap 18.7628 best 18.588
swap between best curr 17.7732 swap 18.588 best 17.7732
swap between best curr 14.9994 swap 17.7732 best 14.9994
swap between best curr 14.6927 swap 14.9994 best 14.6927
swap between best curr 14.3243 swap 14.6927 best 14.3243
swap between best curr 14.2533 swap 14.3243 best 14.2533
swap between best curr 13.6536 swap 14.2533 best 13.6536
swap between best curr 13.367 swap 13.6536 best 13.367
swap between best curr 13.2082 swap 13.367 best 13.2082
swap between best curr 12.7375 swap 13.2082 best 12.7375
swap between best curr 12.708 swap 12.7375 best 12.708
swap between best curr 10.4024 swap 12.708 best 10.4024
swap between best curr 9.34957 swap 10.4024 best 9.34957
swap between best curr 9.31846 swap 9.34957 best 9.31846
swap between best curr 7.86544 swap 9.31846 best 7.86544
swap between best curr 7.73196 swap 7.86544 best 7.73196
swap between best curr 7.33695 swap 7.73196 best 7.33695
swap between best curr 6.98595 swap 7.33695 best 6.98595
swap between best curr 6.40451 swap 6.98595 best 6.40451
swap between best curr 6.24361 swap 6.40451 best 6.24361
swap between best curr 5.57094 swap 6.24361 best 5.57094
swap between best curr 5.34725 swap 5.57094 best 5.34725
swap between best curr 5.25582 swap 5.34725 best 5.25582
swap between best curr 5.25292 swap 5.25582 best 5.25292
swap between best curr 4.8657 swap 5.25292 best 4.8657
swap between best curr 4.71201 swap 4.8657 best 4.71201
swap between best curr 4.60401 swap 4.71201 best 4.60401
swap between best curr 3.6579 swap 4.60401 best 3.6579
swap between best curr 3.6445 swap 3.6579 best 3.6445
swap between best curr 3.63022 swap 3.6445 best 3.63022
swap between best curr 3.55788 swap 3.63022 best 3.55788
swap between best curr 3.42658 swap 3.55788 best 3.42658
swap between best curr 3.36226 swap 3.42658 best 3.36226
swap between best curr 3.28321 swap 3.36226 best 3.28321
swap between best curr 2.83991 swap 3.28321 best 2.83991
swap between best curr 2.78989 swap 2.83991 best 2.78989
swap between best curr 2.56548 swap 2.78989 best 2.56548
swap between best curr 2.32114 swap 2.56548 best 2.32114
swap between best curr 2.22098 swap 2.32114 best 2.22098
swap between best curr 2.11623 swap 2.22098 best 2.11623
swap between best curr 1.94333 swap 2.11623 best 1.94333
swap between best curr 0.805423 swap 1.94333 best 0.805423
swap between best curr 0.784733 swap 0.805423 best 0.784733
swap between best curr 0.729786 swap 0.784733 best 0.729786
swap between best curr 0.690042 swap 0.729786 best 0.690042
swap between best curr 0.645146 swap 0.690042 best 0.645146
swap between best curr 0.515683 swap 0.645146 best 0.515683
swap between best curr 0.377046 swap 0.515683 best 0.377046
swap between best curr 0.136294 swap 0.377046 best 0.136294
swap between best curr 0.0563699 swap 0.136294 best 0.0563699
swap between best curr -0.143542 swap 0.0563699 best -0.143542
totalE 8.235242 extE -2.936470 
swap between best curr -0.208422 swap -0.143542 best -0.208422
totalE 8.059335 extE -2.964341 
swap between best curr -0.402817 swap -0.208422 best -0.402817
totalE 7.731731 extE -3.114333 
swap in good curr 0.588478 swap 9999 best -0.402817
swap between good curr 0.320461 swap 0.588478 best -0.402817
swap between good curr -0.00414458 swap 0.320461 best -0.402817
swap between good curr -0.210422 swap -0.00414458 best -0.402817
swap between good curr -0.270014 swap -0.210422 best -0.402817
swap between best curr -0.589399 swap -0.270014 best -0.589399
totalE 15.965116 extE -6.107571 
swap between best curr -0.868565 swap -0.589399 best -0.868565
totalE 15.685951 extE -6.386736 
swap between best curr -0.882156 swap -0.868565 best -0.882156
totalE 15.176687 extE -6.235103 
swap between best curr -1.26826 swap -0.882156 best -1.26826
totalE 13.929341 extE -6.334126 
swap between best curr -2.13799 swap -1.26826 best -2.13799
totalE 11.159964 extE -6.570638 
swap between best curr -2.41698 swap -2.13799 best -2.41698
totalE 10.640489 extE -6.769467 
swap between best curr -2.43274 swap -2.41698 best -2.43274
totalE 10.624730 extE -6.785225 
swap between best curr -2.45168 swap -2.43274 best -2.45168
totalE 10.950488 extE -6.919066 
swap between best curr -2.46717 swap -2.45168 best -2.46717
totalE 11.283720 extE -7.050794 
swap between best curr -3.23415 swap -2.46717 best -3.23415
totalE 8.346274 extE -7.094291 
swap between best curr -3.55123 swap -3.23415 best -3.55123
totalE 6.478037 extE -6.894322 
swap between best curr -3.69406 swap -3.55123 best -3.69406
totalE 6.349434 extE -7.041885 
swap between best curr -3.92898 swap -3.69406 best -3.92898
totalE 5.023935 extE -6.913281 
swap between best curr -4.00003 swap -3.92898 best -4.00003
totalE 5.344722 extE -7.114943 
totalE 600129.099140 extE 599994.000000 
totalE 600129.099140 extE 599994.000000 
totalE 600129.099140 extE 599994.000000 
totalE 600129.099140 extE 599994.000000 
totalE 600129.099140 extE 599994.000000 
totalE 600129.099140 extE 599994.000000 
totalE 600129.099140 extE 599994.000000 
totalE 600129.099140 extE 599994.000000 
totalE 5.344722 extE -7.114943 
totalE 7.731731 extE -3.114333 
totalE 5.344722 extE -7.114943 
best target energy -4.00003
The program has successfully finished in 1 seconds. :)  Bye-bye!
ramaprob initialise success 
transpoints initialise success with 89 transpoints 
grid box initialise succuss 67 57 73 
