found external potential parameters 1 
found external potential parameters 4 
setting constrained list file constrains
Building protein from sequence: ABCDEFGHIGKLMNGPQRSTGVWGYZ.
Building protein from sequence: ABCDEFGHIGKLMNGPQRSTGVWGYZ (26 amino acids, 1 chains).
ABCDEFGHIGKLMNGPQRSTGVWGYZ 26
Building protein from sequence: pldvpal.
Building protein from sequence: pldvpal (7 amino acids, 1 chains).
pldvpal 7
AD Grid maps initialisation finished 
1marking constrained amino acids from file constrains
Constraining amino acids: 1
WARNING! Contact map file 'NULL' given, so no bias interactions will be calculated.
0 0 0 0 0 0 0  aaa 1 99999 
 aaa 2 99999 
 aaa 3 99999 
 aaa 4 99999 
 aaa 5 99999 
 aaa 6 99999 
 aaa 7 99999 
SS Energy diag offdiag 699993 99999 99999 99999 99999 99999 99999 99999 
699993 
0 124.165 
0 -0.163793 1.76105 
0 -0.0417095 -0.201826 1.83491 
0 0 -0.821729 -0.229061 2.0404 
0 0 -0.000521244 -0.0840894 95.6549 1.77843 
0 0 0 0 -0.365942 -0.165288 2.81203 
0 0 0 0 0 -0.037581 -0.169295 0.733051 
initial transmutate APLDVPAL 
transmutate!!! 8.855 93.244 24.426
transmutate!!! 8.855 93.244 24.426
begin run with pace 1 stretch 800 
699993 99999 99999 99999 99999 99999 99999 99999 
699993 
0 124.165 
0 -0.163793 1.76105 
0 -0.0417095 -0.201826 1.83491 
0 0 -0.821729 -0.229061 2.0404 
0 0 -0.000521244 -0.0840894 95.6549 1.77843 
0 0 0 0 -0.365942 -0.165288 2.81203 
0 0 0 0 0 -0.037581 -0.169295 0.733051 
creating MC move lookup table.
Sequence:    PLDVPAL
Fixed:              
Constrained: x      
Chain:       1111111
len 1 bonds, Nchains 1:*0 x1 x2 x3 x4 x5 x6 x7 8+0 != (8-1+(1-0)*1

len 2 bonds, Nchains 1:*0 x1 x2 x3 x4 x5 x6 7+0 != (8-1+(1-1)*1
-1 
len 3 bonds, Nchains 1:*0 x1 x2 x3 x4 x5 6+0 != (8-1+(1-2)*1
-1 -1 
len 4 bonds, Nchains 1:*0 x1 x2 x3 x4 5+0 != (8-1+(1-3)*1
-1 -1 -1 
swap in best curr 96.6395 swap 9999 best 99999
swap in best curr 88.8986 swap 9999 best 96.6395
swap between best curr 81.287 swap 96.6395 best 81.287
swap between best curr 80.5352 swap 81.287 best 80.5352
swap between best curr 73.9 swap 80.5352 best 73.9
swap between best curr 70.1585 swap 73.9 best 70.1585
swap between best curr 64.8186 swap 70.1585 best 64.8186
swap between best curr 64.7778 swap 64.8186 best 64.7778
swap between best curr 57.6031 swap 64.7778 best 57.6031
swap between best curr 55.0974 swap 57.6031 best 55.0974
swap between best curr 53.1698 swap 55.0974 best 53.1698
swap between best curr 51.4614 swap 53.1698 best 51.4614
swap between best curr 49.7687 swap 51.4614 best 49.7687
swap between best curr 48.7552 swap 49.7687 best 48.7552
swap between best curr 46.8476 swap 48.7552 best 46.8476
swap between best curr 43.7469 swap 46.8476 best 43.7469
swap between best curr 43.4953 swap 43.7469 best 43.4953
swap between best curr 41.7503 swap 43.4953 best 41.7503
swap between best curr 39.7493 swap 41.7503 best 39.7493
swap between best curr 39.0347 swap 39.7493 best 39.0347
swap between best curr 38.7137 swap 39.0347 best 38.7137
swap between best curr 36.601 swap 38.7137 best 36.601
swap between best curr 36.081 swap 36.601 best 36.081
swap between best curr 35.9371 swap 36.081 best 35.9371
swap between best curr 34.8928 swap 35.9371 best 34.8928
swap between best curr 34.4936 swap 34.8928 best 34.4936
swap between best curr 34.4653 swap 34.4936 best 34.4653
swap between best curr 34.4092 swap 34.4653 best 34.4092
swap between best curr 34.2252 swap 34.4092 best 34.2252
swap between best curr 33.9672 swap 34.2252 best 33.9672
swap between best curr 33.9142 swap 33.9672 best 33.9142
swap between best curr 33.8022 swap 33.9142 best 33.8022
swap between best curr 33.7333 swap 33.8022 best 33.7333
swap between best curr 27.0968 swap 33.7333 best 27.0968
swap between best curr 26.9571 swap 27.0968 best 26.9571
swap between best curr 26.1942 swap 26.9571 best 26.1942
swap between best curr 26.086 swap 26.1942 best 26.086
swap between best curr 26.054 swap 26.086 best 26.054
swap between best curr 25.9261 swap 26.054 best 25.9261
swap between best curr 25.5047 swap 25.9261 best 25.5047
swap between best curr 25.472 swap 25.5047 best 25.472
swap between best curr 25.3963 swap 25.472 best 25.3963
swap between best curr 25.3067 swap 25.3963 best 25.3067
swap between best curr 18.2573 swap 25.3067 best 18.2573
swap between best curr 17.7839 swap 18.2573 best 17.7839
swap between best curr 17.2077 swap 17.7839 best 17.2077
swap between best curr 17.1 swap 17.2077 best 17.1
swap between best curr 17.065 swap 17.1 best 17.065
swap between best curr 16.9215 swap 17.065 best 16.9215
swap between best curr 16.8477 swap 16.9215 best 16.8477
swap between best curr 16.7551 swap 16.8477 best 16.7551
swap between best curr 16.7367 swap 16.7551 best 16.7367
swap between best curr 16.23 swap 16.7367 best 16.23
swap between best curr 15.4625 swap 16.23 best 15.4625
swap between best curr 13.2897 swap 15.4625 best 13.2897
swap between best curr 13.2592 swap 13.2897 best 13.2592
swap between best curr 13.1353 swap 13.2592 best 13.1353
swap between best curr 13.0645 swap 13.1353 best 13.0645
swap between best curr 13.0253 swap 13.0645 best 13.0253
swap between best curr 12.0461 swap 13.0253 best 12.0461
swap between best curr 11.989 swap 12.0461 best 11.989
swap between best curr 11.875 swap 11.989 best 11.875
swap between best curr 11.5815 swap 11.875 best 11.5815
swap between best curr 11.4964 swap 11.5815 best 11.4964
swap between best curr 11.449 swap 11.4964 best 11.449
swap between best curr 10.4634 swap 11.449 best 10.4634
swap between best curr 10.3786 swap 10.4634 best 10.3786
swap between best curr 10.3325 swap 10.3786 best 10.3325
swap between best curr 10.3279 swap 10.3325 best 10.3279
swap between best curr 10.2855 swap 10.3279 best 10.2855
swap between best curr 10.2721 swap 10.2855 best 10.2721
swap between best curr 10.1126 swap 10.2721 best 10.1126
swap between best curr 10.102 swap 10.1126 best 10.102
swap between best curr 10.0847 swap 10.102 best 10.0847
swap between best curr 9.73909 swap 10.0847 best 9.73909
swap between best curr 9.72686 swap 9.73909 best 9.72686
swap between best curr 7.71145 swap 9.72686 best 7.71145
swap between best curr 7.48596 swap 7.71145 best 7.48596
swap between best curr 7.22729 swap 7.48596 best 7.22729
swap between best curr 6.72444 swap 7.22729 best 6.72444
swap between best curr 6.55478 swap 6.72444 best 6.55478
swap between best curr 6.47507 swap 6.55478 best 6.47507
swap in good curr 7.5836 swap 9999 best 6.47507
swap between good curr 7.49149 swap 7.5836 best 6.47507
swap between good curr 7.30364 swap 7.49149 best 6.47507
swap between good curr 7.20953 swap 7.30364 best 6.47507
swap between good curr 6.86986 swap 7.20953 best 6.47507
swap between good curr 6.82249 swap 6.86986 best 6.47507
swap between best curr 5.76006 swap 6.82249 best 5.76006
swap between best curr 5.49034 swap 5.76006 best 5.49034
swap between best curr 4.96126 swap 5.49034 best 4.96126
swap between best curr 4.85112 swap 4.96126 best 4.85112
swap between best curr 4.48406 swap 4.85112 best 4.48406
swap between best curr 4.07933 swap 4.48406 best 4.07933
swap between best curr 3.69599 swap 4.07933 best 3.69599
swap between best curr 3.46667 swap 3.69599 best 3.46667
swap between best curr 3.43873 swap 3.46667 best 3.43873
swap between best curr 3.27977 swap 3.43873 best 3.27977
swap between best curr 2.67516 swap 3.27977 best 2.67516
swap between best curr 2.39471 swap 2.67516 best 2.39471
swap between best curr 2.25877 swap 2.39471 best 2.25877
swap between best curr 1.99902 swap 2.25877 best 1.99902
swap between best curr 1.06581 swap 1.99902 best 1.06581
swap between best curr 0.938906 swap 1.06581 best 0.938906
swap between best curr 0.722533 swap 0.938906 best 0.722533
swap between best curr 0.574168 swap 0.722533 best 0.574168
swap between best curr 0.508595 swap 0.574168 best 0.508595
swap between best curr 0.491225 swap 0.508595 best 0.491225
swap between best curr 0.437751 swap 0.491225 best 0.437751
swap between best curr 0.384332 swap 0.437751 best 0.384332
swap between best curr 0.358687 swap 0.384332 best 0.358687
swap between best curr 0.291386 swap 0.358687 best 0.291386
swap between best curr -0.00768692 swap 0.291386 best -0.00768692
totalE 20.243139 extE -6.757962 
swap between best curr -0.0762427 swap -0.00768692 best -0.0762427
totalE 20.490126 extE -6.931699 
swap between best curr -0.534205 swap -0.0762427 best -0.534205
totalE 20.572097 extE -7.569639 
swap between best curr -1.01291 swap -0.534205 best -1.01291
totalE 18.800009 extE -7.617222 
swap between best curr -1.07062 swap -1.01291 best -1.07062
totalE 18.552563 extE -7.611687 
swap between best curr -1.07554 swap -1.07062 best -1.07554
totalE 18.069066 extE -7.457070 
swap between best curr -1.18123 swap -1.07554 best -1.18123
totalE 17.765610 extE -7.496841 
swap between best curr -1.54033 swap -1.18123 best -1.54033
totalE 16.526612 extE -7.562643 
swap between best curr -1.59248 swap -1.54033 best -1.59248
totalE 16.426659 extE -7.598863 
totalE 700221.499076 extE 699993.000000 
totalE 700221.499076 extE 699993.000000 
totalE 700221.499076 extE 699993.000000 
totalE 700221.499076 extE 699993.000000 
totalE 700221.499076 extE 699993.000000 
totalE 700221.499076 extE 699993.000000 
totalE 700221.499076 extE 699993.000000 
totalE 700221.499076 extE 699993.000000 
totalE 16.426659 extE -7.598863 
totalE 39.896733 extE -4.665480 
totalE 16.426659 extE -7.598863 
best target energy -1.59248
The program has successfully finished in 0 seconds. :)  Bye-bye!
ramaprob initialise success 
transpoints initialise success with 89 transpoints 
grid box initialise succuss 67 57 73 
