found external potential parameters 1 
found external potential parameters 4 
setting constrained list file constrains
Building protein from sequence: ABCDEFGHIGKLMNGPQRSTGVWGYZ.
Building protein from sequence: ABCDEFGHIGKLMNGPQRSTGVWGYZ (26 amino acids, 1 chains).
ABCDEFGHIGKLMNGPQRSTGVWGYZ 26
Building protein from sequence: vlsdyc.
Building protein from sequence: vlsdyc (6 amino acids, 1 chains).
vlsdyc 6
AD Grid maps initialisation finished 
1marking constrained amino acids from file constrains
Constraining amino acids: 1
WARNING! Contact map file 'NULL' given, so no bias interactions will be calculated.
0 0 0 0 0 0  aaa 1 99999 
 aaa 2 99999 
 aaa 3 99999 
 aaa 4 99999 
 aaa 5 99999 
 aaa 6 99999 
SS Energy diag offdiag 599994 99999 99999 99999 99999 99999 99999 
599994 
0 124.202 
0 0.149397 1.76105 
0 0.356361 -0.209267 2.05 
0 0 0.0960069 -0.215882 1.83491 
0 0 0 -0.0407379 -0.180324 1.74684 
0 0 0 -0.000120036 -0.0662753 -0.210273 30.736 
initial transmutate AVLSDYC 
transmutate!!! 6.855 93.244 28.426
transmutate!!! 6.855 93.244 28.426
begin run with pace 1 stretch 800 
599994 99999 99999 99999 99999 99999 99999 
599994 
0 124.202 
0 0.149397 1.76105 
0 0.356361 -0.209267 2.05 
0 0 0.0960069 -0.215882 1.83491 
0 0 0 -0.0407379 -0.180324 1.74684 
0 0 0 -0.000120036 -0.0662753 -0.210273 30.736 
creating MC move lookup table.
Sequence:    VLSDYC
Fixed:             
Constrained: x     
Chain:       111111
len 1 bonds, Nchains 1:*0 x1 x2 x3 x4 x5 x6 7+0 != (7-1+(1-0)*1

len 2 bonds, Nchains 1:*0 x1 x2 x3 x4 x5 6+0 != (7-1+(1-1)*1
-1 
len 3 bonds, Nchains 1:*0 x1 x2 x3 x4 5+0 != (7-1+(1-2)*1
-1 -1 
len 4 bonds, Nchains 1:*0 x1 x2 x3 4+0 != (7-1+(1-3)*1
-1 -1 -1 
swap in best curr 174.273 swap 9999 best 99999
swap in best curr 166.325 swap 9999 best 174.273
swap between best curr 153.532 swap 174.273 best 153.532
swap between best curr 147.869 swap 153.532 best 147.869
swap between best curr 145.575 swap 147.869 best 145.575
swap between best curr 141.94 swap 145.575 best 141.94
swap between best curr 127.564 swap 141.94 best 127.564
swap between best curr 124.049 swap 127.564 best 124.049
swap between best curr 110.013 swap 124.049 best 110.013
swap between best curr 104.45 swap 110.013 best 104.45
swap between best curr 90.1087 swap 104.45 best 90.1087
swap between best curr 79.2276 swap 90.1087 best 79.2276
swap between best curr 66.7406 swap 79.2276 best 66.7406
swap between best curr 61.2307 swap 66.7406 best 61.2307
swap between best curr 54.192 swap 61.2307 best 54.192
swap between best curr 50.5083 swap 54.192 best 50.5083
swap between best curr 46.4034 swap 50.5083 best 46.4034
swap between best curr 43.7228 swap 46.4034 best 43.7228
swap between best curr 36.0291 swap 43.7228 best 36.0291
swap between best curr 34.94 swap 36.0291 best 34.94
swap between best curr 31.507 swap 34.94 best 31.507
swap between best curr 31.13 swap 31.507 best 31.13
swap between best curr 30.8474 swap 31.13 best 30.8474
swap between best curr 30.1779 swap 30.8474 best 30.1779
swap between best curr 16.5065 swap 30.1779 best 16.5065
swap between best curr 16.1482 swap 16.5065 best 16.1482
swap between best curr 14.8587 swap 16.1482 best 14.8587
swap in good curr 19.4691 swap 9999 best 14.8587
swap between good curr 16.9668 swap 19.4691 best 14.8587
swap between best curr 12.8381 swap 16.9668 best 12.8381
swap between best curr 11.5682 swap 12.8381 best 11.5682
swap between best curr 8.80753 swap 11.5682 best 8.80753
swap in good curr 9.79881 swap 9999 best 8.80753
swap between best curr 7.44153 swap 9.79881 best 7.44153
swap between best curr 4.45059 swap 7.44153 best 4.45059
swap between best curr 3.72288 swap 4.45059 best 3.72288
swap between best curr 3.66365 swap 3.72288 best 3.66365
swap between best curr 3.47032 swap 3.66365 best 3.47032
swap between best curr 2.77684 swap 3.47032 best 2.77684
swap between best curr 2.4933 swap 2.77684 best 2.4933
swap between best curr 2.24776 swap 2.4933 best 2.24776
swap between best curr 1.16613 swap 2.24776 best 1.16613
swap between best curr 0.342031 swap 1.16613 best 0.342031
swap between best curr -0.0644987 swap 0.342031 best -0.0644987
totalE 21.284511 extE -7.180835 
swap between best curr -0.433654 swap -0.0644987 best -0.433654
totalE 20.481201 extE -7.405272 
swap between best curr -0.955764 swap -0.433654 best -0.955764
totalE 19.959091 extE -7.927382 
swap between best curr -0.972655 swap -0.955764 best -0.972655
totalE 19.119763 extE -7.670127 
swap between best curr -1.08808 swap -0.972655 best -1.08808
totalE 11.343656 extE -5.231989 
swap between best curr -1.14072 swap -1.08808 best -1.14072
totalE 11.291009 extE -5.284636 
swap between best curr -2.05066 swap -1.14072 best -2.05066
totalE 11.430529 extE -6.544384 
swap between best curr -2.18897 swap -2.05066 best -2.18897
totalE 10.361591 extE -6.372496 
swap between best curr -2.34116 swap -2.18897 best -2.34116
totalE 11.017355 extE -6.793994 
swap between best curr -2.35366 swap -2.34116 best -2.35366
totalE 11.004850 extE -6.806499 
swap between best curr -2.36318 swap -2.35366 best -2.36318
totalE 10.995334 extE -6.816015 
swap between best curr -2.40178 swap -2.36318 best -2.40178
totalE 10.956733 extE -6.854616 
swap between best curr -3.06967 swap -2.40178 best -3.06967
totalE 10.412371 extE -7.563689 
swap between best curr -3.23576 swap -3.06967 best -3.23576
totalE 9.909562 extE -7.617538 
totalE 600156.009782 extE 599994.000000 
totalE 600156.009782 extE 599994.000000 
totalE 600156.009782 extE 599994.000000 
totalE 600156.009782 extE 599994.000000 
totalE 600156.009782 extE 599994.000000 
totalE 600156.009782 extE 599994.000000 
totalE 600156.009782 extE 599994.000000 
totalE 9.909562 extE -7.617538 
totalE 50.492955 extE -5.087617 
totalE 72.728826 extE -4.431332 
totalE 9.909562 extE -7.617538 
best target energy -3.23576
The program has successfully finished in 0 seconds. :)  Bye-bye!
ramaprob initialise success 
transpoints initialise success with 89 transpoints 
grid box initialise succuss 67 57 73 
