found external potential parameters 1 
found external potential parameters 4 
setting constrained list file constrains
Building protein from sequence: ABCDEFGHIGKLMNGPQRSTGVWGYZ.
Building protein from sequence: ABCDEFGHIGKLMNGPQRSTGVWGYZ (26 amino acids, 1 chains).
ABCDEFGHIGKLMNGPQRSTGVWGYZ 26
Building protein from sequence: tlqdyl.
Building protein from sequence: tlqdyl (6 amino acids, 1 chains).
tlqdyl 6
AD Grid maps initialisation finished 
1marking constrained amino acids from file constrains
Constraining amino acids: 1
WARNING! Contact map file 'NULL' given, so no bias interactions will be calculated.
0 0 0 0 0 0  aaa 1 99999 
 aaa 2 99999 
 aaa 3 99999 
 aaa 4 99999 
 aaa 5 99999 
 aaa 6 99999 
SS Energy diag offdiag 599994 99999 99999 99999 99999 99999 99999 
599994 
0 124.241 
0 0.0968463 1.76105 
0 -0.0800624 -0.189474 1.76045 
0 0 0.0960069 -0.185386 1.83491 
0 0 0 -0.0364811 -0.180324 1.74684 
0 0 0 0 0.146666 -0.177494 0.733051 
initial transmutate ATLQDYL 
transmutate!!! 10.855 99.244 11.426
transmutate!!! 10.855 99.244 11.426
begin run with pace 1 stretch 800 
599994 99999 99999 99999 99999 99999 99999 
599994 
0 124.241 
0 0.0968463 1.76105 
0 -0.0800624 -0.189474 1.76045 
0 0 0.0960069 -0.185386 1.83491 
0 0 0 -0.0364811 -0.180324 1.74684 
0 0 0 0 0.146666 -0.177494 0.733051 
creating MC move lookup table.
Sequence:    TLQDYL
Fixed:             
Constrained: x     
Chain:       111111
len 1 bonds, Nchains 1:*0 x1 x2 x3 x4 x5 x6 7+0 != (7-1+(1-0)*1

len 2 bonds, Nchains 1:*0 x1 x2 x3 x4 x5 6+0 != (7-1+(1-1)*1
-1 
len 3 bonds, Nchains 1:*0 x1 x2 x3 x4 5+0 != (7-1+(1-2)*1
-1 -1 
len 4 bonds, Nchains 1:*0 x1 x2 x3 4+0 != (7-1+(1-3)*1
-1 -1 -1 
swap in best curr 104.387 swap 9999 best 99999
swap in best curr 104.358 swap 9999 best 104.387
swap between best curr 100.533 swap 104.387 best 100.533
swap between best curr 100.498 swap 100.533 best 100.498
swap between best curr 98.6611 swap 100.498 best 98.6611
swap between best curr 94.2559 swap 98.6611 best 94.2559
swap between best curr 94.063 swap 94.2559 best 94.063
swap between best curr 90.0111 swap 94.063 best 90.0111
swap between best curr 88.2126 swap 90.0111 best 88.2126
swap between best curr 87.1239 swap 88.2126 best 87.1239
swap between best curr 83.589 swap 87.1239 best 83.589
swap between best curr 82.1323 swap 83.589 best 82.1323
swap between best curr 80.8333 swap 82.1323 best 80.8333
swap between best curr 79.645 swap 80.8333 best 79.645
swap between best curr 78.1299 swap 79.645 best 78.1299
swap between best curr 75.5863 swap 78.1299 best 75.5863
swap between best curr 74.1096 swap 75.5863 best 74.1096
swap between best curr 71.6822 swap 74.1096 best 71.6822
swap between best curr 69.7208 swap 71.6822 best 69.7208
swap between best curr 68.4978 swap 69.7208 best 68.4978
swap between best curr 66.0802 swap 68.4978 best 66.0802
swap between best curr 51.1251 swap 66.0802 best 51.1251
swap between best curr 49.3524 swap 51.1251 best 49.3524
swap between best curr 46.3442 swap 49.3524 best 46.3442
swap between best curr 45.5038 swap 46.3442 best 45.5038
swap between best curr 42.042 swap 45.5038 best 42.042
swap between best curr 40.9962 swap 42.042 best 40.9962
swap between best curr 39.8625 swap 40.9962 best 39.8625
swap between best curr 38.6257 swap 39.8625 best 38.6257
swap between best curr 36.7282 swap 38.6257 best 36.7282
swap between best curr 35.5789 swap 36.7282 best 35.5789
swap between best curr 35.5094 swap 35.5789 best 35.5094
swap between best curr 32.0438 swap 35.5094 best 32.0438
swap between best curr 30.8779 swap 32.0438 best 30.8779
swap between best curr 29.8899 swap 30.8779 best 29.8899
swap between best curr 29.7987 swap 29.8899 best 29.7987
swap between best curr 27.7692 swap 29.7987 best 27.7692
swap between best curr 26.8258 swap 27.7692 best 26.8258
swap between best curr 26.0756 swap 26.8258 best 26.0756
swap between best curr 25.5783 swap 26.0756 best 25.5783
swap between best curr 25.1428 swap 25.5783 best 25.1428
swap between best curr 24.6367 swap 25.1428 best 24.6367
swap between best curr 24.3054 swap 24.6367 best 24.3054
swap between best curr 21.0931 swap 24.3054 best 21.0931
swap between best curr 19.9288 swap 21.0931 best 19.9288
swap between best curr 18.9047 swap 19.9288 best 18.9047
swap between best curr 18.5732 swap 18.9047 best 18.5732
swap between best curr 18.1985 swap 18.5732 best 18.1985
swap between best curr 18.0257 swap 18.1985 best 18.0257
swap between best curr 17.4882 swap 18.0257 best 17.4882
swap between best curr 16.1876 swap 17.4882 best 16.1876
swap between best curr 16.0183 swap 16.1876 best 16.0183
swap between best curr 15.9245 swap 16.0183 best 15.9245
swap between best curr 15.8671 swap 15.9245 best 15.8671
swap between best curr 15.019 swap 15.8671 best 15.019
swap between best curr 13.2528 swap 15.019 best 13.2528
swap between best curr 13.0018 swap 13.2528 best 13.0018
swap between best curr 12.8656 swap 13.0018 best 12.8656
swap between best curr 12.6238 swap 12.8656 best 12.6238
swap between best curr 12.0814 swap 12.6238 best 12.0814
swap between best curr 11.9112 swap 12.0814 best 11.9112
swap between best curr 11.8176 swap 11.9112 best 11.8176
swap between best curr 11.4703 swap 11.8176 best 11.4703
swap between best curr 11.3671 swap 11.4703 best 11.3671
swap between best curr 11.359 swap 11.3671 best 11.359
swap between best curr 10.9444 swap 11.359 best 10.9444
swap between best curr 10.8372 swap 10.9444 best 10.8372
swap between best curr 10.6277 swap 10.8372 best 10.6277
swap between best curr 10.5734 swap 10.6277 best 10.5734
swap between best curr 10.5553 swap 10.5734 best 10.5553
swap between best curr 10.5485 swap 10.5553 best 10.5485
swap between best curr 10.4886 swap 10.5485 best 10.4886
swap between best curr 8.40698 swap 10.4886 best 8.40698
swap between best curr 8.04211 swap 8.40698 best 8.04211
swap between best curr 7.54625 swap 8.04211 best 7.54625
swap between best curr 7.31138 swap 7.54625 best 7.31138
swap between best curr 7.02517 swap 7.31138 best 7.02517
swap between best curr 6.77672 swap 7.02517 best 6.77672
swap between best curr 6.26579 swap 6.77672 best 6.26579
swap between best curr 6.04791 swap 6.26579 best 6.04791
swap between best curr 5.93886 swap 6.04791 best 5.93886
swap between best curr 5.78401 swap 5.93886 best 5.78401
swap between best curr 5.78215 swap 5.78401 best 5.78215
swap between best curr 4.52335 swap 5.78215 best 4.52335
swap between best curr 4.19754 swap 4.52335 best 4.19754
swap between best curr 4.12917 swap 4.19754 best 4.12917
swap between best curr 3.64722 swap 4.12917 best 3.64722
swap between best curr 3.03501 swap 3.64722 best 3.03501
swap between best curr 3.00383 swap 3.03501 best 3.00383
swap between best curr 2.81088 swap 3.00383 best 2.81088
swap between best curr 2.65957 swap 2.81088 best 2.65957
swap between best curr 2.62593 swap 2.65957 best 2.62593
swap between best curr 2.45851 swap 2.62593 best 2.45851
swap between best curr 2.34978 swap 2.45851 best 2.34978
swap between best curr 2.27618 swap 2.34978 best 2.27618
swap between best curr 1.97026 swap 2.27618 best 1.97026
swap between best curr 1.66923 swap 1.97026 best 1.66923
swap between best curr 1.46842 swap 1.66923 best 1.46842
swap between best curr 1.0127 swap 1.46842 best 1.0127
swap between best curr 0.664268 swap 1.0127 best 0.664268
swap between best curr 0.432789 swap 0.664268 best 0.432789
swap between best curr -0.0771393 swap 0.432789 best -0.0771393
totalE 14.724760 extE -5.011106 
swap between best curr -1.0305 swap -0.0771393 best -1.0305
totalE 11.964807 extE -5.362275 
swap between best curr -1.22256 swap -1.0305 best -1.22256
totalE 11.710288 extE -5.533512 
swap between best curr -1.30724 swap -1.22256 best -1.30724
totalE 11.491474 extE -5.573483 
swap between best curr -1.39964 swap -1.30724 best -1.39964
totalE 11.399075 extE -5.665882 
swap between best curr -1.43169 swap -1.39964 best -1.43169
totalE 11.427113 extE -5.717959 
swap between best curr -1.64184 swap -1.43169 best -1.64184
totalE 10.482127 extE -5.683159 
swap between best curr -1.68373 swap -1.64184 best -1.68373
totalE 10.782884 extE -5.839262 
swap between best curr -1.71658 swap -1.68373 best -1.71658
totalE 10.520222 extE -5.795518 
swap between best curr -2.28297 swap -1.71658 best -2.28297
totalE 7.396003 extE -5.509291 
swap between best curr -2.86161 swap -2.28297 best -2.86161
totalE 6.606859 extE -6.017771 
swap between best curr -2.90431 swap -2.86161 best -2.90431
totalE 6.564162 extE -6.060468 
swap between best curr -3.18119 swap -2.90431 best -3.18119
totalE 6.330183 extE -6.351642 
swap between best curr -3.23241 swap -3.18119 best -3.23241
totalE 5.673157 extE -6.200930 
swap between best curr -3.28851 swap -3.23241 best -3.28851
totalE 5.546290 extE -6.233443 
swap between best curr -3.94488 swap -3.28851 best -3.94488
totalE 1.505370 extE -5.761627 
swap between best curr -3.99142 swap -3.94488 best -3.99142
totalE 1.960981 extE -5.975554 
swap between best curr -4.36432 swap -3.99142 best -4.36432
totalE 0.238063 extE -5.898454 
totalE 600125.567453 extE 599994.000000 
totalE 600125.567453 extE 599994.000000 
totalE 600125.567453 extE 599994.000000 
totalE 600125.567453 extE 599994.000000 
totalE 600125.567453 extE 599994.000000 
totalE 600125.567453 extE 599994.000000 
totalE 600125.567453 extE 599994.000000 
totalE 600125.567453 extE 599994.000000 
totalE 600125.567453 extE 599994.000000 
totalE 0.238063 extE -5.898454 
totalE 0.238063 extE -5.898454 
best target energy -4.36432
The program has successfully finished in 0 seconds. :)  Bye-bye!
ramaprob initialise success 
transpoints initialise success with 89 transpoints 
grid box initialise succuss 67 57 73 
