found external potential parameters 1 
found external potential parameters 4 
setting constrained list file constrains
Building protein from sequence: ABCDEFGHIGKLMNGPQRSTGVWGYZ.
Building protein from sequence: ABCDEFGHIGKLMNGPQRSTGVWGYZ (26 amino acids, 1 chains).
ABCDEFGHIGKLMNGPQRSTGVWGYZ 26
Building protein from sequence: pldqpal.
Building protein from sequence: pldqpal (7 amino acids, 1 chains).
pldqpal 7
AD Grid maps initialisation finished 
1marking constrained amino acids from file constrains
Constraining amino acids: 1
WARNING! Contact map file 'NULL' given, so no bias interactions will be calculated.
0 0 0 0 0 0 0  aaa 1 99999 
 aaa 2 99999 
 aaa 3 99999 
 aaa 4 99999 
 aaa 5 99999 
 aaa 6 99999 
 aaa 7 99999 
SS Energy diag offdiag 699993 99999 99999 99999 99999 99999 99999 99999 
699993 
0 124.165 
0 -0.163793 1.76105 
0 -0.0417095 -0.201826 1.83491 
0 0 -0.0384221 -0.180996 2.00073 
0 0 -0.000521245 -0.0840894 95.7154 1.77843 
0 0 0 0 -0.0489991 -0.165288 2.81203 
0 0 0 0 0 -0.037581 -0.169295 0.733051 
initial transmutate APLDQPAL 
transmutate!!! 5.855 89.244 28.426
transmutate!!! 5.855 89.244 28.426
begin run with pace 1 stretch 800 
699993 99999 99999 99999 99999 99999 99999 99999 
699993 
0 124.165 
0 -0.163793 1.76105 
0 -0.0417095 -0.201826 1.83491 
0 0 -0.0384221 -0.180996 2.00073 
0 0 -0.000521245 -0.0840894 95.7154 1.77843 
0 0 0 0 -0.0489991 -0.165288 2.81203 
0 0 0 0 0 -0.037581 -0.169295 0.733051 
creating MC move lookup table.
Sequence:    PLDQPAL
Fixed:              
Constrained: x      
Chain:       1111111
len 1 bonds, Nchains 1:*0 x1 x2 x3 x4 x5 x6 x7 8+0 != (8-1+(1-0)*1

len 2 bonds, Nchains 1:*0 x1 x2 x3 x4 x5 x6 7+0 != (8-1+(1-1)*1
-1 
len 3 bonds, Nchains 1:*0 x1 x2 x3 x4 x5 6+0 != (8-1+(1-2)*1
-1 -1 
len 4 bonds, Nchains 1:*0 x1 x2 x3 x4 5+0 != (8-1+(1-3)*1
-1 -1 -1 
swap in best curr 205.631 swap 9999 best 99999
swap in best curr 187.42 swap 9999 best 205.631
swap between best curr 172.132 swap 205.631 best 172.132
swap between best curr 172 swap 172.132 best 172
swap between best curr 160.321 swap 172 best 160.321
swap between best curr 135.463 swap 160.321 best 135.463
swap between best curr 133.137 swap 135.463 best 133.137
swap between best curr 128.584 swap 133.137 best 128.584
swap between best curr 118.513 swap 128.584 best 118.513
swap between best curr 113.955 swap 118.513 best 113.955
swap between best curr 109.879 swap 113.955 best 109.879
swap between best curr 99.2671 swap 109.879 best 99.2671
swap between best curr 92.023 swap 99.2671 best 92.023
swap between best curr 81.6264 swap 92.023 best 81.6264
swap between best curr 74.8611 swap 81.6264 best 74.8611
swap between best curr 73.0907 swap 74.8611 best 73.0907
swap between best curr 71.0484 swap 73.0907 best 71.0484
swap between best curr 70.3993 swap 71.0484 best 70.3993
swap between best curr 65.0458 swap 70.3993 best 65.0458
swap between best curr 62.7825 swap 65.0458 best 62.7825
swap between best curr 61.0138 swap 62.7825 best 61.0138
swap between best curr 56.486 swap 61.0138 best 56.486
swap between best curr 55.6299 swap 56.486 best 55.6299
swap between best curr 47.5217 swap 55.6299 best 47.5217
swap between best curr 44.7376 swap 47.5217 best 44.7376
swap between best curr 41.9869 swap 44.7376 best 41.9869
swap between best curr 41.58 swap 41.9869 best 41.58
swap between best curr 41.2666 swap 41.58 best 41.2666
swap between best curr 40.963 swap 41.2666 best 40.963
swap between best curr 40.638 swap 40.963 best 40.638
swap between best curr 38.5657 swap 40.638 best 38.5657
swap between best curr 38.231 swap 38.5657 best 38.231
swap between best curr 36.3149 swap 38.231 best 36.3149
swap between best curr 36.3036 swap 36.3149 best 36.3036
swap between best curr 35.4616 swap 36.3036 best 35.4616
swap between best curr 33.62 swap 35.4616 best 33.62
swap between best curr 33.4604 swap 33.62 best 33.4604
swap between best curr 33.4173 swap 33.4604 best 33.4173
swap between best curr 33.0948 swap 33.4173 best 33.0948
swap between best curr 33.0799 swap 33.0948 best 33.0799
swap between best curr 32.3781 swap 33.0799 best 32.3781
swap between best curr 32.3717 swap 32.3781 best 32.3717
swap between best curr 32.2539 swap 32.3717 best 32.2539
swap between best curr 31.6105 swap 32.2539 best 31.6105
swap between best curr 30.6023 swap 31.6105 best 30.6023
swap between best curr 30.5884 swap 30.6023 best 30.5884
swap between best curr 30.0817 swap 30.5884 best 30.0817
swap between best curr 29.9295 swap 30.0817 best 29.9295
swap between best curr 29.7858 swap 29.9295 best 29.7858
swap between best curr 29.3715 swap 29.7858 best 29.3715
swap between best curr 29.1358 swap 29.3715 best 29.1358
swap between best curr 28.0215 swap 29.1358 best 28.0215
swap between best curr 26.8334 swap 28.0215 best 26.8334
swap between best curr 26.278 swap 26.8334 best 26.278
swap between best curr 25.8056 swap 26.278 best 25.8056
swap between best curr 25.517 swap 25.8056 best 25.517
swap between best curr 24.6347 swap 25.517 best 24.6347
swap between best curr 23.9528 swap 24.6347 best 23.9528
swap between best curr 23.5853 swap 23.9528 best 23.5853
swap between best curr 23.4205 swap 23.5853 best 23.4205
swap between best curr 23.047 swap 23.4205 best 23.047
swap between best curr 17.9967 swap 23.047 best 17.9967
swap between best curr 17.9341 swap 17.9967 best 17.9341
swap between best curr 17.8562 swap 17.9341 best 17.8562
swap between best curr 16.475 swap 17.8562 best 16.475
swap between best curr 16.3433 swap 16.475 best 16.3433
swap between best curr 15.7361 swap 16.3433 best 15.7361
swap between best curr 15.6037 swap 15.7361 best 15.6037
swap between best curr 15.567 swap 15.6037 best 15.567
swap between best curr 15.3158 swap 15.567 best 15.3158
swap between best curr 15.0272 swap 15.3158 best 15.0272
swap between best curr 8.85272 swap 15.0272 best 8.85272
swap between best curr 8.76683 swap 8.85272 best 8.76683
swap in best curr 8.75937 swap 9999 best 8.76683
swap in best curr 8.73478 swap 9999 best 8.75937
swap between best curr 8.15043 swap 8.75937 best 8.15043
swap between best curr 7.91185 swap 8.15043 best 7.91185
swap between best curr 7.89033 swap 7.91185 best 7.89033
swap between best curr 7.82397 swap 7.89033 best 7.82397
swap between best curr 7.19067 swap 7.82397 best 7.19067
swap between best curr 6.48524 swap 7.19067 best 6.48524
swap between best curr 6.12083 swap 6.48524 best 6.12083
swap between best curr 6.03789 swap 6.12083 best 6.03789
swap between best curr 5.97699 swap 6.03789 best 5.97699
swap between best curr 5.04443 swap 5.97699 best 5.04443
swap between best curr 4.71105 swap 5.04443 best 4.71105
swap between best curr 4.05664 swap 4.71105 best 4.05664
swap between best curr 4.00519 swap 4.05664 best 4.00519
swap between best curr 3.83538 swap 4.00519 best 3.83538
swap between best curr 3.36061 swap 3.83538 best 3.36061
swap between best curr 2.91437 swap 3.36061 best 2.91437
swap between best curr 2.69024 swap 2.91437 best 2.69024
swap between best curr 1.96489 swap 2.69024 best 1.96489
swap between best curr 1.82403 swap 1.96489 best 1.82403
swap between best curr 1.59165 swap 1.82403 best 1.59165
swap between best curr 0.927987 swap 1.59165 best 0.927987
swap between best curr 0.716247 swap 0.927987 best 0.716247
swap between best curr 0.490869 swap 0.716247 best 0.490869
swap between best curr 0.0486327 swap 0.490869 best 0.0486327
swap between best curr -0.833457 swap 0.0486327 best -0.833457
totalE 26.059097 extE -9.797642 
swap between best curr -1.06393 swap -0.833457 best -1.06393
totalE 25.835980 extE -10.030571 
swap between best curr -1.18219 swap -1.06393 best -1.18219
totalE 25.921280 extE -10.216679 
swap between best curr -1.71899 swap -1.18219 best -1.71899
totalE 23.277439 extE -10.051136 
swap between best curr -1.8148 swap -1.71899 best -1.8148
totalE 23.181629 extE -10.146946 
swap between best curr -1.92417 swap -1.8148 best -1.92417
totalE 23.349040 extE -10.348569 
swap between best curr -1.95958 swap -1.92417 best -1.95958
totalE 23.313632 extE -10.383977 
swap between best curr -1.96906 swap -1.95958 best -1.96906
totalE 22.945164 extE -10.273805 
swap between best curr -1.98585 swap -1.96906 best -1.98585
totalE 22.683194 extE -10.208859 
swap between best curr -2.30823 swap -1.98585 best -2.30823
totalE 23.054674 extE -10.762532 
swap between best curr -2.45094 swap -2.30823 best -2.45094
totalE 22.257126 extE -10.686956 
swap between best curr -3.44201 swap -2.45094 best -3.44201
totalE 19.848555 extE -11.205526 
swap between best curr -3.70578 swap -3.44201 best -3.70578
totalE 19.670861 extE -11.497990 
swap between best curr -3.75001 swap -3.70578 best -3.75001
totalE 19.631658 extE -11.543901 
swap between best curr -3.80556 swap -3.75001 best -3.80556
totalE 18.765067 extE -11.329108 
swap between best curr -3.92228 swap -3.80556 best -3.92228
totalE 18.648352 extE -11.445822 
swap between best curr -3.9903 swap -3.92228 best -3.9903
totalE 18.411517 extE -11.457573 
swap between best curr -4.07711 swap -3.9903 best -4.07711
totalE 18.324703 extE -11.544386 
swap between best curr -4.28544 swap -4.07711 best -4.28544
totalE 16.335706 extE -11.159152 
swap between best curr -4.62009 swap -4.28544 best -4.62009
totalE 16.093067 extE -11.524475 
swap between best curr -4.63245 swap -4.62009 best -4.63245
totalE 16.080704 extE -11.536838 
swap between best curr -4.77375 swap -4.63245 best -4.77375
totalE 15.302908 extE -11.465967 
swap between best curr -4.93582 swap -4.77375 best -4.93582
totalE 15.140838 extE -11.628038 
swap between best curr -4.95738 swap -4.93582 best -4.95738
totalE 15.106510 extE -11.645342 
swap between best curr -5.01479 swap -4.95738 best -5.01479
totalE 15.049100 extE -11.702752 
swap between best curr -5.13361 swap -5.01479 best -5.13361
totalE 14.828265 extE -11.787563 
swap between best curr -5.17771 swap -5.13361 best -5.17771
totalE 14.680385 extE -11.797072 
swap between best curr -5.30232 swap -5.17771 best -5.30232
totalE 14.513890 extE -11.907723 
swap between best curr -5.41742 swap -5.30232 best -5.41742
totalE 14.686315 extE -12.118666 
swap between best curr -5.64018 swap -5.41742 best -5.64018
totalE 13.166671 extE -11.909127 
swap between best curr -5.72084 swap -5.64018 best -5.72084
totalE 12.729469 extE -11.870940 
swap between best curr -5.73789 swap -5.72084 best -5.73789
totalE 12.712420 extE -11.887990 
totalE 700222.668203 extE 699993.000000 
totalE 700222.668203 extE 699993.000000 
totalE 700222.668203 extE 699993.000000 
totalE 700222.668203 extE 699993.000000 
totalE 700222.668203 extE 699993.000000 
totalE 700222.668203 extE 699993.000000 
totalE 700222.668203 extE 699993.000000 
totalE 12.712420 extE -11.887990 
totalE 53.316700 extE -6.083123 
totalE 53.316700 extE -6.083123 
totalE 12.712420 extE -11.887990 
best target energy -5.73789
The program has successfully finished in 0 seconds. :)  Bye-bye!
ramaprob initialise success 
transpoints initialise success with 89 transpoints 
grid box initialise succuss 67 57 73 
