found external potential parameters 1 
found external potential parameters 4 
setting constrained list file constrains
Building protein from sequence: ABCDEFGHIGKLMNGPQRSTGVWGYZ.
Building protein from sequence: ABCDEFGHIGKLMNGPQRSTGVWGYZ (26 amino acids, 1 chains).
ABCDEFGHIGKLMNGPQRSTGVWGYZ 26
Building protein from sequence: ylsdyc.
Building protein from sequence: ylsdyc (6 amino acids, 1 chains).
ylsdyc 6
AD Grid maps initialisation finished 
1marking constrained amino acids from file constrains
Constraining amino acids: 1
WARNING! Contact map file 'NULL' given, so no bias interactions will be calculated.
0 0 0 0 0 0  aaa 1 99999 
 aaa 2 99999 
 aaa 3 99999 
 aaa 4 99999 
 aaa 5 99999 
 aaa 6 99999 
SS Energy diag offdiag 599994 99999 99999 99999 99999 99999 99999 
599994 
0 124.166 
0 -0.157485 1.76105 
0 -0.047774 -0.209267 2.05 
0 0 0.0960069 -0.215882 1.83491 
0 0 0 -0.0407379 -0.180324 1.74684 
0 0 0 -0.000120036 -0.0662753 -0.210273 30.736 
initial transmutate AYLSDYC 
transmutate!!! 9.855 101.244 16.426
transmutate!!! 9.855 101.244 16.426
begin run with pace 1 stretch 800 
599994 99999 99999 99999 99999 99999 99999 
599994 
0 124.166 
0 -0.157485 1.76105 
0 -0.047774 -0.209267 2.05 
0 0 0.0960069 -0.215882 1.83491 
0 0 0 -0.0407379 -0.180324 1.74684 
0 0 0 -0.000120036 -0.0662753 -0.210273 30.736 
creating MC move lookup table.
Sequence:    YLSDYC
Fixed:             
Constrained: x     
Chain:       111111
len 1 bonds, Nchains 1:*0 x1 x2 x3 x4 x5 x6 7+0 != (7-1+(1-0)*1

len 2 bonds, Nchains 1:*0 x1 x2 x3 x4 x5 6+0 != (7-1+(1-1)*1
-1 
len 3 bonds, Nchains 1:*0 x1 x2 x3 x4 5+0 != (7-1+(1-2)*1
-1 -1 
len 4 bonds, Nchains 1:*0 x1 x2 x3 4+0 != (7-1+(1-3)*1
-1 -1 -1 
swap in best curr 37.0106 swap 9999 best 99999
swap in best curr 32.4042 swap 9999 best 37.0106
swap between best curr 32.246 swap 37.0106 best 32.246
swap between best curr 30.2974 swap 32.246 best 30.2974
swap between best curr 30.1485 swap 30.2974 best 30.1485
swap between best curr 29.8213 swap 30.1485 best 29.8213
swap between best curr 29.6751 swap 29.8213 best 29.6751
swap between best curr 29.5776 swap 29.6751 best 29.5776
swap between best curr 29.456 swap 29.5776 best 29.456
swap between best curr 29.2451 swap 29.456 best 29.2451
swap between best curr 29.2354 swap 29.2451 best 29.2354
swap between best curr 29.0022 swap 29.2354 best 29.0022
swap between best curr 28.8835 swap 29.0022 best 28.8835
swap between best curr 28.7863 swap 28.8835 best 28.7863
swap between best curr 28.0867 swap 28.7863 best 28.0867
swap between best curr 27.0387 swap 28.0867 best 27.0387
swap between best curr 26.7484 swap 27.0387 best 26.7484
swap between best curr 26.5963 swap 26.7484 best 26.5963
swap between best curr 26.5065 swap 26.5963 best 26.5065
swap between best curr 26.4525 swap 26.5065 best 26.4525
swap between best curr 26.2833 swap 26.4525 best 26.2833
swap between best curr 25.6835 swap 26.2833 best 25.6835
swap between best curr 22.6738 swap 25.6835 best 22.6738
swap between best curr 16.4401 swap 22.6738 best 16.4401
swap between best curr 15.6571 swap 16.4401 best 15.6571
swap between best curr 14.236 swap 15.6571 best 14.236
swap between best curr 14.0595 swap 14.236 best 14.0595
swap between best curr 13.9293 swap 14.0595 best 13.9293
swap between best curr 13.3426 swap 13.9293 best 13.3426
swap between best curr 12.522 swap 13.3426 best 12.522
swap between best curr 8.56471 swap 12.522 best 8.56471
swap between best curr 8.38133 swap 8.56471 best 8.38133
swap between best curr 7.37346 swap 8.38133 best 7.37346
swap between best curr 6.88917 swap 7.37346 best 6.88917
swap between best curr 5.48177 swap 6.88917 best 5.48177
swap between best curr 4.55083 swap 5.48177 best 4.55083
swap between best curr 4.46477 swap 4.55083 best 4.46477
swap between best curr 4.35951 swap 4.46477 best 4.35951
swap between best curr 4.01762 swap 4.35951 best 4.01762
swap between best curr 3.76103 swap 4.01762 best 3.76103
swap between best curr 3.69237 swap 3.76103 best 3.69237
swap between best curr 3.56793 swap 3.69237 best 3.56793
swap between best curr 3.36207 swap 3.56793 best 3.36207
swap between best curr 3.18491 swap 3.36207 best 3.18491
swap between best curr 3.17629 swap 3.18491 best 3.17629
swap between best curr 2.22659 swap 3.17629 best 2.22659
swap between best curr 1.88387 swap 2.22659 best 1.88387
swap between best curr 1.30244 swap 1.88387 best 1.30244
swap in good curr 5.77349 swap 9999 best 1.30244
swap between good curr 4.76208 swap 5.77349 best 1.30244
swap between good curr 4.7178 swap 4.76208 best 1.30244
swap between good curr 4.49001 swap 4.7178 best 1.30244
swap between good curr 4.45592 swap 4.49001 best 1.30244
swap between good curr 4.16118 swap 4.45592 best 1.30244
swap between good curr 3.55203 swap 4.16118 best 1.30244
swap between good curr 3.43692 swap 3.55203 best 1.30244
swap between good curr 3.06705 swap 3.43692 best 1.30244
swap between good curr 3.03147 swap 3.06705 best 1.30244
swap between good curr 2.5228 swap 3.03147 best 1.30244
swap between good curr 1.98803 swap 2.5228 best 1.30244
swap between good curr 1.62513 swap 1.98803 best 1.30244
swap between best curr 0.591775 swap 1.62513 best 0.591775
swap between best curr 0.248984 swap 0.591775 best 0.248984
swap between best curr 0.105019 swap 0.248984 best 0.105019
swap between best curr 0.000584833 swap 0.105019 best 0.000584833
swap between best curr -0.435102 swap 0.000584833 best -0.435102
totalE 11.567579 extE -4.435996 
swap between best curr -0.475484 swap -0.435102 best -0.475484
totalE 11.625914 extE -4.509284 
swap between best curr -0.55489 swap -0.475484 best -0.55489
totalE 11.693156 extE -4.637571 
swap between best curr -0.577648 swap -0.55489 best -0.577648
totalE 11.542690 extE -4.617760 
swap between best curr -1.31124 swap -0.577648 best -1.31124
totalE 6.651271 extE -3.965411 
swap between best curr -1.47074 swap -1.31124 best -1.47074
totalE 6.529555 extE -4.137501 
swap between best curr -2.14269 swap -1.47074 best -2.14269
totalE 5.857604 extE -4.809452 
swap between best curr -2.2616 swap -2.14269 best -2.2616
totalE 5.685842 extE -4.910745 
swap between best curr -2.26931 swap -2.2616 best -2.26931
totalE 5.625803 extE -4.901014 
swap between best curr -3.2868 swap -2.26931 best -3.2868
totalE 2.960095 extE -5.369096 
swap between best curr -3.46513 swap -3.2868 best -3.46513
totalE 2.296067 extE -5.385535 
swap in good curr -0.231596 swap 9999 best -3.46513
swap between good curr -0.455632 swap -0.231596 best -3.46513
swap between good curr -0.571064 swap -0.455632 best -3.46513
swap in good curr 1.14151 swap 9999 best -3.46513
swap between good curr 0.315974 swap 1.14151 best -3.46513
swap between good curr 0.176644 swap 0.315974 best -3.46513
swap between good curr -0.0669424 swap 0.176644 best -3.46513
swap between good curr -0.409218 swap -0.0669424 best -3.46513
swap between good curr -0.676402 swap -0.409218 best -3.46513
swap between good curr -0.811435 swap -0.676402 best -3.46513
swap between good curr -0.854531 swap -0.811435 best -3.46513
swap between good curr -1.01406 swap -0.854531 best -3.46513
swap between good curr -1.11756 swap -1.01406 best -3.46513
swap between good curr -1.19014 swap -1.11756 best -3.46513
totalE 600155.262508 extE 599994.000000 
totalE 600155.262508 extE 599994.000000 
totalE 600155.262508 extE 599994.000000 
totalE 600155.262508 extE 599994.000000 
totalE 600155.262508 extE 599994.000000 
totalE 600155.262508 extE 599994.000000 
totalE 4.543987 extE -3.101521 
totalE 6.958576 extE -3.080944 
totalE 2.296067 extE -5.385535 
totalE 23.915589 extE -6.235271 
totalE 2.296067 extE -5.385535 
best target energy -3.46513
The program has successfully finished in 0 seconds. :)  Bye-bye!
ramaprob initialise success 
transpoints initialise success with 89 transpoints 
grid box initialise succuss 67 57 73 
