found external potential parameters 1 
found external potential parameters 4 
setting constrained list file constrains
Building protein from sequence: ABCDEFGHIGKLMNGPQRSTGVWGYZ.
Building protein from sequence: ABCDEFGHIGKLMNGPQRSTGVWGYZ (26 amino acids, 1 chains).
ABCDEFGHIGKLMNGPQRSTGVWGYZ 26
Building protein from sequence: pldipal.
Building protein from sequence: pldipal (7 amino acids, 1 chains).
pldipal 7
AD Grid maps initialisation finished 
1marking constrained amino acids from file constrains
Constraining amino acids: 1
WARNING! Contact map file 'NULL' given, so no bias interactions will be calculated.
0 0 0 0 0 0 0  aaa 1 99999 
 aaa 2 99999 
 aaa 3 99999 
 aaa 4 99999 
 aaa 5 99999 
 aaa 6 99999 
 aaa 7 99999 
SS Energy diag offdiag 699993 99999 99999 99999 99999 99999 99999 99999 
699993 
0 124.165 
0 -0.163793 1.76105 
0 -0.0417095 -0.201826 1.83491 
0 0 -0.818432 -0.235173 2.37683 
0 0 -0.000521244 -0.0840894 95.6963 1.77843 
0 0 0 0 -0.253841 -0.165288 2.81203 
0 0 0 0 0 -0.037581 -0.169295 0.733051 
initial transmutate APLDIPAL 
transmutate!!! 11.855 97.244 26.426
transmutate!!! 11.855 97.244 26.426
begin run with pace 1 stretch 800 
699993 99999 99999 99999 99999 99999 99999 99999 
699993 
0 124.165 
0 -0.163793 1.76105 
0 -0.0417095 -0.201826 1.83491 
0 0 -0.818432 -0.235173 2.37683 
0 0 -0.000521244 -0.0840894 95.6963 1.77843 
0 0 0 0 -0.253841 -0.165288 2.81203 
0 0 0 0 0 -0.037581 -0.169295 0.733051 
creating MC move lookup table.
Sequence:    PLDIPAL
Fixed:              
Constrained: x      
Chain:       1111111
len 1 bonds, Nchains 1:*0 x1 x2 x3 x4 x5 x6 x7 8+0 != (8-1+(1-0)*1

len 2 bonds, Nchains 1:*0 x1 x2 x3 x4 x5 x6 7+0 != (8-1+(1-1)*1
-1 
len 3 bonds, Nchains 1:*0 x1 x2 x3 x4 x5 6+0 != (8-1+(1-2)*1
-1 -1 
len 4 bonds, Nchains 1:*0 x1 x2 x3 x4 5+0 != (8-1+(1-3)*1
-1 -1 -1 
swap in best curr 85.4584 swap 9999 best 99999
swap in best curr 80.2322 swap 9999 best 85.4584
swap between good curr 80.5083 swap 85.4584 best 80.2322
swap between good curr 80.288 swap 80.5083 best 80.2322
swap between best curr 80.1743 swap 80.288 best 80.1743
swap between best curr 78.8981 swap 80.1743 best 78.8981
swap between best curr 78.3758 swap 78.8981 best 78.3758
swap between best curr 78.2614 swap 78.3758 best 78.2614
swap between best curr 77.9985 swap 78.2614 best 77.9985
swap between best curr 76.5854 swap 77.9985 best 76.5854
swap between best curr 75.2498 swap 76.5854 best 75.2498
swap between best curr 75.0793 swap 75.2498 best 75.0793
swap between best curr 73.6173 swap 75.0793 best 73.6173
swap between best curr 73.1679 swap 73.6173 best 73.1679
swap between best curr 71.6861 swap 73.1679 best 71.6861
swap between best curr 70.9966 swap 71.6861 best 70.9966
swap between best curr 70.4632 swap 70.9966 best 70.4632
swap between best curr 70.0925 swap 70.4632 best 70.0925
swap between best curr 69.8404 swap 70.0925 best 69.8404
swap between best curr 67.9783 swap 69.8404 best 67.9783
swap between best curr 67.5399 swap 67.9783 best 67.5399
swap between best curr 67.4573 swap 67.5399 best 67.4573
swap between best curr 66.7981 swap 67.4573 best 66.7981
swap between best curr 66.7887 swap 66.7981 best 66.7887
swap between best curr 65.8333 swap 66.7887 best 65.8333
swap between best curr 64.6188 swap 65.8333 best 64.6188
swap between best curr 64.4584 swap 64.6188 best 64.4584
swap between best curr 64.0969 swap 64.4584 best 64.0969
swap between best curr 63.6127 swap 64.0969 best 63.6127
swap between best curr 63.6023 swap 63.6127 best 63.6023
swap between best curr 63.5506 swap 63.6023 best 63.5506
swap between best curr 56.8817 swap 63.5506 best 56.8817
swap between best curr 54.1469 swap 56.8817 best 54.1469
swap between best curr 50.3346 swap 54.1469 best 50.3346
swap between best curr 48.7528 swap 50.3346 best 48.7528
swap between best curr 48.4045 swap 48.7528 best 48.4045
swap between best curr 48.0783 swap 48.4045 best 48.0783
swap between best curr 47.8797 swap 48.0783 best 47.8797
swap between best curr 47.4683 swap 47.8797 best 47.4683
swap between best curr 44.8559 swap 47.4683 best 44.8559
swap between best curr 44.5319 swap 44.8559 best 44.5319
swap between best curr 42.9255 swap 44.5319 best 42.9255
swap between best curr 40.0701 swap 42.9255 best 40.0701
swap between best curr 38.505 swap 40.0701 best 38.505
swap between best curr 38.4765 swap 38.505 best 38.4765
swap in best curr 23.8123 swap 9999 best 38.4765
swap in good curr 23.9451 swap 9999 best 23.8123
swap between best curr 23.5663 swap 23.9451 best 23.5663
swap between best curr 23.0221 swap 23.5663 best 23.0221
swap between best curr 22.9134 swap 23.0221 best 22.9134
swap between best curr 22.5557 swap 22.9134 best 22.5557
swap between best curr 22.3612 swap 22.5557 best 22.3612
swap between best curr 22.0344 swap 22.3612 best 22.0344
swap between best curr 16.8551 swap 22.0344 best 16.8551
swap between best curr 15.6233 swap 16.8551 best 15.6233
swap between best curr 14.8521 swap 15.6233 best 14.8521
swap between best curr 13.7286 swap 14.8521 best 13.7286
swap between best curr 13.6126 swap 13.7286 best 13.6126
swap between best curr 13.2262 swap 13.6126 best 13.2262
swap between best curr 13.2244 swap 13.2262 best 13.2244
swap between best curr 13.1808 swap 13.2244 best 13.1808
swap between best curr 13.1564 swap 13.1808 best 13.1564
swap between best curr 12.7021 swap 13.1564 best 12.7021
swap between best curr 12.5984 swap 12.7021 best 12.5984
swap between best curr 12.5518 swap 12.5984 best 12.5518
swap between best curr 12.4538 swap 12.5518 best 12.4538
swap between best curr 12.1561 swap 12.4538 best 12.1561
swap between best curr 11.9546 swap 12.1561 best 11.9546
swap between best curr 11.756 swap 11.9546 best 11.756
swap between best curr 11.6657 swap 11.756 best 11.6657
swap between best curr 11.4404 swap 11.6657 best 11.4404
swap between best curr 11.2885 swap 11.4404 best 11.2885
swap between best curr 10.8884 swap 11.2885 best 10.8884
swap between best curr 10.8816 swap 10.8884 best 10.8816
swap between best curr 10.6586 swap 10.8816 best 10.6586
swap between best curr 9.42621 swap 10.6586 best 9.42621
swap between best curr 9.10297 swap 9.42621 best 9.10297
swap between best curr 9.0469 swap 9.10297 best 9.0469
swap between best curr 8.48323 swap 9.0469 best 8.48323
swap between best curr 8.31759 swap 8.48323 best 8.31759
swap between best curr 7.91378 swap 8.31759 best 7.91378
swap between best curr 7.39157 swap 7.91378 best 7.39157
swap between best curr 7.38676 swap 7.39157 best 7.38676
swap between best curr 6.68473 swap 7.38676 best 6.68473
swap between best curr 6.21861 swap 6.68473 best 6.21861
swap between best curr 6.09464 swap 6.21861 best 6.09464
swap between best curr 5.96421 swap 6.09464 best 5.96421
swap between best curr 5.86545 swap 5.96421 best 5.86545
swap between best curr 5.6885 swap 5.86545 best 5.6885
swap between best curr 5.67601 swap 5.6885 best 5.67601
swap between best curr 5.6733 swap 5.67601 best 5.6733
swap between best curr 5.22177 swap 5.6733 best 5.22177
swap between best curr 5.15499 swap 5.22177 best 5.15499
swap between best curr 5.13794 swap 5.15499 best 5.13794
swap between best curr 5.1057 swap 5.13794 best 5.1057
swap between best curr 5.03763 swap 5.1057 best 5.03763
swap between best curr 4.6789 swap 5.03763 best 4.6789
swap between best curr 4.25433 swap 4.6789 best 4.25433
swap between best curr 4.14235 swap 4.25433 best 4.14235
swap between best curr 4.05734 swap 4.14235 best 4.05734
swap between best curr 3.95395 swap 4.05734 best 3.95395
swap between best curr 3.50028 swap 3.95395 best 3.50028
swap between best curr 3.28068 swap 3.50028 best 3.28068
swap between best curr 3.23251 swap 3.28068 best 3.23251
swap between best curr 3.11923 swap 3.23251 best 3.11923
swap between best curr 3.07119 swap 3.11923 best 3.07119
swap between best curr 2.92607 swap 3.07119 best 2.92607
swap between best curr 2.81113 swap 2.92607 best 2.81113
swap between best curr 2.47404 swap 2.81113 best 2.47404
swap between good curr 2.47305 swap 2.47404 best 2.47404
swap between best curr 2.4319 swap 2.47305 best 2.4319
swap between best curr 2.37825 swap 2.4319 best 2.37825
swap between best curr 2.09188 swap 2.37825 best 2.09188
swap between best curr 1.98012 swap 2.09188 best 1.98012
swap between best curr 1.97863 swap 1.98012 best 1.97863
swap between best curr 1.91259 swap 1.97863 best 1.91259
swap between best curr 1.7164 swap 1.91259 best 1.7164
swap between best curr 1.62216 swap 1.7164 best 1.62216
swap between best curr 1.27508 swap 1.62216 best 1.27508
swap between best curr 0.700463 swap 1.27508 best 0.700463
swap between best curr 0.399489 swap 0.700463 best 0.399489
swap between best curr 0.342743 swap 0.399489 best 0.342743
swap between best curr 0.233578 swap 0.342743 best 0.233578
swap between best curr 0.190408 swap 0.233578 best 0.190408
swap between best curr 0.0451611 swap 0.190408 best 0.0451611
swap between best curr -0.207242 swap 0.0451611 best -0.207242
totalE 12.618151 extE -4.482373 
totalE 700221.986232 extE 699993.000000 
totalE 700221.986232 extE 699993.000000 
totalE 700221.986232 extE 699993.000000 
totalE 700221.986232 extE 699993.000000 
totalE 700221.986232 extE 699993.000000 
totalE 700221.986232 extE 699993.000000 
totalE 700221.986232 extE 699993.000000 
totalE 12.618151 extE -4.482373 
totalE 64.301754 extE 29.868072 
totalE 64.301754 extE 29.868072 
totalE 12.618151 extE -4.482373 
best target energy -0.207242
The program has successfully finished in 1 seconds. :)  Bye-bye!
ramaprob initialise success 
transpoints initialise success with 89 transpoints 
grid box initialise succuss 67 57 73 
