found external potential parameters 1 
found external potential parameters 4 
setting constrained list file constrains
Building protein from sequence: ABCDEFGHIGKLMNGPQRSTGVWGYZ.
Building protein from sequence: ABCDEFGHIGKLMNGPQRSTGVWGYZ (26 amino acids, 1 chains).
ABCDEFGHIGKLMNGPQRSTGVWGYZ 26
Building protein from sequence: nlsdyc.
Building protein from sequence: nlsdyc (6 amino acids, 1 chains).
nlsdyc 6
AD Grid maps initialisation finished 
1marking constrained amino acids from file constrains
Constraining amino acids: 1
WARNING! Contact map file 'NULL' given, so no bias interactions will be calculated.
0 0 0 0 0 0  aaa 1 99999 
 aaa 2 99999 
 aaa 3 99999 
 aaa 4 99999 
 aaa 5 99999 
 aaa 6 99999 
SS Energy diag offdiag 599994 99999 99999 99999 99999 99999 99999 
599994 
0 124.16 
0 -0.184556 1.76105 
0 -0.0504315 -0.209267 2.05 
0 0 0.096007 -0.215882 1.83491 
0 0 0 -0.0407379 -0.180324 1.74684 
0 0 0 -0.000120035 -0.0662753 -0.210273 30.736 
initial transmutate ANLSDYC 
transmutate!!! 7.855 93.244 21.426
transmutate!!! 7.855 93.244 21.426
begin run with pace 1 stretch 800 
599994 99999 99999 99999 99999 99999 99999 
599994 
0 124.16 
0 -0.184556 1.76105 
0 -0.0504315 -0.209267 2.05 
0 0 0.096007 -0.215882 1.83491 
0 0 0 -0.0407379 -0.180324 1.74684 
0 0 0 -0.000120035 -0.0662753 -0.210273 30.736 
creating MC move lookup table.
Sequence:    NLSDYC
Fixed:             
Constrained: x     
Chain:       111111
len 1 bonds, Nchains 1:*0 x1 x2 x3 x4 x5 x6 7+0 != (7-1+(1-0)*1

len 2 bonds, Nchains 1:*0 x1 x2 x3 x4 x5 6+0 != (7-1+(1-1)*1
-1 
len 3 bonds, Nchains 1:*0 x1 x2 x3 x4 5+0 != (7-1+(1-2)*1
-1 -1 
len 4 bonds, Nchains 1:*0 x1 x2 x3 4+0 != (7-1+(1-3)*1
-1 -1 -1 
swap in best curr 397.118 swap 9999 best 99999
swap in best curr 393.992 swap 9999 best 397.118
swap between best curr 370.202 swap 397.118 best 370.202
swap between best curr 361.604 swap 370.202 best 361.604
swap between best curr 360.673 swap 361.604 best 360.673
swap between best curr 360.495 swap 360.673 best 360.495
swap between best curr 359.625 swap 360.495 best 359.625
swap between best curr 340.451 swap 359.625 best 340.451
swap between best curr 338.356 swap 340.451 best 338.356
swap between best curr 336.717 swap 338.356 best 336.717
swap between best curr 330.213 swap 336.717 best 330.213
swap between best curr 296.655 swap 330.213 best 296.655
swap between best curr 291.031 swap 296.655 best 291.031
swap between best curr 289.319 swap 291.031 best 289.319
swap between best curr 286.479 swap 289.319 best 286.479
swap between best curr 274.017 swap 286.479 best 274.017
swap between best curr 273.917 swap 274.017 best 273.917
swap between best curr 273.508 swap 273.917 best 273.508
swap between best curr 266.905 swap 273.508 best 266.905
swap between best curr 266.621 swap 266.905 best 266.621
swap between best curr 251.056 swap 266.621 best 251.056
swap between best curr 245.949 swap 251.056 best 245.949
swap between best curr 244.877 swap 245.949 best 244.877
swap between best curr 244.528 swap 244.877 best 244.528
swap between best curr 240.021 swap 244.528 best 240.021
swap between best curr 234.754 swap 240.021 best 234.754
swap between best curr 232.886 swap 234.754 best 232.886
swap between best curr 227.701 swap 232.886 best 227.701
swap between best curr 223.481 swap 227.701 best 223.481
swap between best curr 219.526 swap 223.481 best 219.526
swap between best curr 218.53 swap 219.526 best 218.53
swap between best curr 201 swap 218.53 best 201
swap between best curr 198.085 swap 201 best 198.085
swap between best curr 191.443 swap 198.085 best 191.443
swap between best curr 190.42 swap 191.443 best 190.42
swap between best curr 190.146 swap 190.42 best 190.146
swap between best curr 180.24 swap 190.146 best 180.24
swap between best curr 180.032 swap 180.24 best 180.032
swap between best curr 177.886 swap 180.032 best 177.886
swap between best curr 174.049 swap 177.886 best 174.049
swap between best curr 173.62 swap 174.049 best 173.62
swap between best curr 172.509 swap 173.62 best 172.509
swap between best curr 166.843 swap 172.509 best 166.843
swap between best curr 164.811 swap 166.843 best 164.811
swap between best curr 164.427 swap 164.811 best 164.427
swap between best curr 164.062 swap 164.427 best 164.062
swap between best curr 163.366 swap 164.062 best 163.366
swap between best curr 162.127 swap 163.366 best 162.127
swap between best curr 161.781 swap 162.127 best 161.781
swap between best curr 161.726 swap 161.781 best 161.726
swap between best curr 160.384 swap 161.726 best 160.384
swap in best curr 142.663 swap 9999 best 160.384
swap in best curr 133.798 swap 9999 best 142.663
swap between best curr 128.518 swap 142.663 best 128.518
swap between best curr 126.739 swap 128.518 best 126.739
swap between best curr 126.425 swap 126.739 best 126.425
swap between best curr 123.386 swap 126.425 best 123.386
swap between best curr 121.579 swap 123.386 best 121.579
swap between best curr 105.694 swap 121.579 best 105.694
swap between best curr 96.2 swap 105.694 best 96.2
swap between best curr 80.8619 swap 96.2 best 80.8619
swap between best curr 66.718 swap 80.8619 best 66.718
swap between best curr 53.1241 swap 66.718 best 53.1241
swap between best curr 51.9493 swap 53.1241 best 51.9493
swap between best curr 51.9103 swap 51.9493 best 51.9103
swap between best curr 51.8884 swap 51.9103 best 51.8884
swap between best curr 51.8717 swap 51.8884 best 51.8717
swap between best curr 50.8912 swap 51.8717 best 50.8912
swap between best curr 50.3307 swap 50.8912 best 50.3307
swap between best curr 46.8657 swap 50.3307 best 46.8657
swap between best curr 44.9094 swap 46.8657 best 44.9094
swap between best curr 42.3895 swap 44.9094 best 42.3895
swap between best curr 36.3596 swap 42.3895 best 36.3596
swap between best curr 27.6905 swap 36.3596 best 27.6905
swap between best curr 27.6454 swap 27.6905 best 27.6454
swap between best curr 19.8132 swap 27.6454 best 19.8132
swap between best curr 5.83099 swap 19.8132 best 5.83099
swap between best curr 5.11152 swap 5.83099 best 5.11152
swap between best curr 5.0992 swap 5.11152 best 5.0992
swap between best curr 4.9945 swap 5.0992 best 4.9945
swap between best curr 4.85949 swap 4.9945 best 4.85949
swap between best curr 4.66081 swap 4.85949 best 4.66081
swap between best curr 4.56887 swap 4.66081 best 4.56887
totalE 600155.227436 extE 599994.000000 
totalE 600155.227436 extE 599994.000000 
totalE 600155.227436 extE 599994.000000 
totalE 600155.227436 extE 599994.000000 
totalE 600155.227436 extE 599994.000000 
totalE 600155.227436 extE 599994.000000 
totalE 600155.227436 extE 599994.000000 
totalE 21.066291 extE -0.930272 
totalE 174.354364 extE 155.727717 
totalE 174.354364 extE 155.727717 
totalE 21.066291 extE -0.930272 
best target energy 4.56887
The program has successfully finished in 0 seconds. :)  Bye-bye!
ramaprob initialise success 
transpoints initialise success with 89 transpoints 
grid box initialise succuss 67 57 73 
