found external potential parameters 1 
found external potential parameters 4 
setting constrained list file constrains
Building protein from sequence: ABCDEFGHIGKLMNGPQRSTGVWGYZ.
Building protein from sequence: ABCDEFGHIGKLMNGPQRSTGVWGYZ (26 amino acids, 1 chains).
ABCDEFGHIGKLMNGPQRSTGVWGYZ 26
Building protein from sequence: pldgpal.
Building protein from sequence: pldgpal (7 amino acids, 1 chains).
pldgpal 7
AD Grid maps initialisation finished 
1marking constrained amino acids from file constrains
Constraining amino acids: 1
WARNING! Contact map file 'NULL' given, so no bias interactions will be calculated.
0 0 0 0 0 0 0  aaa 1 99999 
 aaa 2 99999 
 aaa 3 99999 
 aaa 4 99999 
 aaa 5 99999 
 aaa 6 99999 
 aaa 7 99999 
SS Energy diag offdiag 699993 99999 99999 99999 99999 99999 99999 99999 
699993 
0 124.165 
0 -0.163793 1.76105 
0 -0.0417095 -0.201826 1.83491 
0 0 -0.0307354 -0.133549 5.16603 
0 0 -0.000521245 -0.0840894 95.8111 1.77843 
0 0 0 0 -0.0302777 -0.165288 2.81203 
0 0 0 0 0 -0.037581 -0.169295 0.733051 
initial transmutate APLDGPAL 
transmutate!!! 11.855 93.244 25.426
transmutate!!! 11.855 93.244 25.426
begin run with pace 1 stretch 800 
699993 99999 99999 99999 99999 99999 99999 99999 
699993 
0 124.165 
0 -0.163793 1.76105 
0 -0.0417095 -0.201826 1.83491 
0 0 -0.0307354 -0.133549 5.16603 
0 0 -0.000521245 -0.0840894 95.8111 1.77843 
0 0 0 0 -0.0302777 -0.165288 2.81203 
0 0 0 0 0 -0.037581 -0.169295 0.733051 
creating MC move lookup table.
Sequence:    PLDGPAL
Fixed:              
Constrained: x      
Chain:       1111111
len 1 bonds, Nchains 1:*0 x1 x2 x3 x4 x5 x6 x7 8+0 != (8-1+(1-0)*1

len 2 bonds, Nchains 1:*0 x1 x2 x3 x4 x5 x6 7+0 != (8-1+(1-1)*1
-1 
len 3 bonds, Nchains 1:*0 x1 x2 x3 x4 x5 6+0 != (8-1+(1-2)*1
-1 -1 
len 4 bonds, Nchains 1:*0 x1 x2 x3 x4 5+0 != (8-1+(1-3)*1
-1 -1 -1 
swap in best curr 358.672 swap 9999 best 99999
swap in best curr 340.779 swap 9999 best 358.672
swap between best curr 309.28 swap 358.672 best 309.28
swap between best curr 307.36 swap 309.28 best 307.36
swap between best curr 301.679 swap 307.36 best 301.679
swap between best curr 287.324 swap 301.679 best 287.324
swap between best curr 285.614 swap 287.324 best 285.614
swap between best curr 270.65 swap 285.614 best 270.65
swap between best curr 233.136 swap 270.65 best 233.136
swap between best curr 217.193 swap 233.136 best 217.193
swap between best curr 205.952 swap 217.193 best 205.952
swap between best curr 180.982 swap 205.952 best 180.982
swap between best curr 180.254 swap 180.982 best 180.254
swap between best curr 169.324 swap 180.254 best 169.324
swap between best curr 168.873 swap 169.324 best 168.873
swap between best curr 168.831 swap 168.873 best 168.831
swap between best curr 164.42 swap 168.831 best 164.42
swap between best curr 162.589 swap 164.42 best 162.589
swap between best curr 159.056 swap 162.589 best 159.056
swap between best curr 158.116 swap 159.056 best 158.116
swap between best curr 145.204 swap 158.116 best 145.204
swap between best curr 140.238 swap 145.204 best 140.238
swap between best curr 138.482 swap 140.238 best 138.482
swap between best curr 120.449 swap 138.482 best 120.449
swap between best curr 110.645 swap 120.449 best 110.645
swap between best curr 107.25 swap 110.645 best 107.25
swap between best curr 104.185 swap 107.25 best 104.185
swap between best curr 100.923 swap 104.185 best 100.923
swap between best curr 98.7231 swap 100.923 best 98.7231
swap between best curr 97.9168 swap 98.7231 best 97.9168
swap between best curr 92.5703 swap 97.9168 best 92.5703
swap between best curr 86.9191 swap 92.5703 best 86.9191
swap between best curr 78.9276 swap 86.9191 best 78.9276
swap between best curr 67.8976 swap 78.9276 best 67.8976
swap between best curr 55.1736 swap 67.8976 best 55.1736
swap between best curr 43.8715 swap 55.1736 best 43.8715
swap between best curr 42.8448 swap 43.8715 best 42.8448
swap between best curr 42.3606 swap 42.8448 best 42.3606
swap between best curr 42.0732 swap 42.3606 best 42.0732
swap between best curr 42.0293 swap 42.0732 best 42.0293
swap between best curr 42.0145 swap 42.0293 best 42.0145
swap between best curr 41.9736 swap 42.0145 best 41.9736
swap between best curr 41.893 swap 41.9736 best 41.893
swap between best curr 41.748 swap 41.893 best 41.748
swap between best curr 40.7057 swap 41.748 best 40.7057
swap between best curr 40.5226 swap 40.7057 best 40.5226
swap between best curr 39.5491 swap 40.5226 best 39.5491
swap between best curr 39.5158 swap 39.5491 best 39.5158
swap between best curr 39.4875 swap 39.5158 best 39.4875
swap between best curr 39.4019 swap 39.4875 best 39.4019
swap between best curr 39.1524 swap 39.4019 best 39.1524
swap between best curr 39.095 swap 39.1524 best 39.095
swap between best curr 37.5019 swap 39.095 best 37.5019
swap between best curr 37.1998 swap 37.5019 best 37.1998
swap between best curr 36.632 swap 37.1998 best 36.632
swap between best curr 36.4816 swap 36.632 best 36.4816
swap between best curr 36.4284 swap 36.4816 best 36.4284
swap between best curr 36.4188 swap 36.4284 best 36.4188
swap between best curr 30.8015 swap 36.4188 best 30.8015
swap between best curr 29.7318 swap 30.8015 best 29.7318
swap between best curr 29.146 swap 29.7318 best 29.146
swap between best curr 28.9723 swap 29.146 best 28.9723
swap between best curr 26.9887 swap 28.9723 best 26.9887
swap between best curr 26.8673 swap 26.9887 best 26.8673
swap between best curr 26.8103 swap 26.8673 best 26.8103
swap between best curr 26.647 swap 26.8103 best 26.647
swap between best curr 26.0109 swap 26.647 best 26.0109
swap between best curr 24.9943 swap 26.0109 best 24.9943
swap between best curr 24.2766 swap 24.9943 best 24.2766
swap between best curr 24.0653 swap 24.2766 best 24.0653
swap between best curr 23.9531 swap 24.0653 best 23.9531
swap between best curr 20.9497 swap 23.9531 best 20.9497
swap between best curr 20.8834 swap 20.9497 best 20.8834
swap between best curr 20.7208 swap 20.8834 best 20.7208
swap between best curr 20.7061 swap 20.7208 best 20.7061
swap between best curr 20.037 swap 20.7061 best 20.037
swap between best curr 19.9526 swap 20.037 best 19.9526
swap between best curr 19.8986 swap 19.9526 best 19.8986
swap between best curr 19.8919 swap 19.8986 best 19.8919
swap between best curr 17.2201 swap 19.8919 best 17.2201
swap between best curr 17.1863 swap 17.2201 best 17.1863
swap between best curr 17.0898 swap 17.1863 best 17.0898
swap between best curr 10.1724 swap 17.0898 best 10.1724
swap between best curr 10.1624 swap 10.1724 best 10.1624
swap between best curr 10.1004 swap 10.1624 best 10.1004
swap between best curr 9.19796 swap 10.1004 best 9.19796
swap between best curr 9.19163 swap 9.19796 best 9.19163
swap between best curr 8.49648 swap 9.19163 best 8.49648
swap between best curr 7.94135 swap 8.49648 best 7.94135
swap between best curr 7.72092 swap 7.94135 best 7.72092
swap between best curr 7.37991 swap 7.72092 best 7.37991
swap between best curr 7.1882 swap 7.37991 best 7.1882
swap between best curr 7.08574 swap 7.1882 best 7.08574
swap between best curr 7.07791 swap 7.08574 best 7.07791
swap between best curr 6.53976 swap 7.07791 best 6.53976
swap between best curr 6.38237 swap 6.53976 best 6.38237
swap between best curr 5.82067 swap 6.38237 best 5.82067
swap between best curr 4.81036 swap 5.82067 best 4.81036
swap between best curr 4.68878 swap 4.81036 best 4.68878
swap between best curr 4.5768 swap 4.68878 best 4.5768
swap between best curr 4.4998 swap 4.5768 best 4.4998
swap between best curr 3.70102 swap 4.4998 best 3.70102
swap between best curr 3.37017 swap 3.70102 best 3.37017
swap between best curr 2.80757 swap 3.37017 best 2.80757
swap between best curr 2.77527 swap 2.80757 best 2.77527
swap between best curr 2.60091 swap 2.77527 best 2.60091
swap between good curr 2.59996 swap 2.60091 best 2.60091
swap between best curr 2.58652 swap 2.59996 best 2.58652
swap between best curr 2.49761 swap 2.58652 best 2.49761
swap between best curr 2.40471 swap 2.49761 best 2.40471
swap between best curr 2.33949 swap 2.40471 best 2.33949
swap between best curr 2.09927 swap 2.33949 best 2.09927
swap between best curr 1.86304 swap 2.09927 best 1.86304
swap between best curr 1.74591 swap 1.86304 best 1.74591
swap between best curr 1.69007 swap 1.74591 best 1.69007
swap between best curr 1.29642 swap 1.69007 best 1.29642
swap between best curr 1.15635 swap 1.29642 best 1.15635
swap between best curr 1.07238 swap 1.15635 best 1.07238
swap between best curr 0.945234 swap 1.07238 best 0.945234
swap between best curr 0.918954 swap 0.945234 best 0.918954
swap between best curr 0.520982 swap 0.918954 best 0.520982
swap between best curr 0.290142 swap 0.520982 best 0.290142
swap between best curr 0.146552 swap 0.290142 best 0.146552
swap between best curr 0.139296 swap 0.146552 best 0.139296
swap between best curr 0.135798 swap 0.139296 best 0.135798
swap between best curr 0.127058 swap 0.135798 best 0.127058
swap between best curr 0.0885723 swap 0.127058 best 0.0885723
swap between best curr 0.0399211 swap 0.0885723 best 0.0399211
swap between best curr -0.0639279 swap 0.0399211 best -0.0639279
totalE 15.847058 extE -5.367590 
swap between best curr -0.200298 swap -0.0639279 best -0.200298
totalE 15.199185 extE -5.333459 
swap between best curr -0.228006 swap -0.200298 best -0.228006
totalE 15.171477 extE -5.361168 
swap between best curr -0.249517 swap -0.228006 best -0.249517
totalE 14.848463 extE -5.282176 
swap between best curr -0.401457 swap -0.249517 best -0.401457
totalE 14.714993 extE -5.440274 
swap between best curr -0.455327 swap -0.401457 best -0.455327
totalE 14.280203 extE -5.367170 
swap between best curr -0.513677 swap -0.455327 best -0.513677
totalE 13.523177 extE -5.192629 
swap between best curr -0.559207 swap -0.513677 best -0.559207
totalE 13.424732 extE -5.220520 
swap between best curr -0.675547 swap -0.559207 best -0.675547
totalE 13.611767 extE -5.437985 
swap between best curr -1.06736 swap -0.675547 best -1.06736
totalE 12.330388 extE -5.533270 
swap between best curr -1.54052 swap -1.06736 best -1.54052
totalE 10.372636 extE -5.511570 
swap between best curr -1.57972 swap -1.54052 best -1.57972
totalE 10.147207 extE -5.488696 
swap between best curr -1.82473 swap -1.57972 best -1.82473
totalE 9.110651 extE -5.469862 
swap between best curr -1.93437 swap -1.82473 best -1.93437
totalE 9.001019 extE -5.579494 
swap between best curr -2.01945 swap -1.93437 best -2.01945
totalE 8.915935 extE -5.664578 
swap between best curr -2.0415 swap -2.01945 best -2.0415
totalE 9.336326 extE -5.834112 
swap between best curr -2.13289 swap -2.0415 best -2.13289
totalE 10.001354 extE -6.177645 
swap between best curr -2.16289 swap -2.13289 best -2.16289
totalE 9.971359 extE -6.207639 
swap between best curr -2.21301 swap -2.16289 best -2.21301
totalE 7.995057 extE -5.615698 
swap between best curr -2.24807 swap -2.21301 best -2.24807
totalE 8.324658 extE -5.772317 
swap between best curr -2.25894 swap -2.24807 best -2.25894
totalE 8.236880 extE -5.757549 
swap between best curr -2.28053 swap -2.25894 best -2.28053
totalE 8.290501 extE -5.804210 
swap between best curr -2.60509 swap -2.28053 best -2.60509
totalE 7.832124 extE -6.084158 
swap between best curr -2.60796 swap -2.60509 best -2.60796
totalE 8.000053 extE -6.143962 
swap between best curr -2.85526 swap -2.60796 best -2.85526
totalE 9.193679 extE -6.871571 
totalE 700226.003067 extE 699993.000000 
totalE 700226.003067 extE 699993.000000 
totalE 700226.003067 extE 699993.000000 
totalE 700226.003067 extE 699993.000000 
totalE 700226.003067 extE 699993.000000 
totalE 700226.003067 extE 699993.000000 
totalE 700226.003067 extE 699993.000000 
totalE 700226.003067 extE 699993.000000 
totalE 700226.003067 extE 699993.000000 
totalE 9.193679 extE -6.871571 
totalE 9.193679 extE -6.871571 
best target energy -2.85526
The program has successfully finished in 1 seconds. :)  Bye-bye!
ramaprob initialise success 
transpoints initialise success with 89 transpoints 
grid box initialise succuss 67 57 73 
