found external potential parameters 1 
found external potential parameters 4 
setting constrained list file constrains
Building protein from sequence: ABCDEFGHIGKLMNGPQRSTGVWGYZ.
Building protein from sequence: ABCDEFGHIGKLMNGPQRSTGVWGYZ (26 amino acids, 1 chains).
ABCDEFGHIGKLMNGPQRSTGVWGYZ 26
Building protein from sequence: slsdyc.
Building protein from sequence: slsdyc (6 amino acids, 1 chains).
slsdyc 6
AD Grid maps initialisation finished 
1marking constrained amino acids from file constrains
Constraining amino acids: 1
WARNING! Contact map file 'NULL' given, so no bias interactions will be calculated.
0 0 0 0 0 0  aaa 1 99999 
 aaa 2 99999 
 aaa 3 99999 
 aaa 4 99999 
 aaa 5 99999 
 aaa 6 99999 
SS Energy diag offdiag 599994 99999 99999 99999 99999 99999 99999 
599994 
0 124.298 
0 -0.194395 1.76105 
0 -0.0561669 -0.209267 2.05 
0 0 0.0960069 -0.215882 1.83491 
0 0 0 -0.0407379 -0.180324 1.74684 
0 0 0 -0.000120036 -0.0662753 -0.210273 30.736 
initial transmutate ASLSDYC 
transmutate!!! 7.855 93.244 21.426
transmutate!!! 7.855 93.244 21.426
begin run with pace 1 stretch 800 
599994 99999 99999 99999 99999 99999 99999 
599994 
0 124.298 
0 -0.194395 1.76105 
0 -0.0561669 -0.209267 2.05 
0 0 0.0960069 -0.215882 1.83491 
0 0 0 -0.0407379 -0.180324 1.74684 
0 0 0 -0.000120036 -0.0662753 -0.210273 30.736 
creating MC move lookup table.
Sequence:    SLSDYC
Fixed:             
Constrained: x     
Chain:       111111
len 1 bonds, Nchains 1:*0 x1 x2 x3 x4 x5 x6 7+0 != (7-1+(1-0)*1

len 2 bonds, Nchains 1:*0 x1 x2 x3 x4 x5 6+0 != (7-1+(1-1)*1
-1 
len 3 bonds, Nchains 1:*0 x1 x2 x3 x4 5+0 != (7-1+(1-2)*1
-1 -1 
len 4 bonds, Nchains 1:*0 x1 x2 x3 4+0 != (7-1+(1-3)*1
-1 -1 -1 
swap in best curr 205.793 swap 9999 best 99999
swap in best curr 195.725 swap 9999 best 205.793
swap between best curr 172.274 swap 205.793 best 172.274
swap between best curr 170.191 swap 172.274 best 170.191
swap between best curr 125.47 swap 170.191 best 125.47
swap between best curr 122.868 swap 125.47 best 122.868
swap between best curr 119.313 swap 122.868 best 119.313
swap between best curr 114.015 swap 119.313 best 114.015
swap between best curr 106.056 swap 114.015 best 106.056
swap between best curr 71.1852 swap 106.056 best 71.1852
swap between best curr 62.1279 swap 71.1852 best 62.1279
swap between best curr 49.5075 swap 62.1279 best 49.5075
swap between best curr 43.2716 swap 49.5075 best 43.2716
swap between best curr 41.8741 swap 43.2716 best 41.8741
swap between best curr 41.5857 swap 41.8741 best 41.5857
swap between best curr 37.1549 swap 41.5857 best 37.1549
swap between best curr 36.699 swap 37.1549 best 36.699
swap between best curr 31.8112 swap 36.699 best 31.8112
swap between best curr 31.5926 swap 31.8112 best 31.5926
swap between best curr 31.249 swap 31.5926 best 31.249
swap between best curr 31.1751 swap 31.249 best 31.1751
swap between best curr 28.9893 swap 31.1751 best 28.9893
swap between best curr 28.428 swap 28.9893 best 28.428
swap between best curr 28.1266 swap 28.428 best 28.1266
swap between best curr 27.9612 swap 28.1266 best 27.9612
swap between best curr 27.3848 swap 27.9612 best 27.3848
swap between best curr 26.1609 swap 27.3848 best 26.1609
swap between best curr 25.6837 swap 26.1609 best 25.6837
swap between best curr 24.6201 swap 25.6837 best 24.6201
swap between best curr 24.2487 swap 24.6201 best 24.2487
swap between best curr 22.6049 swap 24.2487 best 22.6049
swap between best curr 22.5959 swap 22.6049 best 22.5959
swap between best curr 22.2826 swap 22.5959 best 22.2826
swap between best curr 22.2395 swap 22.2826 best 22.2395
swap between best curr 22.1083 swap 22.2395 best 22.1083
swap between best curr 21.9441 swap 22.1083 best 21.9441
swap between best curr 18.9769 swap 21.9441 best 18.9769
swap between best curr 18.9137 swap 18.9769 best 18.9137
swap between best curr 18.6304 swap 18.9137 best 18.6304
swap between best curr 18.4493 swap 18.6304 best 18.4493
swap between best curr 18.0322 swap 18.4493 best 18.0322
swap between best curr 18.025 swap 18.0322 best 18.025
swap between best curr 17.7202 swap 18.025 best 17.7202
swap between best curr 17.0264 swap 17.7202 best 17.0264
swap between best curr 16.7297 swap 17.0264 best 16.7297
swap between best curr 16.6033 swap 16.7297 best 16.6033
swap between best curr 15.8705 swap 16.6033 best 15.8705
swap between best curr 15.2013 swap 15.8705 best 15.2013
swap between best curr 14.9642 swap 15.2013 best 14.9642
swap between best curr 11.6391 swap 14.9642 best 11.6391
swap between best curr 11.4773 swap 11.6391 best 11.4773
swap between best curr 11.1845 swap 11.4773 best 11.1845
swap between best curr 11.0858 swap 11.1845 best 11.0858
swap between best curr 10.586 swap 11.0858 best 10.586
swap between best curr 8.37259 swap 10.586 best 8.37259
swap between best curr 8.21815 swap 8.37259 best 8.21815
swap between best curr 8.20822 swap 8.21815 best 8.20822
swap between best curr 7.52339 swap 8.20822 best 7.52339
swap between best curr 7.22765 swap 7.52339 best 7.22765
swap between best curr 7.16288 swap 7.22765 best 7.16288
swap between best curr 6.64875 swap 7.16288 best 6.64875
swap between best curr 6.57467 swap 6.64875 best 6.57467
swap between best curr 5.71071 swap 6.57467 best 5.71071
swap between best curr 3.59712 swap 5.71071 best 3.59712
swap between best curr 3.19683 swap 3.59712 best 3.19683
swap between best curr 3.07366 swap 3.19683 best 3.07366
swap between best curr 2.72827 swap 3.07366 best 2.72827
swap between best curr 2.70376 swap 2.72827 best 2.70376
swap between best curr 2.5841 swap 2.70376 best 2.5841
swap between best curr 2.42701 swap 2.5841 best 2.42701
swap between best curr 2.14374 swap 2.42701 best 2.14374
swap between best curr 1.75117 swap 2.14374 best 1.75117
swap between best curr 1.21217 swap 1.75117 best 1.21217
swap between best curr 1.11174 swap 1.21217 best 1.11174
swap in best curr -1.48217 swap 9999 best 1.11174
totalE 10.031163 extE -5.319949 
swap in best curr -1.58701 swap 9999 best -1.48217
totalE 9.926324 extE -5.424788 
swap between best curr -1.63344 swap -1.48217 best -1.63344
totalE 9.491978 extE -5.341914 
totalE 600155.349773 extE 599994.000000 
totalE 600155.349773 extE 599994.000000 
totalE 600155.349773 extE 599994.000000 
totalE 600155.349773 extE 599994.000000 
totalE 600155.349773 extE 599994.000000 
totalE 600155.349773 extE 599994.000000 
totalE 600155.349773 extE 599994.000000 
totalE 9.491978 extE -5.341914 
totalE 18.841647 extE -4.798235 
totalE 18.841647 extE -4.798235 
totalE 9.491978 extE -5.341914 
best target energy -1.63344
The program has successfully finished in 0 seconds. :)  Bye-bye!
ramaprob initialise success 
transpoints initialise success with 89 transpoints 
grid box initialise succuss 67 57 73 
