found external potential parameters 1 
found external potential parameters 4 
setting constrained list file constrains
Building protein from sequence: ABCDEFGHIGKLMNGPQRSTGVWGYZ.
Building protein from sequence: ABCDEFGHIGKLMNGPQRSTGVWGYZ (26 amino acids, 1 chains).
ABCDEFGHIGKLMNGPQRSTGVWGYZ 26
Building protein from sequence: tltdyl.
Building protein from sequence: tltdyl (6 amino acids, 1 chains).
tltdyl 6
AD Grid maps initialisation finished 
1marking constrained amino acids from file constrains
Constraining amino acids: 1
WARNING! Contact map file 'NULL' given, so no bias interactions will be calculated.
0 0 0 0 0 0  aaa 1 99999 
 aaa 2 99999 
 aaa 3 99999 
 aaa 4 99999 
 aaa 5 99999 
 aaa 6 99999 
SS Energy diag offdiag 599994 99999 99999 99999 99999 99999 99999 
599994 
0 124.241 
0 0.0968463 1.76105 
0 -0.0716267 -0.2316 1.9853 
0 0 0.096007 -0.260741 1.83491 
0 0 0 -0.0518997 -0.180324 1.74684 
0 0 0 0 0.146666 -0.177494 0.733051 
initial transmutate ATLTDYL 
transmutate!!! 9.855 99.244 13.426
transmutate!!! 9.855 99.244 13.426
begin run with pace 1 stretch 800 
599994 99999 99999 99999 99999 99999 99999 
599994 
0 124.241 
0 0.0968463 1.76105 
0 -0.0716267 -0.2316 1.9853 
0 0 0.096007 -0.260741 1.83491 
0 0 0 -0.0518997 -0.180324 1.74684 
0 0 0 0 0.146666 -0.177494 0.733051 
creating MC move lookup table.
Sequence:    TLTDYL
Fixed:             
Constrained: x     
Chain:       111111
len 1 bonds, Nchains 1:*0 x1 x2 x3 x4 x5 x6 7+0 != (7-1+(1-0)*1

len 2 bonds, Nchains 1:*0 x1 x2 x3 x4 x5 6+0 != (7-1+(1-1)*1
-1 
len 3 bonds, Nchains 1:*0 x1 x2 x3 x4 5+0 != (7-1+(1-2)*1
-1 -1 
len 4 bonds, Nchains 1:*0 x1 x2 x3 4+0 != (7-1+(1-3)*1
-1 -1 -1 
swap in best curr 37.3047 swap 9999 best 99999
swap in best curr 30.6524 swap 9999 best 37.3047
swap between best curr 30.2283 swap 37.3047 best 30.2283
swap between best curr 29.5076 swap 30.2283 best 29.5076
swap between best curr 27.9352 swap 29.5076 best 27.9352
swap between best curr 27.5448 swap 27.9352 best 27.5448
swap between best curr 26.3937 swap 27.5448 best 26.3937
swap between best curr 26.0757 swap 26.3937 best 26.0757
swap between best curr 25.9465 swap 26.0757 best 25.9465
swap between best curr 25.7516 swap 25.9465 best 25.7516
swap between best curr 24.7456 swap 25.7516 best 24.7456
swap between best curr 24.6358 swap 24.7456 best 24.6358
swap between best curr 24.2564 swap 24.6358 best 24.2564
swap between best curr 22.4402 swap 24.2564 best 22.4402
swap between best curr 22.3064 swap 22.4402 best 22.3064
swap between best curr 21.166 swap 22.3064 best 21.166
swap between best curr 21.1039 swap 21.166 best 21.1039
swap between best curr 21.0533 swap 21.1039 best 21.0533
swap between best curr 20.9523 swap 21.0533 best 20.9523
swap between best curr 20.8487 swap 20.9523 best 20.8487
swap between best curr 20.2384 swap 20.8487 best 20.2384
swap between best curr 20.0721 swap 20.2384 best 20.0721
swap between best curr 18.1513 swap 20.0721 best 18.1513
swap between best curr 18.1456 swap 18.1513 best 18.1456
swap between best curr 17.2825 swap 18.1456 best 17.2825
swap between best curr 17.2227 swap 17.2825 best 17.2227
swap between best curr 16.6966 swap 17.2227 best 16.6966
swap between best curr 16.6422 swap 16.6966 best 16.6422
swap between best curr 16.6157 swap 16.6422 best 16.6157
swap between best curr 13.8005 swap 16.6157 best 13.8005
swap between best curr 13.5644 swap 13.8005 best 13.5644
swap between best curr 12.4972 swap 13.5644 best 12.4972
swap between best curr 12.0683 swap 12.4972 best 12.0683
swap between best curr 10.6672 swap 12.0683 best 10.6672
swap between best curr 10.4872 swap 10.6672 best 10.4872
swap between best curr 10.4473 swap 10.4872 best 10.4473
swap between best curr 10.3499 swap 10.4473 best 10.3499
swap between best curr 9.36477 swap 10.3499 best 9.36477
swap between best curr 8.84975 swap 9.36477 best 8.84975
swap between best curr 6.9811 swap 8.84975 best 6.9811
swap between best curr 6.72003 swap 6.9811 best 6.72003
swap between best curr 6.58242 swap 6.72003 best 6.58242
swap between best curr 5.82719 swap 6.58242 best 5.82719
swap between best curr 5.63127 swap 5.82719 best 5.63127
swap between best curr 3.93774 swap 5.63127 best 3.93774
swap between best curr 3.82487 swap 3.93774 best 3.82487
swap between best curr 1.98512 swap 3.82487 best 1.98512
swap between best curr 1.97641 swap 1.98512 best 1.97641
swap between best curr 0.828222 swap 1.97641 best 0.828222
swap between best curr 0.762477 swap 0.828222 best 0.762477
swap between best curr 0.594243 swap 0.762477 best 0.594243
swap between best curr 0.232333 swap 0.594243 best 0.232333
swap between best curr 0.0857729 swap 0.232333 best 0.0857729
swap between best curr -0.162277 swap 0.0857729 best -0.162277
totalE 30.042874 extE -10.230660 
swap between best curr -0.176102 swap -0.162277 best -0.176102
totalE 29.877990 extE -10.194133 
swap between best curr -0.405058 swap -0.176102 best -0.405058
totalE 29.653283 extE -10.424505 
swap between best curr -0.76867 swap -0.405058 best -0.76867
totalE 29.621951 extE -10.898878 
swap between best curr -0.871838 swap -0.76867 best -0.871838
totalE 29.415651 extE -10.967668 
swap between best curr -1.90498 swap -0.871838 best -1.90498
totalE 24.635320 extE -10.751748 
swap between best curr -3.85758 swap -1.90498 best -3.85758
totalE 17.063679 extE -10.831338 
swap between best curr -4.36984 swap -3.85758 best -4.36984
totalE 14.837507 extE -10.772294 
swap between best curr -4.58917 swap -4.36984 best -4.58917
totalE 14.546265 extE -10.967654 
swap between best curr -4.89176 swap -4.58917 best -4.89176
totalE 14.467330 extE -11.344795 
swap between best curr -4.94136 swap -4.89176 best -4.94136
totalE 14.394096 extE -11.386514 
swap between best curr -5.23511 swap -4.94136 best -5.23511
totalE 13.093189 extE -11.344542 
swap between best curr -5.6149 swap -5.23511 best -5.6149
totalE -0.226410 extE -7.411069 
swap between best curr -5.7266 swap -5.6149 best -5.7266
totalE -0.674275 extE -7.410709 
swap between best curr -5.75973 swap -5.7266 best -5.75973
totalE -0.733970 extE -7.434987 
swap between best curr -6.27738 swap -5.75973 best -6.27738
totalE -2.136634 extE -7.657630 
swap between best curr -6.60452 swap -6.27738 best -6.60452
totalE -2.457633 extE -7.986813 
swap between best curr -6.94781 swap -6.60452 best -6.94781
totalE -3.094803 extE -8.232151 
swap between best curr -7.16027 swap -6.94781 best -7.16027
totalE -3.327316 extE -8.437922 
swap between best curr -7.17388 swap -7.16027 best -7.17388
totalE -3.695912 extE -8.333197 
swap between best curr -7.18679 swap -7.17388 best -7.18679
totalE -2.846580 extE -8.633524 
swap between best curr -7.30759 swap -7.18679 best -7.30759
totalE -3.978037 extE -8.417448 
swap between best curr -7.46204 swap -7.30759 best -7.46204
totalE -4.132478 extE -8.571889 
swap between best curr -7.52973 swap -7.46204 best -7.52973
totalE -3.854124 extE -8.754938 
swap between best curr -7.72259 swap -7.52973 best -7.72259
totalE -4.563918 extE -8.775482 
swap between best curr -7.90671 swap -7.72259 best -7.90671
totalE -4.748035 extE -8.959599 
swap between best curr -8.08015 swap -7.90671 best -8.08015
totalE -4.925203 extE -9.131793 
swap between best curr -8.35309 swap -8.08015 best -8.35309
totalE -4.938194 extE -9.491383 
swap between best curr -8.46339 swap -8.35309 best -8.46339
totalE -5.048500 extE -9.601689 
swap between best curr -8.52787 swap -8.46339 best -8.52787
totalE -4.932381 extE -9.726368 
swap between best curr -8.55853 swap -8.52787 best -8.55853
totalE -5.165743 extE -9.689462 
totalE 600125.667839 extE 599994.000000 
totalE 600125.667839 extE 599994.000000 
totalE 600125.667839 extE 599994.000000 
totalE 600125.667839 extE 599994.000000 
totalE 600125.667839 extE 599994.000000 
totalE 600125.667839 extE 599994.000000 
totalE 600125.667839 extE 599994.000000 
totalE 600125.667839 extE 599994.000000 
totalE 600125.667839 extE 599994.000000 
totalE -5.165743 extE -9.689462 
totalE -5.165743 extE -9.689462 
best target energy -8.55853
The program has successfully finished in 1 seconds. :)  Bye-bye!
ramaprob initialise success 
transpoints initialise success with 89 transpoints 
grid box initialise succuss 67 57 73 
