found external potential parameters 1 
found external potential parameters 4 
setting constrained list file constrains
Building protein from sequence: ABCDEFGHIGKLMNGPQRSTGVWGYZ.
Building protein from sequence: ABCDEFGHIGKLMNGPQRSTGVWGYZ (26 amino acids, 1 chains).
ABCDEFGHIGKLMNGPQRSTGVWGYZ 26
Building protein from sequence: tlwdyl.
Building protein from sequence: tlwdyl (6 amino acids, 1 chains).
tlwdyl 6
AD Grid maps initialisation finished 
1marking constrained amino acids from file constrains
Constraining amino acids: 1
WARNING! Contact map file 'NULL' given, so no bias interactions will be calculated.
0 0 0 0 0 0  aaa 1 99999 
 aaa 2 99999 
 aaa 3 99999 
 aaa 4 99999 
 aaa 5 99999 
 aaa 6 99999 
SS Energy diag offdiag 599994 99999 99999 99999 99999 99999 99999 
599994 
0 124.241 
0 0.0968463 1.76105 
0 -0.146056 -0.174782 1.7551 
0 0 0.096007 -0.244661 1.83491 
0 0 0 -0.337545 -0.180324 1.74684 
0 0 0 -2.55402e-06 0.146666 -0.177494 0.733051 
initial transmutate ATLWDYL 
transmutate!!! 9.855 98.244 17.426
transmutate!!! 9.855 98.244 17.426
begin run with pace 1 stretch 800 
599994 99999 99999 99999 99999 99999 99999 
599994 
0 124.241 
0 0.0968463 1.76105 
0 -0.146056 -0.174782 1.7551 
0 0 0.096007 -0.244661 1.83491 
0 0 0 -0.337545 -0.180324 1.74684 
0 0 0 -2.55402e-06 0.146666 -0.177494 0.733051 
creating MC move lookup table.
Sequence:    TLWDYL
Fixed:             
Constrained: x     
Chain:       111111
len 1 bonds, Nchains 1:*0 x1 x2 x3 x4 x5 x6 7+0 != (7-1+(1-0)*1

len 2 bonds, Nchains 1:*0 x1 x2 x3 x4 x5 6+0 != (7-1+(1-1)*1
-1 
len 3 bonds, Nchains 1:*0 x1 x2 x3 x4 5+0 != (7-1+(1-2)*1
-1 -1 
len 4 bonds, Nchains 1:*0 x1 x2 x3 4+0 != (7-1+(1-3)*1
-1 -1 -1 
swap in best curr 56.2353 swap 9999 best 99999
swap in best curr 53.8302 swap 9999 best 56.2353
swap between good curr 54.1752 swap 56.2353 best 53.8302
swap between good curr 53.8997 swap 54.1752 best 53.8302
swap between best curr 51.3811 swap 53.8997 best 51.3811
swap between best curr 29.5349 swap 51.3811 best 29.5349
swap between best curr 27.641 swap 29.5349 best 27.641
swap between best curr 26.7804 swap 27.641 best 26.7804
swap between best curr 26.5319 swap 26.7804 best 26.5319
swap between best curr 26.4247 swap 26.5319 best 26.4247
swap between best curr 26.1232 swap 26.4247 best 26.1232
swap between best curr 25.7813 swap 26.1232 best 25.7813
swap between best curr 23.799 swap 25.7813 best 23.799
swap between best curr 22.1528 swap 23.799 best 22.1528
swap between best curr 22.0328 swap 22.1528 best 22.0328
swap between best curr 21.8766 swap 22.0328 best 21.8766
swap between best curr 20.4245 swap 21.8766 best 20.4245
swap between best curr 20.1179 swap 20.4245 best 20.1179
swap between best curr 19.8234 swap 20.1179 best 19.8234
swap between best curr 19.2036 swap 19.8234 best 19.2036
swap between best curr 19.1905 swap 19.2036 best 19.1905
swap between best curr 18.3272 swap 19.1905 best 18.3272
swap between best curr 18.3247 swap 18.3272 best 18.3247
swap between best curr 18.1799 swap 18.3247 best 18.1799
swap between best curr 16.5498 swap 18.1799 best 16.5498
swap between best curr 16.3843 swap 16.5498 best 16.3843
swap between best curr 16.3266 swap 16.3843 best 16.3266
swap between best curr 15.8878 swap 16.3266 best 15.8878
swap between best curr 15.1878 swap 15.8878 best 15.1878
swap between best curr 13.2627 swap 15.1878 best 13.2627
swap between best curr 13.1029 swap 13.2627 best 13.1029
swap between best curr 12.5377 swap 13.1029 best 12.5377
swap between best curr 11.1802 swap 12.5377 best 11.1802
swap between best curr 10.8669 swap 11.1802 best 10.8669
swap between best curr 9.82445 swap 10.8669 best 9.82445
swap between best curr 9.62649 swap 9.82445 best 9.62649
swap between best curr 8.85952 swap 9.62649 best 8.85952
swap between best curr 8.65682 swap 8.85952 best 8.65682
swap between best curr 8.45624 swap 8.65682 best 8.45624
swap between best curr 8.24254 swap 8.45624 best 8.24254
swap between best curr 7.55985 swap 8.24254 best 7.55985
swap between best curr 7.55388 swap 7.55985 best 7.55388
swap between best curr 6.62501 swap 7.55388 best 6.62501
swap between best curr 6.51698 swap 6.62501 best 6.51698
swap between best curr 5.98968 swap 6.51698 best 5.98968
swap between best curr 5.91155 swap 5.98968 best 5.91155
swap between best curr 5.87974 swap 5.91155 best 5.87974
swap between best curr 5.05183 swap 5.87974 best 5.05183
swap between best curr 4.99524 swap 5.05183 best 4.99524
swap between best curr 4.65118 swap 4.99524 best 4.65118
swap between best curr 4.54474 swap 4.65118 best 4.54474
swap between best curr 3.87469 swap 4.54474 best 3.87469
swap between best curr 3.72663 swap 3.87469 best 3.72663
swap between best curr 3.30548 swap 3.72663 best 3.30548
swap between best curr 3.16106 swap 3.30548 best 3.16106
swap between best curr 2.76098 swap 3.16106 best 2.76098
swap between best curr 2.73081 swap 2.76098 best 2.73081
swap between best curr 2.60471 swap 2.73081 best 2.60471
swap between best curr 1.92378 swap 2.60471 best 1.92378
swap between best curr 1.82541 swap 1.92378 best 1.82541
swap between best curr 1.41422 swap 1.82541 best 1.41422
swap between best curr 0.712128 swap 1.41422 best 0.712128
swap between best curr 0.493103 swap 0.712128 best 0.493103
swap between best curr 0.412815 swap 0.493103 best 0.412815
swap between best curr -0.0447927 swap 0.412815 best -0.0447927
totalE 27.020978 extE -9.066716 
swap between best curr -0.101 swap -0.0447927 best -0.101
totalE 26.386165 extE -8.930055 
swap in good curr 2.3023 swap 9999 best -0.101
swap between good curr 2.07249 swap 2.3023 best -0.101
swap between good curr 1.94688 swap 2.07249 best -0.101
swap between good curr 1.52024 swap 1.94688 best -0.101
swap between good curr 1.49673 swap 1.52024 best -0.101
swap between good curr 1.39148 swap 1.49673 best -0.101
swap between good curr 1.36575 swap 1.39148 best -0.101
swap between good curr 1.18525 swap 1.36575 best -0.101
swap between good curr 1.09715 swap 1.18525 best -0.101
swap between good curr 0.762756 swap 1.09715 best -0.101
swap between good curr 0.422163 swap 0.762756 best -0.101
swap between good curr -0.018844 swap 0.422163 best -0.101
swap between best curr -0.139614 swap -0.018844 best -0.139614
totalE 22.098537 extE -7.552332 
swap between best curr -0.712255 swap -0.139614 best -0.712255
totalE 18.947214 extE -7.265412 
swap between best curr -0.764857 swap -0.712255 best -0.764857
totalE 18.853857 extE -7.304428 
swap between best curr -0.791523 swap -0.764857 best -0.791523
totalE 18.534806 extE -7.233633 
swap between best curr -1.28854 swap -0.791523 best -1.28854
totalE 17.826132 extE -7.660098 
swap between best curr -1.44439 swap -1.28854 best -1.44439
totalE 17.654186 extE -7.810576 
swap between best curr -1.53107 swap -1.44439 best -1.53107
totalE 17.334464 extE -7.819586 
totalE 600125.150460 extE 599994.000000 
totalE 600125.150460 extE 599994.000000 
totalE 600125.150460 extE 599994.000000 
totalE 600125.150460 extE 599994.000000 
totalE 600125.150460 extE 599994.000000 
totalE 600125.150460 extE 599994.000000 
totalE 600125.150460 extE 599994.000000 
totalE 600125.150460 extE 599994.000000 
totalE 17.334464 extE -7.819586 
totalE 26.386165 extE -8.930055 
totalE 17.334464 extE -7.819586 
best target energy -1.53107
The program has successfully finished in 0 seconds. :)  Bye-bye!
ramaprob initialise success 
transpoints initialise success with 89 transpoints 
grid box initialise succuss 67 57 73 
