found external potential parameters 1 
found external potential parameters 4 
setting constrained list file constrains
Building protein from sequence: ABCDEFGHIGKLMNGPQRSTGVWGYZ.
Building protein from sequence: ABCDEFGHIGKLMNGPQRSTGVWGYZ (26 amino acids, 1 chains).
ABCDEFGHIGKLMNGPQRSTGVWGYZ 26
Building protein from sequence: pldlpal.
Building protein from sequence: pldlpal (7 amino acids, 1 chains).
pldlpal 7
AD Grid maps initialisation finished 
1marking constrained amino acids from file constrains
Constraining amino acids: 1
WARNING! Contact map file 'NULL' given, so no bias interactions will be calculated.
0 0 0 0 0 0 0  aaa 1 99999 
 aaa 2 99999 
 aaa 3 99999 
 aaa 4 99999 
 aaa 5 99999 
 aaa 6 99999 
 aaa 7 99999 
SS Energy diag offdiag 699993 99999 99999 99999 99999 99999 99999 99999 
699993 
0 124.165 
0 -0.163793 1.76105 
0 -0.0417095 -0.201826 1.83491 
0 0 -0.719104 -0.190631 1.76105 
0 0 -0.000521244 -0.0840894 95.7403 1.77843 
0 0 0 0 -0.229839 -0.165288 2.81203 
0 0 0 0 0 -0.037581 -0.169295 0.733051 
initial transmutate APLDLPAL 
transmutate!!! 8.855 94.244 28.426
transmutate!!! 8.855 94.244 28.426
begin run with pace 1 stretch 800 
699993 99999 99999 99999 99999 99999 99999 99999 
699993 
0 124.165 
0 -0.163793 1.76105 
0 -0.0417095 -0.201826 1.83491 
0 0 -0.719104 -0.190631 1.76105 
0 0 -0.000521244 -0.0840894 95.7403 1.77843 
0 0 0 0 -0.229839 -0.165288 2.81203 
0 0 0 0 0 -0.037581 -0.169295 0.733051 
creating MC move lookup table.
Sequence:    PLDLPAL
Fixed:              
Constrained: x      
Chain:       1111111
len 1 bonds, Nchains 1:*0 x1 x2 x3 x4 x5 x6 x7 8+0 != (8-1+(1-0)*1

len 2 bonds, Nchains 1:*0 x1 x2 x3 x4 x5 x6 7+0 != (8-1+(1-1)*1
-1 
len 3 bonds, Nchains 1:*0 x1 x2 x3 x4 x5 6+0 != (8-1+(1-2)*1
-1 -1 
len 4 bonds, Nchains 1:*0 x1 x2 x3 x4 5+0 != (8-1+(1-3)*1
-1 -1 -1 
swap in best curr 141.338 swap 9999 best 99999
swap in best curr 130.864 swap 9999 best 141.338
swap between best curr 113.05 swap 141.338 best 113.05
swap between best curr 112.64 swap 113.05 best 112.64
swap between best curr 88.1469 swap 112.64 best 88.1469
swap between best curr 70.3405 swap 88.1469 best 70.3405
swap between best curr 61.4222 swap 70.3405 best 61.4222
swap between best curr 58.4705 swap 61.4222 best 58.4705
swap between best curr 56.8316 swap 58.4705 best 56.8316
swap between best curr 56.6408 swap 56.8316 best 56.6408
swap between best curr 56.4882 swap 56.6408 best 56.4882
swap between best curr 55.9813 swap 56.4882 best 55.9813
swap between best curr 55.8934 swap 55.9813 best 55.8934
swap between best curr 55.4742 swap 55.8934 best 55.4742
swap between best curr 55.3636 swap 55.4742 best 55.3636
swap between best curr 51.4065 swap 55.3636 best 51.4065
swap between best curr 51.3316 swap 51.4065 best 51.3316
swap between best curr 49.5016 swap 51.3316 best 49.5016
swap between best curr 49.4014 swap 49.5016 best 49.4014
swap between best curr 49.329 swap 49.4014 best 49.329
swap between best curr 48.3885 swap 49.329 best 48.3885
swap between best curr 48.3389 swap 48.3885 best 48.3389
swap between best curr 47.7533 swap 48.3389 best 47.7533
swap between best curr 47.7036 swap 47.7533 best 47.7036
swap between best curr 47.6287 swap 47.7036 best 47.6287
swap between best curr 47.5634 swap 47.6287 best 47.5634
swap between best curr 47.4016 swap 47.5634 best 47.4016
swap between best curr 47.1532 swap 47.4016 best 47.1532
swap between best curr 46.7118 swap 47.1532 best 46.7118
swap between best curr 44.6936 swap 46.7118 best 44.6936
swap between best curr 44.6772 swap 44.6936 best 44.6772
swap between best curr 44.5407 swap 44.6772 best 44.5407
swap between best curr 44.44 swap 44.5407 best 44.44
swap between best curr 43.4963 swap 44.44 best 43.4963
swap between best curr 43.3173 swap 43.4963 best 43.3173
swap between best curr 43.1505 swap 43.3173 best 43.1505
swap between best curr 42.9378 swap 43.1505 best 42.9378
swap between best curr 41.0637 swap 42.9378 best 41.0637
swap between best curr 40.7607 swap 41.0637 best 40.7607
swap between best curr 40.675 swap 40.7607 best 40.675
swap between best curr 40.5822 swap 40.675 best 40.5822
swap between best curr 38.8068 swap 40.5822 best 38.8068
swap between best curr 38.483 swap 38.8068 best 38.483
swap between best curr 38.3349 swap 38.483 best 38.3349
swap between best curr 37.5933 swap 38.3349 best 37.5933
swap between best curr 37.509 swap 37.5933 best 37.509
swap between best curr 36.3556 swap 37.509 best 36.3556
swap between best curr 36.3146 swap 36.3556 best 36.3146
swap between best curr 36.2379 swap 36.3146 best 36.2379
swap between best curr 36.2047 swap 36.2379 best 36.2047
swap between best curr 36.1286 swap 36.2047 best 36.1286
swap between best curr 36.0534 swap 36.1286 best 36.0534
swap between best curr 35.8007 swap 36.0534 best 35.8007
swap between best curr 35.0747 swap 35.8007 best 35.0747
swap between best curr 34.9816 swap 35.0747 best 34.9816
swap between best curr 34.816 swap 34.9816 best 34.816
swap between best curr 30.0472 swap 34.816 best 30.0472
swap between best curr 30.0052 swap 30.0472 best 30.0052
swap between best curr 29.982 swap 30.0052 best 29.982
swap between best curr 26.7548 swap 29.982 best 26.7548
swap between best curr 26.4466 swap 26.7548 best 26.4466
swap between best curr 19.8549 swap 26.4466 best 19.8549
swap between best curr 19.1553 swap 19.8549 best 19.1553
swap between best curr 18.719 swap 19.1553 best 18.719
swap between best curr 18.1788 swap 18.719 best 18.1788
swap between best curr 17.9587 swap 18.1788 best 17.9587
swap between best curr 17.6552 swap 17.9587 best 17.6552
swap between best curr 17.4737 swap 17.6552 best 17.4737
swap between best curr 16.9634 swap 17.4737 best 16.9634
swap between best curr 15.9507 swap 16.9634 best 15.9507
swap between best curr 15.8899 swap 15.9507 best 15.8899
swap in best curr 15.8451 swap 9999 best 15.8899
swap between best curr 15.5249 swap 15.8899 best 15.5249
swap between best curr 11.8077 swap 15.5249 best 11.8077
swap between best curr 11.747 swap 11.8077 best 11.747
swap between best curr 11.3771 swap 11.747 best 11.3771
swap between best curr 11.1351 swap 11.3771 best 11.1351
swap between best curr 10.5531 swap 11.1351 best 10.5531
swap between best curr 10.3858 swap 10.5531 best 10.3858
swap between best curr 10.1042 swap 10.3858 best 10.1042
swap between best curr 10.0343 swap 10.1042 best 10.0343
swap between best curr 9.89909 swap 10.0343 best 9.89909
swap between best curr 9.67318 swap 9.89909 best 9.67318
swap between best curr 9.55781 swap 9.67318 best 9.55781
swap between best curr 6.86104 swap 9.55781 best 6.86104
swap between best curr 6.82755 swap 6.86104 best 6.82755
swap between best curr 6.65613 swap 6.82755 best 6.65613
swap between best curr 6.50006 swap 6.65613 best 6.50006
swap between best curr 6.44166 swap 6.50006 best 6.44166
swap between best curr 6.16448 swap 6.44166 best 6.16448
swap between best curr 6.07388 swap 6.16448 best 6.07388
swap between best curr 6.05907 swap 6.07388 best 6.05907
swap between best curr 5.99205 swap 6.05907 best 5.99205
swap between best curr 5.93029 swap 5.99205 best 5.93029
swap between best curr 5.86755 swap 5.93029 best 5.86755
swap between best curr 5.80551 swap 5.86755 best 5.80551
swap between best curr 5.67502 swap 5.80551 best 5.67502
swap between best curr 5.46839 swap 5.67502 best 5.46839
swap between best curr 5.20354 swap 5.46839 best 5.20354
swap between best curr 5.0242 swap 5.20354 best 5.0242
swap between best curr 4.94819 swap 5.0242 best 4.94819
swap between best curr 4.89119 swap 4.94819 best 4.89119
swap between best curr 4.75064 swap 4.89119 best 4.75064
swap between best curr 4.65758 swap 4.75064 best 4.65758
swap between best curr 4.45395 swap 4.65758 best 4.45395
swap between best curr 3.84735 swap 4.45395 best 3.84735
swap between best curr 3.83022 swap 3.84735 best 3.83022
swap between best curr 3.81211 swap 3.83022 best 3.81211
swap between best curr 3.43971 swap 3.81211 best 3.43971
swap between best curr 3.32128 swap 3.43971 best 3.32128
swap between best curr 2.79746 swap 3.32128 best 2.79746
swap between best curr 2.71355 swap 2.79746 best 2.71355
swap between best curr 2.15383 swap 2.71355 best 2.15383
swap between best curr 2.02897 swap 2.15383 best 2.02897
swap between best curr 1.95769 swap 2.02897 best 1.95769
swap between best curr 1.92613 swap 1.95769 best 1.92613
swap between best curr 1.90023 swap 1.92613 best 1.90023
swap between best curr 1.54943 swap 1.90023 best 1.54943
swap between best curr 1.29316 swap 1.54943 best 1.29316
swap between best curr 0.644829 swap 1.29316 best 0.644829
swap between best curr 0.413303 swap 0.644829 best 0.413303
swap between best curr 0.37923 swap 0.413303 best 0.37923
totalE 700221.582290 extE 699993.000000 
totalE 700221.582290 extE 699993.000000 
totalE 700221.582290 extE 699993.000000 
totalE 700221.582290 extE 699993.000000 
totalE 700221.582290 extE 699993.000000 
totalE 700221.582290 extE 699993.000000 
totalE 700221.582290 extE 699993.000000 
totalE 700221.582290 extE 699993.000000 
totalE 19.498264 extE -5.993781 
totalE 83.950324 extE -6.796916 
totalE 19.498264 extE -5.993781 
best target energy 0.37923
The program has successfully finished in 0 seconds. :)  Bye-bye!
ramaprob initialise success 
transpoints initialise success with 89 transpoints 
grid box initialise succuss 67 57 73 
