found external potential parameters 1 
found external potential parameters 4 
setting constrained list file constrains
Building protein from sequence: ABCDEFGHIGKLMNGPQRSTGVWGYZ.
Building protein from sequence: ABCDEFGHIGKLMNGPQRSTGVWGYZ (26 amino acids, 1 chains).
ABCDEFGHIGKLMNGPQRSTGVWGYZ 26
Building protein from sequence: tlsdyl.
Building protein from sequence: tlsdyl (6 amino acids, 1 chains).
tlsdyl 6
AD Grid maps initialisation finished 
1marking constrained amino acids from file constrains
Constraining amino acids: 1
WARNING! Contact map file 'NULL' given, so no bias interactions will be calculated.
0 0 0 0 0 0  aaa 1 99999 
 aaa 2 99999 
 aaa 3 99999 
 aaa 4 99999 
 aaa 5 99999 
 aaa 6 99999 
SS Energy diag offdiag 599994 99999 99999 99999 99999 99999 99999 
599994 
0 124.241 
0 0.0968463 1.76105 
0 -0.069352 -0.209267 2.05 
0 0 0.096007 -0.215882 1.83491 
0 0 0 -0.0407379 -0.180324 1.74684 
0 0 0 0 0.146666 -0.177494 0.733051 
initial transmutate ATLSDYL 
transmutate!!! 4.855 89.244 23.426
transmutate!!! 4.855 89.244 23.426
begin run with pace 1 stretch 800 
599994 99999 99999 99999 99999 99999 99999 
599994 
0 124.241 
0 0.0968463 1.76105 
0 -0.069352 -0.209267 2.05 
0 0 0.096007 -0.215882 1.83491 
0 0 0 -0.0407379 -0.180324 1.74684 
0 0 0 0 0.146666 -0.177494 0.733051 
creating MC move lookup table.
Sequence:    TLSDYL
Fixed:             
Constrained: x     
Chain:       111111
len 1 bonds, Nchains 1:*0 x1 x2 x3 x4 x5 x6 7+0 != (7-1+(1-0)*1

len 2 bonds, Nchains 1:*0 x1 x2 x3 x4 x5 6+0 != (7-1+(1-1)*1
-1 
len 3 bonds, Nchains 1:*0 x1 x2 x3 x4 5+0 != (7-1+(1-2)*1
-1 -1 
len 4 bonds, Nchains 1:*0 x1 x2 x3 4+0 != (7-1+(1-3)*1
-1 -1 -1 
swap in best curr 325.57 swap 9999 best 99999
swap in best curr 324.462 swap 9999 best 325.57
swap between best curr 321.741 swap 325.57 best 321.741
swap between best curr 314.945 swap 321.741 best 314.945
swap between best curr 306.454 swap 314.945 best 306.454
swap between best curr 303.468 swap 306.454 best 303.468
swap between best curr 302.416 swap 303.468 best 302.416
swap between best curr 295.521 swap 302.416 best 295.521
swap between best curr 294.947 swap 295.521 best 294.947
swap between best curr 286.469 swap 294.947 best 286.469
swap between best curr 285.223 swap 286.469 best 285.223
swap between best curr 283.482 swap 285.223 best 283.482
swap between best curr 279.978 swap 283.482 best 279.978
swap between best curr 274.851 swap 279.978 best 274.851
swap between best curr 269.507 swap 274.851 best 269.507
swap between best curr 269.051 swap 269.507 best 269.051
swap between best curr 266.379 swap 269.051 best 266.379
swap between best curr 260.633 swap 266.379 best 260.633
swap between best curr 255.629 swap 260.633 best 255.629
swap between best curr 240.082 swap 255.629 best 240.082
swap in best curr 216.695 swap 9999 best 240.082
swap in best curr 208.169 swap 9999 best 216.695
swap between best curr 202.88 swap 216.695 best 202.88
swap between best curr 140.825 swap 202.88 best 140.825
swap between best curr 140.817 swap 140.825 best 140.817
swap between best curr 136.024 swap 140.817 best 136.024
swap between best curr 134.843 swap 136.024 best 134.843
swap between best curr 117.018 swap 134.843 best 117.018
swap between best curr 109.554 swap 117.018 best 109.554
swap between best curr 107.651 swap 109.554 best 107.651
swap between best curr 100.278 swap 107.651 best 100.278
swap between best curr 97.9384 swap 100.278 best 97.9384
swap between best curr 97.7778 swap 97.9384 best 97.7778
swap between best curr 94.8826 swap 97.7778 best 94.8826
swap between best curr 94.736 swap 94.8826 best 94.736
swap between best curr 89.9876 swap 94.736 best 89.9876
swap between best curr 88.138 swap 89.9876 best 88.138
swap between best curr 86.132 swap 88.138 best 86.132
swap between best curr 84.5759 swap 86.132 best 84.5759
swap between best curr 81.3941 swap 84.5759 best 81.3941
swap between best curr 80.6007 swap 81.3941 best 80.6007
swap between best curr 80.0637 swap 80.6007 best 80.0637
swap between best curr 79.9489 swap 80.0637 best 79.9489
swap between best curr 79.4485 swap 79.9489 best 79.4485
swap between best curr 77.783 swap 79.4485 best 77.783
swap between best curr 72.9411 swap 77.783 best 72.9411
swap between best curr 65.7254 swap 72.9411 best 65.7254
totalE 600125.813170 extE 599994.000000 
totalE 600125.813170 extE 599994.000000 
totalE 600125.813170 extE 599994.000000 
totalE 600125.813170 extE 599994.000000 
totalE 600125.813170 extE 599994.000000 
totalE 600125.813170 extE 599994.000000 
totalE 600125.813170 extE 599994.000000 
totalE 75.521926 extE 62.459941 
totalE 342.080989 extE 206.081821 
totalE 342.080989 extE 206.081821 
totalE 75.521926 extE 62.459941 
best target energy 65.7254
The program has successfully finished in 0 seconds. :)  Bye-bye!
ramaprob initialise success 
transpoints initialise success with 89 transpoints 
grid box initialise succuss 67 57 73 
