found external potential parameters 1 
found external potential parameters 4 
setting constrained list file constrains
Building protein from sequence: ABCDEFGHIGKLMNGPQRSTGVWGYZ.
Building protein from sequence: ABCDEFGHIGKLMNGPQRSTGVWGYZ (26 amino acids, 1 chains).
ABCDEFGHIGKLMNGPQRSTGVWGYZ 26
Building protein from sequence: tlpdyl.
Building protein from sequence: tlpdyl (6 amino acids, 1 chains).
tlpdyl 6
AD Grid maps initialisation finished 
1marking constrained amino acids from file constrains
Constraining amino acids: 1
WARNING! Contact map file 'NULL' given, so no bias interactions will be calculated.
0 0 0 0 0 0  aaa 1 99999 
 aaa 2 99999 
 aaa 3 99999 
 aaa 4 99999 
 aaa 5 99999 
 aaa 6 99999 
SS Energy diag offdiag 599994 99999 99999 99999 99999 99999 99999 
599994 
0 124.241 
0 0.0968463 1.76105 
0 -0.12453 95.7403 1.77843 
0 0 0.096007 -0.197278 1.83491 
0 0 0 -0.0364727 -0.180324 1.74684 
0 0 0 0 0.146666 -0.177494 0.733051 
initial transmutate ATLPDYL 
transmutate!!! 7.855 85.244 29.426
transmutate!!! 7.855 85.244 29.426
begin run with pace 1 stretch 800 
599994 99999 99999 99999 99999 99999 99999 
599994 
0 124.241 
0 0.0968463 1.76105 
0 -0.12453 95.7403 1.77843 
0 0 0.096007 -0.197278 1.83491 
0 0 0 -0.0364727 -0.180324 1.74684 
0 0 0 0 0.146666 -0.177494 0.733051 
creating MC move lookup table.
Sequence:    TLPDYL
Fixed:             
Constrained: x     
Chain:       111111
len 1 bonds, Nchains 1:*0 x1 x2 x3 x4 x5 x6 7+0 != (7-1+(1-0)*1

len 2 bonds, Nchains 1:*0 x1 x2 x3 x4 x5 6+0 != (7-1+(1-1)*1
-1 
len 3 bonds, Nchains 1:*0 x1 x2 x3 x4 5+0 != (7-1+(1-2)*1
-1 -1 
len 4 bonds, Nchains 1:*0 x1 x2 x3 4+0 != (7-1+(1-3)*1
-1 -1 -1 
swap in best curr 268.658 swap 9999 best 99999
swap in best curr 267.762 swap 9999 best 268.658
swap between best curr 258.979 swap 268.658 best 258.979
swap between best curr 239.43 swap 258.979 best 239.43
swap between best curr 228.076 swap 239.43 best 228.076
swap between best curr 226.545 swap 228.076 best 226.545
swap between best curr 216.953 swap 226.545 best 216.953
swap between best curr 211.815 swap 216.953 best 211.815
swap between best curr 206.932 swap 211.815 best 206.932
swap between best curr 201.268 swap 206.932 best 201.268
swap between best curr 197.485 swap 201.268 best 197.485
swap between best curr 195.988 swap 197.485 best 195.988
swap between best curr 171.501 swap 195.988 best 171.501
swap between best curr 171.455 swap 171.501 best 171.455
swap between best curr 170.868 swap 171.455 best 170.868
swap between best curr 167.629 swap 170.868 best 167.629
swap between best curr 148.935 swap 167.629 best 148.935
swap between best curr 146.053 swap 148.935 best 146.053
swap between best curr 145.042 swap 146.053 best 145.042
swap between best curr 145.038 swap 145.042 best 145.038
swap between best curr 144.768 swap 145.038 best 144.768
swap between best curr 143.866 swap 144.768 best 143.866
swap between best curr 143.748 swap 143.866 best 143.748
swap between best curr 143.733 swap 143.748 best 143.733
swap between best curr 143.382 swap 143.733 best 143.382
swap between best curr 142.989 swap 143.382 best 142.989
swap between best curr 126.901 swap 142.989 best 126.901
swap between best curr 120.481 swap 126.901 best 120.481
swap between best curr 119.564 swap 120.481 best 119.564
swap between best curr 118.596 swap 119.564 best 118.596
swap between best curr 118.507 swap 118.596 best 118.507
swap between best curr 112.368 swap 118.507 best 112.368
swap between best curr 111.711 swap 112.368 best 111.711
swap between best curr 108.935 swap 111.711 best 108.935
swap between best curr 108.467 swap 108.935 best 108.467
swap between best curr 102.551 swap 108.467 best 102.551
swap between best curr 102.331 swap 102.551 best 102.331
swap between best curr 97.3516 swap 102.331 best 97.3516
swap between best curr 71.8746 swap 97.3516 best 71.8746
swap between best curr 71.2431 swap 71.8746 best 71.2431
swap between best curr 67.7962 swap 71.2431 best 67.7962
swap between best curr 64.2488 swap 67.7962 best 64.2488
swap between best curr 62.5304 swap 64.2488 best 62.5304
swap between best curr 62.4044 swap 62.5304 best 62.4044
swap between best curr 58.8546 swap 62.4044 best 58.8546
swap between best curr 56.9826 swap 58.8546 best 56.9826
swap between best curr 56.7748 swap 56.9826 best 56.7748
swap between best curr 56.3366 swap 56.7748 best 56.3366
swap between best curr 55.9197 swap 56.3366 best 55.9197
swap between best curr 55.8232 swap 55.9197 best 55.8232
swap between best curr 55.472 swap 55.8232 best 55.472
swap between best curr 55.3976 swap 55.472 best 55.3976
swap between best curr 50.1153 swap 55.3976 best 50.1153
swap between best curr 45.2694 swap 50.1153 best 45.2694
swap between best curr 44.8274 swap 45.2694 best 44.8274
swap between best curr 44.666 swap 44.8274 best 44.666
swap between best curr 44.1131 swap 44.666 best 44.1131
swap between best curr 38.0195 swap 44.1131 best 38.0195
swap between best curr 37.8682 swap 38.0195 best 37.8682
swap between best curr 37.8655 swap 37.8682 best 37.8655
swap between best curr 37.512 swap 37.8655 best 37.512
swap between best curr 37.3434 swap 37.512 best 37.3434
swap between best curr 37.3274 swap 37.3434 best 37.3274
swap between best curr 36.8758 swap 37.3274 best 36.8758
swap between best curr 36.6422 swap 36.8758 best 36.6422
swap between best curr 34.9008 swap 36.6422 best 34.9008
swap between best curr 34.34 swap 34.9008 best 34.34
swap between best curr 33.0686 swap 34.34 best 33.0686
swap between best curr 32.744 swap 33.0686 best 32.744
swap between best curr 28.9619 swap 32.744 best 28.9619
swap between best curr 28.8246 swap 28.9619 best 28.8246
swap between best curr 28.6949 swap 28.8246 best 28.6949
swap between best curr 28.3456 swap 28.6949 best 28.3456
swap between best curr 27.4972 swap 28.3456 best 27.4972
swap between best curr 27.2849 swap 27.4972 best 27.2849
swap between best curr 26.4374 swap 27.2849 best 26.4374
swap between best curr 25.2874 swap 26.4374 best 25.2874
swap between best curr 25.2367 swap 25.2874 best 25.2367
swap between best curr 25.2025 swap 25.2367 best 25.2025
swap between best curr 24.4065 swap 25.2025 best 24.4065
totalE 600221.458855 extE 599994.000000 
totalE 600221.458855 extE 599994.000000 
totalE 600221.458855 extE 599994.000000 
totalE 600221.458855 extE 599994.000000 
totalE 600221.458855 extE 599994.000000 
totalE 600221.458855 extE 599994.000000 
totalE 600221.458855 extE 599994.000000 
totalE 600221.458855 extE 599994.000000 
totalE 600221.458855 extE 599994.000000 
totalE 60.233398 extE 12.464175 
totalE 60.233398 extE 12.464175 
best target energy 24.4065
The program has successfully finished in 0 seconds. :)  Bye-bye!
ramaprob initialise success 
transpoints initialise success with 89 transpoints 
grid box initialise succuss 67 57 73 
