found external potential parameters 1 
found external potential parameters 4 
setting constrained list file constrains
Building protein from sequence: ABCDEFGHIGKLMNGPQRSTGVWGYZ.
Building protein from sequence: ABCDEFGHIGKLMNGPQRSTGVWGYZ (26 amino acids, 1 chains).
ABCDEFGHIGKLMNGPQRSTGVWGYZ 26
Building protein from sequence: klsdyc.
Building protein from sequence: klsdyc (6 amino acids, 1 chains).
klsdyc 6
AD Grid maps initialisation finished 
1marking constrained amino acids from file constrains
Constraining amino acids: 1
WARNING! Contact map file 'NULL' given, so no bias interactions will be calculated.
0 0 0 0 0 0  aaa 1 99999 
 aaa 2 99999 
 aaa 3 99999 
 aaa 4 99999 
 aaa 5 99999 
 aaa 6 99999 
SS Energy diag offdiag 599994 99999 99999 99999 99999 99999 99999 
599994 
0 124.172 
0 -0.192494 1.76105 
0 -0.0432652 -0.209267 2.05 
0 0 0.096007 -0.215882 1.83491 
0 0 0 -0.0407379 -0.180324 1.74684 
0 0 0 -0.000120035 -0.0662753 -0.210273 30.736 
initial transmutate AKLSDYC 
transmutate!!! 9.855 94.244 24.426
transmutate!!! 9.855 94.244 24.426
begin run with pace 1 stretch 800 
599994 99999 99999 99999 99999 99999 99999 
599994 
0 124.172 
0 -0.192494 1.76105 
0 -0.0432652 -0.209267 2.05 
0 0 0.096007 -0.215882 1.83491 
0 0 0 -0.0407379 -0.180324 1.74684 
0 0 0 -0.000120035 -0.0662753 -0.210273 30.736 
creating MC move lookup table.
Sequence:    KLSDYC
Fixed:             
Constrained: x     
Chain:       111111
len 1 bonds, Nchains 1:*0 x1 x2 x3 x4 x5 x6 7+0 != (7-1+(1-0)*1

len 2 bonds, Nchains 1:*0 x1 x2 x3 x4 x5 6+0 != (7-1+(1-1)*1
-1 
len 3 bonds, Nchains 1:*0 x1 x2 x3 x4 5+0 != (7-1+(1-2)*1
-1 -1 
len 4 bonds, Nchains 1:*0 x1 x2 x3 4+0 != (7-1+(1-3)*1
-1 -1 -1 
swap in best curr 341.117 swap 9999 best 99999
swap in best curr 299.555 swap 9999 best 341.117
swap between best curr 292.375 swap 341.117 best 292.375
swap between best curr 253.207 swap 292.375 best 253.207
swap between best curr 236.646 swap 253.207 best 236.646
swap between best curr 216.199 swap 236.646 best 216.199
swap between best curr 214.353 swap 216.199 best 214.353
swap between best curr 213.819 swap 214.353 best 213.819
swap between best curr 192.995 swap 213.819 best 192.995
swap between best curr 187.947 swap 192.995 best 187.947
swap between best curr 165.588 swap 187.947 best 165.588
swap between best curr 133.595 swap 165.588 best 133.595
swap between best curr 123.36 swap 133.595 best 123.36
swap between best curr 103.547 swap 123.36 best 103.547
swap between best curr 82.2362 swap 103.547 best 82.2362
swap between best curr 61.3055 swap 82.2362 best 61.3055
swap between best curr 54.5094 swap 61.3055 best 54.5094
swap between best curr 50.2616 swap 54.5094 best 50.2616
swap between best curr 47.4235 swap 50.2616 best 47.4235
swap between best curr 46.804 swap 47.4235 best 46.804
swap between best curr 46.3631 swap 46.804 best 46.3631
swap between best curr 40.7557 swap 46.3631 best 40.7557
swap between best curr 38.8827 swap 40.7557 best 38.8827
swap between best curr 35.9631 swap 38.8827 best 35.9631
swap between best curr 35.5805 swap 35.9631 best 35.5805
swap between best curr 25.883 swap 35.5805 best 25.883
swap between best curr 25.576 swap 25.883 best 25.576
swap between best curr 23.7477 swap 25.576 best 23.7477
swap between best curr 23.5767 swap 23.7477 best 23.5767
swap between best curr 23.2093 swap 23.5767 best 23.2093
swap between best curr 23.1988 swap 23.2093 best 23.1988
swap between best curr 23.1783 swap 23.1988 best 23.1783
swap between best curr 22.906 swap 23.1783 best 22.906
swap between best curr 22.8376 swap 22.906 best 22.8376
swap between best curr 22.6595 swap 22.8376 best 22.6595
swap between best curr 21.9148 swap 22.6595 best 21.9148
swap between best curr 21.6279 swap 21.9148 best 21.6279
swap between best curr 21.4833 swap 21.6279 best 21.4833
swap between best curr 21.2171 swap 21.4833 best 21.2171
swap between best curr 21.0995 swap 21.2171 best 21.0995
swap between best curr 19.9872 swap 21.0995 best 19.9872
swap between best curr 19.9746 swap 19.9872 best 19.9746
swap between best curr 19.7204 swap 19.9746 best 19.7204
swap between best curr 18.817 swap 19.7204 best 18.817
swap between best curr 18.8127 swap 18.817 best 18.8127
swap between best curr 18.766 swap 18.8127 best 18.766
swap between best curr 18.7057 swap 18.766 best 18.7057
swap between best curr 17.3053 swap 18.7057 best 17.3053
swap between best curr 17.1037 swap 17.3053 best 17.1037
swap between best curr 16.9613 swap 17.1037 best 16.9613
swap between best curr 16.6124 swap 16.9613 best 16.6124
swap between best curr 16.4677 swap 16.6124 best 16.4677
swap between best curr 16.0657 swap 16.4677 best 16.0657
swap between best curr 15.9307 swap 16.0657 best 15.9307
swap between best curr 15.8598 swap 15.9307 best 15.8598
swap between best curr 14.1651 swap 15.8598 best 14.1651
swap between best curr 13.8564 swap 14.1651 best 13.8564
swap between best curr 12.3715 swap 13.8564 best 12.3715
swap between best curr 11.9396 swap 12.3715 best 11.9396
swap between best curr 11.1696 swap 11.9396 best 11.1696
swap between best curr 11.0286 swap 11.1696 best 11.0286
swap between best curr 10.6274 swap 11.0286 best 10.6274
swap between best curr 10.3766 swap 10.6274 best 10.3766
swap between best curr 9.30619 swap 10.3766 best 9.30619
swap between best curr 8.98304 swap 9.30619 best 8.98304
swap between best curr 8.82715 swap 8.98304 best 8.82715
swap between best curr 8.51829 swap 8.82715 best 8.51829
swap between best curr 8.28809 swap 8.51829 best 8.28809
swap between best curr 7.35363 swap 8.28809 best 7.35363
swap between best curr 6.843 swap 7.35363 best 6.843
swap between best curr 6.09904 swap 6.843 best 6.09904
swap between best curr 5.85754 swap 6.09904 best 5.85754
swap between best curr 4.993 swap 5.85754 best 4.993
swap between best curr 3.46408 swap 4.993 best 3.46408
swap between best curr 2.59956 swap 3.46408 best 2.59956
swap between best curr 2.58546 swap 2.59956 best 2.58546
swap between best curr 2.16249 swap 2.58546 best 2.16249
swap between best curr 1.31785 swap 2.16249 best 1.31785
swap between best curr 1.2433 swap 1.31785 best 1.2433
swap between best curr 1.06765 swap 1.2433 best 1.06765
swap between best curr 0.842848 swap 1.06765 best 0.842848
swap between best curr 0.683294 swap 0.842848 best 0.683294
swap between best curr 0.611724 swap 0.683294 best 0.611724
swap between best curr 0.58165 swap 0.611724 best 0.58165
swap between best curr 0.496587 swap 0.58165 best 0.496587
swap between best curr 0.468728 swap 0.496587 best 0.468728
swap between best curr 0.282747 swap 0.468728 best 0.282747
swap between best curr 0.262396 swap 0.282747 best 0.262396
swap between best curr 0.109349 swap 0.262396 best 0.109349
swap between best curr -0.217776 swap 0.109349 best -0.217776
totalE 22.083186 extE -7.651430 
swap between best curr -0.532845 swap -0.217776 best -0.532845
totalE 20.238395 extE -7.456591 
swap between best curr -0.581497 swap -0.532845 best -0.581497
totalE 20.371395 extE -7.565794 
swap between best curr -0.685273 swap -0.581497 best -0.685273
totalE 20.267619 extE -7.669570 
swap between best curr -1.29314 swap -0.685273 best -1.29314
totalE 20.006055 extE -8.392875 
swap between best curr -1.34222 swap -1.29314 best -1.34222
totalE 20.014122 extE -8.460998 
swap between best curr -1.58753 swap -1.34222 best -1.58753
totalE 18.654355 extE -8.334819 
swap between best curr -1.74207 swap -1.58753 best -1.74207
totalE 18.346715 extE -8.438329 
swap between best curr -2.04941 swap -1.74207 best -2.04941
totalE 17.428888 extE -8.542179 
swap between best curr -2.97639 swap -2.04941 best -2.97639
totalE 13.846978 extE -8.584184 
swap between best curr -2.97871 swap -2.97639 best -2.97871
totalE 14.138085 extE -8.684308 
swap between best curr -3.01587 swap -2.97871 best -3.01587
totalE 12.501110 extE -8.188198 
swap between best curr -5.05119 swap -3.01587 best -5.05119
totalE 3.850441 extE -8.018406 
swap between best curr -5.64423 swap -5.05119 best -5.64423
totalE 1.669081 extE -8.082001 
swap between best curr -5.65578 swap -5.64423 best -5.65578
totalE 1.709910 extE -8.111014 
swap between best curr -5.71735 swap -5.65578 best -5.71735
totalE 1.595895 extE -8.155095 
swap between best curr -5.77716 swap -5.71735 best -5.77716
totalE 4.030495 extE -9.046375 
swap between best curr -5.7821 swap -5.77716 best -5.7821
totalE 1.992832 extE -8.373750 
swap between best curr -7.18687 swap -5.7821 best -7.18687
totalE -2.812316 extE -8.645056 
swap between best curr -7.22534 swap -7.18687 best -7.22534
totalE -2.188762 extE -8.904198 
swap between best curr -7.44756 swap -7.22534 best -7.44756
totalE -2.410981 extE -9.126417 
swap between best curr -7.79911 swap -7.44756 best -7.79911
totalE -2.948601 extE -9.415950 
swap between best curr -7.85929 swap -7.79911 best -7.85929
totalE -3.310076 extE -9.375700 
swap between best curr -8.26672 swap -7.85929 best -8.26672
totalE -3.464542 extE -9.867441 
swap between best curr -8.51289 swap -8.26672 best -8.51289
totalE -3.710717 extE -10.113615 
swap between best curr -8.55639 swap -8.51289 best -8.55639
totalE -4.349440 extE -9.958705 
swap between best curr -9.061 swap -8.55639 best -9.061
totalE -5.225683 extE -10.339444 
swap between best curr -9.0688 swap -9.061 best -9.0688
totalE -5.424364 extE -10.283614 
totalE 600155.237743 extE 599994.000000 
totalE 600155.237743 extE 599994.000000 
totalE 600155.237743 extE 599994.000000 
totalE 600155.237743 extE 599994.000000 
totalE 600155.237743 extE 599994.000000 
totalE 600155.237743 extE 599994.000000 
totalE 600155.237743 extE 599994.000000 
totalE 600155.237743 extE 599994.000000 
totalE 600155.237743 extE 599994.000000 
totalE -5.424364 extE -10.283614 
totalE -5.424364 extE -10.283614 
best target energy -9.0688
The program has successfully finished in 0 seconds. :)  Bye-bye!
ramaprob initialise success 
transpoints initialise success with 89 transpoints 
grid box initialise succuss 67 57 73 
